ARM Linker, 5.03 [Build 76] [MDK-ARM Standard]

==============================================================================

Section Cross References

    stm32f10x_adc.o(i.ADC_DeInit) refers to stm32f10x_rcc.o(i.RCC_APB2PeriphResetCmd) for RCC_APB2PeriphResetCmd
    stm32f10x_bkp.o(i.BKP_DeInit) refers to stm32f10x_rcc.o(i.RCC_BackupResetCmd) for RCC_BackupResetCmd
    stm32f10x_can.o(i.CAN_DeInit) refers to stm32f10x_rcc.o(i.RCC_APB1PeriphResetCmd) for RCC_APB1PeriphResetCmd
    stm32f10x_can.o(i.CAN_GetITStatus) refers to stm32f10x_can.o(i.CheckITStatus) for CheckITStatus
    stm32f10x_cec.o(i.CEC_DeInit) refers to stm32f10x_rcc.o(i.RCC_APB1PeriphResetCmd) for RCC_APB1PeriphResetCmd
    stm32f10x_dac.o(i.DAC_DeInit) refers to stm32f10x_rcc.o(i.RCC_APB1PeriphResetCmd) for RCC_APB1PeriphResetCmd
    stm32f10x_flash.o(i.FLASH_EnableWriteProtection) refers to stm32f10x_flash.o(i.FLASH_WaitForLastOperation) for FLASH_WaitForLastOperation
    stm32f10x_flash.o(i.FLASH_EraseAllBank1Pages) refers to stm32f10x_flash.o(i.FLASH_WaitForLastBank1Operation) for FLASH_WaitForLastBank1Operation
    stm32f10x_flash.o(i.FLASH_EraseAllPages) refers to stm32f10x_flash.o(i.FLASH_WaitForLastOperation) for FLASH_WaitForLastOperation
    stm32f10x_flash.o(i.FLASH_EraseOptionBytes) refers to stm32f10x_flash.o(i.FLASH_GetReadOutProtectionStatus) for FLASH_GetReadOutProtectionStatus
    stm32f10x_flash.o(i.FLASH_EraseOptionBytes) refers to stm32f10x_flash.o(i.FLASH_WaitForLastOperation) for FLASH_WaitForLastOperation
    stm32f10x_flash.o(i.FLASH_ErasePage) refers to stm32f10x_flash.o(i.FLASH_WaitForLastOperation) for FLASH_WaitForLastOperation
    stm32f10x_flash.o(i.FLASH_ProgramHalfWord) refers to stm32f10x_flash.o(i.FLASH_WaitForLastOperation) for FLASH_WaitForLastOperation
    stm32f10x_flash.o(i.FLASH_ProgramOptionByteData) refers to stm32f10x_flash.o(i.FLASH_WaitForLastOperation) for FLASH_WaitForLastOperation
    stm32f10x_flash.o(i.FLASH_ProgramWord) refers to stm32f10x_flash.o(i.FLASH_WaitForLastOperation) for FLASH_WaitForLastOperation
    stm32f10x_flash.o(i.FLASH_ReadOutProtection) refers to stm32f10x_flash.o(i.FLASH_WaitForLastOperation) for FLASH_WaitForLastOperation
    stm32f10x_flash.o(i.FLASH_UserOptionByteConfig) refers to stm32f10x_flash.o(i.FLASH_WaitForLastOperation) for FLASH_WaitForLastOperation
    stm32f10x_flash.o(i.FLASH_WaitForLastBank1Operation) refers to stm32f10x_flash.o(i.FLASH_GetBank1Status) for FLASH_GetBank1Status
    stm32f10x_flash.o(i.FLASH_WaitForLastOperation) refers to stm32f10x_flash.o(i.FLASH_GetBank1Status) for FLASH_GetBank1Status
    stm32f10x_gpio.o(i.GPIO_AFIODeInit) refers to stm32f10x_rcc.o(i.RCC_APB2PeriphResetCmd) for RCC_APB2PeriphResetCmd
    stm32f10x_gpio.o(i.GPIO_DeInit) refers to stm32f10x_rcc.o(i.RCC_APB2PeriphResetCmd) for RCC_APB2PeriphResetCmd
    stm32f10x_i2c.o(i.I2C_DeInit) refers to stm32f10x_rcc.o(i.RCC_APB1PeriphResetCmd) for RCC_APB1PeriphResetCmd
    stm32f10x_i2c.o(i.I2C_Init) refers to stm32f10x_rcc.o(i.RCC_GetClocksFreq) for RCC_GetClocksFreq
    stm32f10x_pwr.o(i.PWR_DeInit) refers to stm32f10x_rcc.o(i.RCC_APB1PeriphResetCmd) for RCC_APB1PeriphResetCmd
    stm32f10x_rcc.o(i.RCC_GetClocksFreq) refers to stm32f10x_rcc.o(.data) for APBAHBPrescTable
    stm32f10x_rcc.o(i.RCC_WaitForHSEStartUp) refers to stm32f10x_rcc.o(i.RCC_GetFlagStatus) for RCC_GetFlagStatus
    stm32f10x_rtc.o(i.RTC_SetAlarm) refers to stm32f10x_rtc.o(i.RTC_EnterConfigMode) for RTC_EnterConfigMode
    stm32f10x_rtc.o(i.RTC_SetAlarm) refers to stm32f10x_rtc.o(i.RTC_ExitConfigMode) for RTC_ExitConfigMode
    stm32f10x_rtc.o(i.RTC_SetCounter) refers to stm32f10x_rtc.o(i.RTC_EnterConfigMode) for RTC_EnterConfigMode
    stm32f10x_rtc.o(i.RTC_SetCounter) refers to stm32f10x_rtc.o(i.RTC_ExitConfigMode) for RTC_ExitConfigMode
    stm32f10x_rtc.o(i.RTC_SetPrescaler) refers to stm32f10x_rtc.o(i.RTC_EnterConfigMode) for RTC_EnterConfigMode
    stm32f10x_rtc.o(i.RTC_SetPrescaler) refers to stm32f10x_rtc.o(i.RTC_ExitConfigMode) for RTC_ExitConfigMode
    stm32f10x_spi.o(i.I2S_Init) refers to stm32f10x_rcc.o(i.RCC_GetClocksFreq) for RCC_GetClocksFreq
    stm32f10x_spi.o(i.SPI_I2S_DeInit) refers to stm32f10x_rcc.o(i.RCC_APB2PeriphResetCmd) for RCC_APB2PeriphResetCmd
    stm32f10x_spi.o(i.SPI_I2S_DeInit) refers to stm32f10x_rcc.o(i.RCC_APB1PeriphResetCmd) for RCC_APB1PeriphResetCmd
    stm32f10x_tim.o(i.TIM_DeInit) refers to stm32f10x_rcc.o(i.RCC_APB2PeriphResetCmd) for RCC_APB2PeriphResetCmd
    stm32f10x_tim.o(i.TIM_DeInit) refers to stm32f10x_rcc.o(i.RCC_APB1PeriphResetCmd) for RCC_APB1PeriphResetCmd
    stm32f10x_tim.o(i.TIM_ETRClockMode1Config) refers to stm32f10x_tim.o(i.TIM_ETRConfig) for TIM_ETRConfig
    stm32f10x_tim.o(i.TIM_ETRClockMode2Config) refers to stm32f10x_tim.o(i.TIM_ETRConfig) for TIM_ETRConfig
    stm32f10x_tim.o(i.TIM_ICInit) refers to stm32f10x_tim.o(i.TI1_Config) for TI1_Config
[...]
    DebugMon_Handler                         0x08006be9   Thumb Code     2  stm32f10x_it.o(i.DebugMon_Handler)
    Decimal_Bcd                              0x08006beb   Thumb Code    20  text.o(i.Decimal_Bcd)
    DeviceList_Init                          0x08006c01   Thumb Code   112  tos_device.o(i.DeviceList_Init)
    DeviceList_Printf                        0x08006c81   Thumb Code   182  tos_device.o(i.DeviceList_Printf)
    DeviceMount_HT1621                       0x08006d69   Thumb Code   180  main.o(i.DeviceMount_HT1621)
    DeviceMount_IO                           0x08006e35   Thumb Code   180  main.o(i.DeviceMount_IO)
    DeviceMount_ISL1208                      0x08006efd   Thumb Code   180  main.o(i.DeviceMount_ISL1208)
    DeviceMount_Uart                         0x08006fc9   Thumb Code   398  usart_driver.o(i.DeviceMount_Uart)
    DeviceMount_Usart                        0x08007191   Thumb Code    18  usart_driver.o(i.DeviceMount_Usart)
    DeviceMount_W25Q16                       0x080071a5   Thumb Code   164  main.o(i.DeviceMount_W25Q16)
    Device_Init                              0x08007269   Thumb Code   152  tos_device.o(i.Device_Init)
    Device_Ok                                0x08007321   Thumb Code    30  tos_device.o(i.Device_Ok)
    DownLoad_BootLoader                      0x08007345   Thumb Code   608  main.o(i.DownLoad_BootLoader)
    EXTI1_IRQHandler                         0x08007629   Thumb Code    18  main.o(i.EXTI1_IRQHandler)
    EXTI_ClearITPendingBit                   0x0800763d   Thumb Code     6  stm32f10x_exti.o(i.EXTI_ClearITPendingBit)
    EXTI_Init                                0x08007649   Thumb Code   142  stm32f10x_exti.o(i.EXTI_Init)
    Exit_Init                                0x080076dd   Thumb Code    94  main.o(i.Exit_Init)
    FLASH_ErasePage                          0x08007741   Thumb Code    72  stm32f10x_flash.o(i.FLASH_ErasePage)
    FLASH_GetBank1Status                     0x0800778d   Thumb Code    48  stm32f10x_flash.o(i.FLASH_GetBank1Status)
    FLASH_Lock                               0x080077c1   Thumb Code    14  stm32f10x_flash.o(i.FLASH_Lock)
    FLASH_ProgramBootStart                   0x080077d5   Thumb Code    58  main.o(i.FLASH_ProgramBootStart)
    FLASH_ProgramDone                        0x0800780f   Thumb Code     8  main.o(i.FLASH_ProgramDone)
    FLASH_ProgramHalfWord                    0x08007819   Thumb Code    60  stm32f10x_flash.o(i.FLASH_ProgramHalfWord)
    FLASH_Unlock                             0x08007859   Thumb Code    12  stm32f10x_flash.o(i.FLASH_Unlock)
    FLASH_WaitForLastOperation               0x08007871   Thumb Code    38  stm32f10x_flash.o(i.FLASH_WaitForLastOperation)
    FLASH_WriteBank                          0x08007897   Thumb Code    56  main.o(i.FLASH_WriteBank)
    FindFloatFromString                      0x080078cf   Thumb Code   162  text.o(i.FindFloatFromString)
    FindHexFromString                        0x08007971   Thumb Code   162  text.o(i.FindHexFromString)
    FindNumFromString                        0x08007a13   Thumb Code   138  text.o(i.FindNumFromString)
    FindStringFromString                     0x08007a9d   Thumb Code   114  main.o(i.FindStringFromString)
    Flash_ReadData                           0x08007b0f   Thumb Code    28  appconfig.o(i.Flash_ReadData)
    Flash_WriteData                          0x08007b2b   Thumb Code   112  appconfig.o(i.Flash_WriteData)
    Float32FromByte                          0x08007b9b   Thumb Code     8  text.o(i.Float32FromByte)
    Float32ToByte                            0x08007ba3   Thumb Code    46  text.o(i.Float32ToByte)
    FlowPoolFilter                           0x08007bd1   Thumb Code    58  text.o(i.FlowPoolFilter)
    FmtToBuf                                 0x08007c0b   Thumb Code    30  text.o(i.FmtToBuf)
    GBKToString                              0x08007c29   Thumb Code    62  main.o(i.GBKToString)
    GBKToUniCode                             0x08007c67   Thumb Code    32  main.o(i.GBKToUniCode)
    GBKToUnicode                             0x08007c89   Thumb Code    38  main.o(i.GBKToUnicode)
    GPIO_DeInit                              0x08007cb5   Thumb Code   172  stm32f10x_gpio.o(i.GPIO_DeInit)
    GPIO_EXTILineConfig                      0x08007d7d   Thumb Code    60  stm32f10x_gpio.o(i.GPIO_EXTILineConfig)
    GPIO_Init                                0x08007dbd   Thumb Code   274  stm32f10x_gpio.o(i.GPIO_Init)
    GPIO_InitList                            0x08007ed1   Thumb Code   126  stm32_cpu.o(i.GPIO_InitList)
    GPIO_ReadInputDataBit                    0x08007f59   Thumb Code    18  stm32f10x_gpio.o(i.GPIO_ReadInputDataBit)
    GPIO_ResetBits                           0x08007f6b   Thumb Code     4  stm32f10x_gpio.o(i.GPIO_ResetBits)
    GPIO_SetBits                             0x08007f6f   Thumb Code     4  stm32f10x_gpio.o(i.GPIO_SetBits)
    GPIO_Set_PWR                             0x08007f75   Thumb Code    68  main.o(i.GPIO_Set_PWR)
    GPIO_Set_ShowOnly                        0x08007fbd   Thumb Code    42  main.o(i.GPIO_Set_ShowOnly)
    GPRS_Ack                                 0x08007fed   Thumb Code    86  main.o(i.GPRS_Ack)
    GPRS_AckDelay                            0x08008059   Thumb Code   102  main.o(i.GPRS_AckDelay)
    GPRS_AckTwo                              0x080080d5   Thumb Code   110  main.o(i.GPRS_AckTwo)
    GPRS_CheckIpTrue                         0x08008159   Thumb Code    88  text.o(i.GPRS_CheckIpTrue)
    GPRS_CloseNet                            0x080081b1   Thumb Code    88  main.o(i.GPRS_CloseNet)
    GPRS_CommandAck                          0x08008245   Thumb Code    32  main.o(i.GPRS_CommandAck)
    GPRS_CommandAckCount                     0x08008271   Thumb Code   140  main.o(i.GPRS_CommandAckCount)
    GPRS_Connect                             0x08008311   Thumb Code   148  main.o(i.GPRS_Connect)
    GPRS_Printf                              0x08008405   Thumb Code    92  main.o(i.GPRS_Printf)
    GPRS_PrintfString                        0x08008485   Thumb Code    56  main.o(i.GPRS_PrintfString)
    GPRS_WhileAck                            0x080084cd   Thumb Code    46  main.o(i.GPRS_WhileAck)
    GetChar_List                             0x080084fb   Thumb Code   128  debug.o(i.GetChar_List)
    GetCodeStr16                             0x0800857d   Thumb Code   124  main.o(i.GetCodeStr16)
    GetCodeStr18                             0x080085fd   Thumb Code    96  main.o(i.GetCodeStr18)
    GetCodeStr64                             0x08008661   Thumb Code   106  stm32_cpu.o(i.GetCodeStr64)
    GetHexFromString                         0x080086d1   Thumb Code   228  text.o(i.GetHexFromString)
    GetStringByFmt                           0x080087b5   Thumb Code    36  text.o(i.GetStringByFmt)
    GetStringToNumber                        0x080087d9   Thumb Code   178  text.o(i.GetStringToNumber)
    GetTextLength                            0x0800889d   Thumb Code    24  text.o(i.GetTextLength)
    GetTosTask_Count                         0x080088b5   Thumb Code    38  stm32_cpu.o(i.GetTosTask_Count)
    GetUnicodeString                         0x080088e1   Thumb Code    36  main.o(i.GetUnicodeString)
    GetWordFromBytes                         0x0800890d   Thumb Code    38  text.o(i.GetWordFromBytes)
    Get_Mon                                  0x08008935   Thumb Code   176  main.o(i.Get_Mon)
    Get_PragmDateTime                        0x08008a15   Thumb Code    64  main.o(i.Get_PragmDateTime)
    Get_PrintfRecordCount                    0x08008a69   Thumb Code    70  main.o(i.Get_PrintfRecordCount)
    HT1621_Init                              0x08008ac1   Thumb Code    68  main.o(i.HT1621_Init)
    HandKey_GetValue                         0x08008b09   Thumb Code    46  main.o(i.HandKey_GetValue)
    HardFault_Handler                        0x08008b41   Thumb Code     8  stm32f10x_it.o(i.HardFault_Handler)
    Ht1621Wr_Cmd                             0x08008b49   Thumb Code    54  main.o(i.Ht1621Wr_Cmd)
    Ht1621Wr_Data                            0x08008b85   Thumb Code    90  main.o(i.Ht1621Wr_Data)
    Ht1621_Delay                             0x08008be5   Thumb Code    20  main.o(i.Ht1621_Delay)
    Ht1621_DrawBase                          0x08008bf9   Thumb Code    52  main.o(i.Ht1621_DrawBase)
    Ht1621_DrawHome                          0x08008c31   Thumb Code  1048  main.o(i.Ht1621_DrawHome)
    Ht1621_DrawIO                            0x08009049   Thumb Code   886  main.o(i.Ht1621_DrawIO)
    Ht1621_DrawLUX                           0x080093f5   Thumb Code  1150  main.o(i.Ht1621_DrawLUX)
    Ht1621_DrawMenu                          0x0800987d   Thumb Code    98  main.o(i.Ht1621_DrawMenu)
    Ht1621_DrawSongbo                        0x08009915   Thumb Code   904  main.o(i.Ht1621_DrawSongbo)
    Ht1621_DrawTime                          0x08009cc9   Thumb Code   190  main.o(i.Ht1621_DrawTime)
    Ht1621_DrawUpDown                        0x08009d91   Thumb Code   438  main.o(i.Ht1621_DrawUpDown)
    Ht1621_DrawZFS                           0x08009f6d   Thumb Code  1150  main.o(i.Ht1621_DrawZFS)
    Ht1621_GetCode                           0x0800a3f5   Thumb Code    22  main.o(i.Ht1621_GetCode)
    Ht1621_SHowDownStr                       0x0800a411   Thumb Code    82  main.o(i.Ht1621_SHowDownStr)
    Ht1621_SHowDownStr1                      0x0800a469   Thumb Code    82  main.o(i.Ht1621_SHowDownStr1)
    Ht1621_SHowDownString                    0x0800a4c1   Thumb Code   172  main.o(i.Ht1621_SHowDownString)
    Ht1621_SHowUpString                      0x0800a571   Thumb Code   174  main.o(i.Ht1621_SHowUpString)
    Ht1621_ShowASCII                         0x0800a625   Thumb Code    40  main.o(i.Ht1621_ShowASCII)
    Ht1621_WriteReg                          0x0800a651   Thumb Code    62  main.o(i.Ht1621_WriteReg)
    I2C_Drop                                 0x0800a695   Thumb Code    14  i2c_driver.o(i.I2C_Drop)
    I2C_ReadDatas                            0x0800a6a3   Thumb Code   124  i2c_driver.o(i.I2C_ReadDatas)
    I2C_RecvBytes                            0x0800a71f   Thumb Code   112  i2c_driver.o(i.I2C_RecvBytes)
    I2C_SendAck                              0x0800a78f   Thumb Code    44  i2c_driver.o(i.I2C_SendAck)
    I2C_SendBytes                            0x0800a7bb   Thumb Code   138  i2c_driver.o(i.I2C_SendBytes)
    I2C_Start                                0x0800a845   Thumb Code    46  i2c_driver.o(i.I2C_Start)
    I2C_Stop                                 0x0800a873   Thumb Code    36  i2c_driver.o(i.I2C_Stop)
    I2C_WriteDatas                           0x0800a897   Thumb Code    92  i2c_driver.o(i.I2C_WriteDatas)
    IAP_ErasePage                            0x0800a8f3   Thumb Code    12  stm32_cpu.o(i.IAP_ErasePage)
    IAP_Lock                                 0x0800a8ff   Thumb Code     8  stm32_cpu.o(i.IAP_Lock)
    IAP_ProgramHalfWord                      0x0800a91f   Thumb Code    16  stm32_cpu.o(i.IAP_ProgramHalfWord)
    IAP_Unlock                               0x0800a92f   Thumb Code     8  stm32_cpu.o(i.IAP_Unlock)
    IIC_DelayUs                              0x0800a937   Thumb Code    14  main.o(i.IIC_DelayUs)
    IIC_ReadAck                              0x0800a98d   Thumb Code    76  main.o(i.IIC_ReadAck)
    IIC_Reads                                0x0800a9d9   Thumb Code   152  main.o(i.IIC_Reads)
    IIC_RecvByte                             0x0800aa79   Thumb Code    96  main.o(i.IIC_RecvByte)
    IIC_SendAck                              0x0800aad9   Thumb Code    64  main.o(i.IIC_SendAck)
    IIC_SendByte                             0x0800ab19   Thumb Code    88  main.o(i.IIC_SendByte)
    IIC_Start                                0x0800ab71   Thumb Code    56  main.o(i.IIC_Start)
    IIC_Stop                                 0x0800aba9   Thumb Code    56  main.o(i.IIC_Stop)
    IIC_WriteCmd                             0x0800abe1   Thumb Code    36  main.o(i.IIC_WriteCmd)
    IO_Read_Value                            0x0800ac05   Thumb Code    96  main.o(i.IO_Read_Value)
    ISL1208_GPIO_Init                        0x0800ac6d   Thumb Code    68  main.o(i.ISL1208_GPIO_Init)
    ISL1208_GetATR                           0x0800acb5   Thumb Code    44  main.o(i.ISL1208_GetATR)
    ISL1208_GetDateTime                      0x0800ace5   Thumb Code   116  main.o(i.ISL1208_GetDateTime)
    ISL1208_IOCONTROL                        0x0800ad59   Thumb Code   120  main.o(i.ISL1208_IOCONTROL)
    ISL1208_Init                             0x0800add5   Thumb Code   184  main.o(i.ISL1208_Init)
    ISL1208_ReadReg                          0x0800ae95   Thumb Code    28  main.o(i.ISL1208_ReadReg)
    ISL1208_SetAlarm                         0x0800aeb5   Thumb Code   158  main.o(i.ISL1208_SetAlarm)
    ISL1208_SetDateTime                      0x0800af53   Thumb Code    96  main.o(i.ISL1208_SetDateTime)
    ISL1208_WriteReg                         0x0800afb5   Thumb Code    28  main.o(i.ISL1208_WriteReg)
    Load_AppConfig                           0x0800afd5   Thumb Code    20  appconfig.o(i.Load_AppConfig)
    Load_VoidConfig                          0x0800aff1   Thumb Code   102  appconfig.o(i.Load_VoidConfig)
    MCU_Reset                                0x0800b059   Thumb Code    32  stm32_cpu.o(i.MCU_Reset)
    MSG_Delete                               0x0800b081   Thumb Code    30  main.o(i.MSG_Delete)
    MUI_GetKey                               0x0800b0c5   Thumb Code    34  main.o(i.MUI_GetKey)
    MUI_GetOptionString                      0x0800b0e9   Thumb Code   414  main.o(i.MUI_GetOptionString)
    MemManage_Handler                        0x0800b28d   Thumb Code     4  stm32f10x_it.o(i.MemManage_Handler)
    Mema_Count                               0x0800b291   Thumb Code    22  tos_mema.o(i.Mema_Count)
    Mema_Free                                0x0800b2ad   Thumb Code    44  tos_mema.o(i.Mema_Free)
    Mema_GetSize                             0x0800b2dd   Thumb Code    12  tos_mema.o(i.Mema_GetSize)
    Mema_Init                                0x0800b2e9   Thumb Code    22  tos_mema.o(i.Mema_Init)
    Mema_Malloc                              0x0800b305   Thumb Code    72  tos_mema.o(i.Mema_Malloc)
    Menu_OptionLength                        0x0800b351   Thumb Code    22  main.o(i.Menu_OptionLength)
    ModBus_Create                            0x0800b367   Thumb Code    22  modbus.o(i.ModBus_Create)
    ModBus_CreateMsg                         0x0800b37d   Thumb Code   280  modbus.o(i.ModBus_CreateMsg)
    ModBus_Expend                            0x0800b495   Thumb Code   364  modbus.o(i.ModBus_Expend)
    NMI_Handler                              0x0800b601   Thumb Code     2  stm32f10x_it.o(i.NMI_Handler)
    NVIC_Init                                0x0800b605   Thumb Code   102  misc.o(i.NVIC_Init)
    NVIC_PriorityGroupConfig                 0x0800b679   Thumb Code    10  misc.o(i.NVIC_PriorityGroupConfig)
    NVIC_SetVectorTable                      0x0800b68d   Thumb Code    12  misc.o(i.NVIC_SetVectorTable)
    PDU_GetCenterNumber                      0x0800b6a1   Thumb Code    54  main.o(i.PDU_GetCenterNumber)
    PWR_BackupAccessCmd                      0x0800b6fd   Thumb Code     6  stm32f10x_pwr.o(i.PWR_BackupAccessCmd)
    PWR_EnterSTANDBYMode                     0x0800b709   Thumb Code    42  stm32f10x_pwr.o(i.PWR_EnterSTANDBYMode)
    PWR_EnterSTOPMode                        0x0800b73d   Thumb Code    54  stm32f10x_pwr.o(i.PWR_EnterSTOPMode)
    PWR_WakeUpPinCmd                         0x0800b77d   Thumb Code     6  stm32f10x_pwr.o(i.PWR_WakeUpPinCmd)
    PendSV_Handler                           0x0800b789   Thumb Code     2  stm32f10x_it.o(i.PendSV_Handler)
    Printf_BoardInfor                        0x0800b78d   Thumb Code    44  stm32_cpu.o(i.Printf_BoardInfor)
    Printf_LcdType                           0x0800b821   Thumb Code     2  stm32_cpu.o(i.Printf_LcdType)
    Printf_LockCode                          0x0800b825   Thumb Code    24  stm32_cpu.o(i.Printf_LockCode)
    Printf_NandInfor                         0x0800b849   Thumb Code     2  stm32_cpu.o(i.Printf_NandInfor)
    Printf_SysInfor                          0x0800b84d   Thumb Code    40  stm32_cpu.o(i.Printf_SysInfor)
    Printf_TaskInfor                         0x0800b891   Thumb Code    22  stm32_cpu.o(i.Printf_TaskInfor)
    Printf_TosInfor                          0x0800b8d1   Thumb Code    96  stm32_cpu.o(i.Printf_TosInfor)
    QuectelM26Printf_Bytes                   0x0800b965   Thumb Code    48  main.o(i.QuectelM26Printf_Bytes)
    QuectelM26_Config                        0x0800b9a9   Thumb Code    38  main.o(i.QuectelM26_Config)
    QuectelM26_Connect                       0x0800b9f5   Thumb Code    42  main.o(i.QuectelM26_Connect)
    QuectelM26_ConnectNet                    0x0800ba4d   Thumb Code   170  main.o(i.QuectelM26_ConnectNet)
    QuectelM26_GetCSQ                        0x0800bb91   Thumb Code    28  main.o(i.QuectelM26_GetCSQ)
    QuectelM26_GetNumString                  0x0800bbc5   Thumb Code   170  main.o(i.QuectelM26_GetNumString)
    QuectelM26_GetValue                      0x0800bc79   Thumb Code   154  main.o(i.QuectelM26_GetValue)
    QuectelM26_Init                          0x0800bd1d   Thumb Code   300  main.o(i.QuectelM26_Init)
    QuectelM26_InitSMS                       0x0800bef5   Thumb Code   148  main.o(i.QuectelM26_InitSMS)
    QuectelM26_ReadShow                      0x0800c009   Thumb Code    66  main.o(i.QuectelM26_ReadShow)
    QuectelM26_SendCFG                       0x0800c065   Thumb Code   234  main.o(i.QuectelM26_SendCFG)
    QuectelM26_SendData                      0x0800c1b1   Thumb Code   530  main.o(i.QuectelM26_SendData)
    QuectelM26_SendHR                        0x0800c44d   Thumb Code   528  main.o(i.QuectelM26_SendHR)
    QuectelM26_SendHRKGL                     0x0800c6e5   Thumb Code   528  main.o(i.QuectelM26_SendHRKGL)
    QuectelM26_SendHTTP                      0x0800c991   Thumb Code   362  main.o(i.QuectelM26_SendHTTP)
    QuectelM26_SendHeartbeat                 0x0800cbf9   Thumb Code   202  main.o(i.QuectelM26_SendHeartbeat)
    QuectelM26_SendLL                        0x0800cd39   Thumb Code   828  main.o(i.QuectelM26_SendLL)
    QuectelM26_SendTextMsg                   0x0800d0f9   Thumb Code   164  main.o(i.QuectelM26_SendTextMsg)
    QuectelM26_ShowSMS                       0x0800d1c9   Thumb Code   356  main.o(i.QuectelM26_ShowSMS)
    RCC_ADCCLKConfig                         0x0800d415   Thumb Code    18  stm32f10x_rcc.o(i.RCC_ADCCLKConfig)
    RCC_AHBPeriphClockCmd                    0x0800d42d   Thumb Code    26  stm32f10x_rcc.o(i.RCC_AHBPeriphClockCmd)
    RCC_APB1PeriphClockCmd                   0x0800d44d   Thumb Code    26  stm32f10x_rcc.o(i.RCC_APB1PeriphClockCmd)
    RCC_APB2PeriphClockCmd                   0x0800d46d   Thumb Code    26  stm32f10x_rcc.o(i.RCC_APB2PeriphClockCmd)
    RCC_APB2PeriphResetCmd                   0x0800d48d   Thumb Code    26  stm32f10x_rcc.o(i.RCC_APB2PeriphResetCmd)
    RCC_GetClocksFreq                        0x0800d4ad   Thumb Code   192  stm32f10x_rcc.o(i.RCC_GetClocksFreq)
    RegServer_Connect                        0x0800d581   Thumb Code    38  main.o(i.RegServer_Connect)
    Reg_SendHead                             0x0800d5e1   Thumb Code    96  main.o(i.Reg_SendHead)
    Reg_SendInfor                            0x0800d681   Thumb Code   474  main.o(i.Reg_SendInfor)
    Regdit_SendInfor                         0x0800da09   Thumb Code   638  main.o(i.Regdit_SendInfor)
    SPI_Cmd                                  0x0800ddf9   Thumb Code    24  stm32f10x_spi.o(i.SPI_Cmd)
    SPI_FLASH_BufferRead                     0x0800de11   Thumb Code    76  main.o(i.SPI_FLASH_BufferRead)
    SPI_FLASH_BufferWrite                    0x0800de61   Thumb Code   290  main.o(i.SPI_FLASH_BufferWrite)
    SPI_FLASH_Init                           0x0800df85   Thumb Code   176  main.o(i.SPI_FLASH_Init)
    SPI_FLASH_PageWrite                      0x0800e03d   Thumb Code    92  main.o(i.SPI_FLASH_PageWrite)
    SPI_FLASH_SectorErase                    0x0800e09d   Thumb Code    62  main.o(i.SPI_FLASH_SectorErase)
    SPI_FLASH_SendByte                       0x0800e0e1   Thumb Code    50  main.o(i.SPI_FLASH_SendByte)
    SPI_FLASH_WaitForWriteEnd                0x0800e119   Thumb Code    44  main.o(i.SPI_FLASH_WaitForWriteEnd)
    SPI_FLASH_WriteEnable                    0x0800e149   Thumb Code    26  main.o(i.SPI_FLASH_WriteEnable)
    SPI_I2S_GetFlagStatus                    0x0800e169   Thumb Code    18  stm32f10x_spi.o(i.SPI_I2S_GetFlagStatus)
    SPI_I2S_ReceiveData                      0x0800e17b   Thumb Code     6  stm32f10x_spi.o(i.SPI_I2S_ReceiveData)
    SPI_I2S_SendData                         0x0800e181   Thumb Code     4  stm32f10x_spi.o(i.SPI_I2S_SendData)
    SPI_Init                                 0x0800e185   Thumb Code    60  stm32f10x_spi.o(i.SPI_Init)
    SVC_Handler                              0x0800e1c1   Thumb Code     2  stm32f10x_it.o(i.SVC_Handler)
    Save_AppConfig                           0x0800e1c5   Thumb Code    20  appconfig.o(i.Save_AppConfig)
    Save_EnvConfig                           0x0800e1e1   Thumb Code    22  main.o(i.Save_EnvConfig)
    Save_VoidConfig                          0x0800e205   Thumb Code    44  appconfig.o(i.Save_VoidConfig)
    Sensor_Command                           0x0800e231   Thumb Code  1258  main.o(i.Sensor_Command)
    Sensor_Init                              0x0800e731   Thumb Code    86  main.o(i.Sensor_Init)
    SerachChear                              0x0800e791   Thumb Code    30  main.o(i.SerachChear)
    Standby_Init                             0x0800e895   Thumb Code   104  stm32_cpu.o(i.Standby_Init)
    StrToGBK                                 0x0800e901   Thumb Code   204  main.o(i.StrToGBK)
    StringCoppy                              0x0800e9cd   Thumb Code    36  text.o(i.StringCoppy)
    StringEndingAppend                       0x0800e9f1   Thumb Code    66  text.o(i.StringEndingAppend)
    Strstr                                   0x0800ea33   Thumb Code    48  text.o(i.Strstr)
    SysTick_Handler                          0x0800ea63   Thumb Code     8  stm32f10x_it.o(i.SysTick_Handler)
    SysTick_Set                              0x0800ea6d   Thumb Code    74  stm32_cpu.o(i.SysTick_Set)
    Sys_Enter_Standby                        0x0800eac5   Thumb Code    22  stm32_cpu.o(i.Sys_Enter_Standby)
    Sys_Standby                              0x0800eadb   Thumb Code    42  stm32_cpu.o(i.Sys_Standby)
    SystemInit                               0x0800eb05   Thumb Code    78  system_stm32f10x.o(i.SystemInit)
    System_Reset                             0x0800eb65   Thumb Code    14  main.o(i.System_Reset)
    System_ResetDelay                        0x0800eb79   Thumb Code    14  main.o(i.System_ResetDelay)
    System_SaveConfig                        0x0800eb89   Thumb Code    20  main.o(i.System_SaveConfig)
    TCP_JGetConfig                           0x0800eba1   Thumb Code   480  main.o(i.TCP_JGetConfig)
    TCP_JGetString                           0x0800ee01   Thumb Code   108  main.o(i.TCP_JGetString)
    TCP_JGetStringDelete                     0x0800eec1   Thumb Code   108  main.o(i.TCP_JGetStringDelete)
    TFT_RGB                                  0x0800ef71   Thumb Code    48  text.o(i.TFT_RGB)
    TOS_Sleep                                0x0800efa1   Thumb Code   212  main.o(i.TOS_Sleep)
    Task0                                    0x0800f0b5   Thumb Code   266  main.o(i.Task0)
    Task0_Init                               0x0800f1c9   Thumb Code   104  main.o(i.Task0_Init)
    TaskBigShow                              0x0800f245   Thumb Code   126  main.o(i.TaskBigShow)
    TaskFunc                                 0x0800f2c9   Thumb Code   554  main.o(i.TaskFunc)
    TaskFunc1                                0x0800f50d   Thumb Code   522  main.o(i.TaskFunc1)
    TaskPlan                                 0x0800f731   Thumb Code   252  main.o(i.TaskPlan)
    TaskPlan1                                0x0800f83d   Thumb Code   252  main.o(i.TaskPlan1)
    TaskPlan2                                0x0800f949   Thumb Code   268  main.o(i.TaskPlan2)
    TaskPlan3                                0x0800fa65   Thumb Code   196  main.o(i.TaskPlan3)
    Task_Arrary                              0x0800fb35   Thumb Code   156  func_face.o(i.Task_Arrary)
    Task_AutoPrintf                          0x0800fbd9   Thumb Code    94  main.o(i.Task_AutoPrintf)
    Task_AutoReg                             0x0800fc3d   Thumb Code    84  main.o(i.Task_AutoReg)
    Task_CleanHistory                        0x0800fce9   Thumb Code    36  main.o(i.Task_CleanHistory)
    Task_Face                                0x0800fd2d   Thumb Code   188  main.o(i.Task_Face)
    Task_Gps                                 0x0800fdf5   Thumb Code   332  main.o(i.Task_Gps)
    Task_HistoryRecord                       0x0800ff81   Thumb Code   208  main.o(i.Task_HistoryRecord)
    Task_Join                                0x080100a1   Thumb Code    32  func_face.o(i.Task_Join)
    Task_KeyBoard                            0x080100c5   Thumb Code   156  main.o(i.Task_KeyBoard)
    Task_Liuliang                            0x08010169   Thumb Code   962  main.o(i.Task_Liuliang)
    Task_LoadConfigs                         0x08010589   Thumb Code     8  main.o(i.Task_LoadConfigs)
    Task_M26                                 0x08010591   Thumb Code   552  main.o(i.Task_M26)
    Task_M26HTTP                             0x08010869   Thumb Code   362  main.o(i.Task_M26HTTP)
    Task_M26KGL                              0x08010a59   Thumb Code   456  main.o(i.Task_M26KGL)
    Task_M26LL                               0x08010cbd   Thumb Code   476  main.o(i.Task_M26LL)
    Task_Plan                                0x08010f49   Thumb Code   390  main.o(i.Task_Plan)
    Task_PowerFailMsg                        0x080110f1   Thumb Code   138  main.o(i.Task_PowerFailMsg)
    Task_PrintfCurOnlyOne                    0x080111b5   Thumb Code   224  main.o(i.Task_PrintfCurOnlyOne)
    Task_PrintfLog                           0x080113cd   Thumb Code   270  main.o(i.Task_PrintfLog)
    Task_PrintfSelectHistory                 0x08011611   Thumb Code   276  main.o(i.Task_PrintfSelectHistory)
    Task_Record                              0x08011785   Thumb Code   142  main.o(i.Task_Record)
    Task_RecordNow                           0x08011829   Thumb Code   124  main.o(i.Task_RecordNow)
    Task_SaveConfigs                         0x080118bd   Thumb Code    30  main.o(i.Task_SaveConfigs)
    Task_SendMsgBT                           0x080118e1   Thumb Code   596  main.o(i.Task_SendMsgBT)
    Task_Sensor                              0x08011c2d   Thumb Code   276  main.o(i.Task_Sensor)
    Task_SensorBLX                           0x08011d69   Thumb Code   112  main.o(i.Task_SensorBLX)
    Task_SensorFuShe                         0x08011df1   Thumb Code   200  main.o(i.Task_SensorFuShe)
    Task_SensorGPIO                          0x08011ee1   Thumb Code    20  main.o(i.Task_SensorGPIO)
    Timer_Broken0                            0x08011ef9   Thumb Code    28  main.o(i.Timer_Broken0)
    Timer_Broken1                            0x08011f1d   Thumb Code    24  main.o(i.Timer_Broken1)
    Timer_Broken2                            0x08011f3d   Thumb Code    24  main.o(i.Timer_Broken2)
    Timer_Broken3                            0x08011f5d   Thumb Code    24  main.o(i.Timer_Broken3)
    ToHex64                                  0x08011f7d   Thumb Code    42  text.o(i.ToHex64)
    Tools_GetCRC16                           0x08011fa9   Thumb Code    56  cheakout.o(i.Tools_GetCRC16)
    Tools_GetCRC8                            0x08011fe9   Thumb Code    56  cheakout.o(i.Tools_GetCRC8)
    Tools_GetXOR8                            0x08012021   Thumb Code    26  cheakout.o(i.Tools_GetXOR8)
    Tos_ComputeCPURate                       0x0801203d   Thumb Code    68  tos.o(i.Tos_ComputeCPURate)
    Tos_CreateTimer                          0x08012099   Thumb Code   106  tos_timer.o(i.Tos_CreateTimer)
    Tos_ExecuteTimer                         0x0801210d   Thumb Code    90  tos_timer.o(i.Tos_ExecuteTimer)
    Tos_GetTaskIDByName                      0x0801216d   Thumb Code    50  tos.o(i.Tos_GetTaskIDByName)
    Tos_Init                                 0x080121a5   Thumb Code   132  tos.o(i.Tos_Init)
    Tos_ListCreate                           0x0801223d   Thumb Code    32  tos.o(i.Tos_ListCreate)
    Tos_RootTask                             0x0801225d   Thumb Code    18  tos.o(i.Tos_RootTask)
    Tos_ScanTimer                            0x08012271   Thumb Code    52  tos_timer.o(i.Tos_ScanTimer)
    Tos_Start                                0x080122a9   Thumb Code    32  tos.o(i.Tos_Start)
    Tos_SysTick                              0x080122d9   Thumb Code    42  tos.o(i.Tos_SysTick)
    Tos_TaskCreate                           0x08012321   Thumb Code   204  tos.o(i.Tos_TaskCreate)
    Tos_TaskCreateFindID                     0x080123f1   Thumb Code    94  tos.o(i.Tos_TaskCreateFindID)
    Tos_TaskCreateQmsg                       0x08012455   Thumb Code    86  tos.o(i.Tos_TaskCreateQmsg)
    Tos_TaskDelay                            0x080124b5   Thumb Code    84  tos.o(i.Tos_TaskDelay)
    Tos_TaskDelete                           0x08012515   Thumb Code   140  tos.o(i.Tos_TaskDelete)
    Tos_TaskDropDev                          0x080125a5   Thumb Code    56  tos_device.o(i.Tos_TaskDropDev)
    Tos_TaskGetDev                           0x080125e5   Thumb Code   132  tos_device.o(i.Tos_TaskGetDev)
    Tos_TaskGetHandKey                       0x08012671   Thumb Code    10  main.o(i.Tos_TaskGetHandKey)
    Tos_TaskGetQMsg                          0x08012685   Thumb Code    98  tos.o(i.Tos_TaskGetQMsg)
    Tos_TaskGetQMsgDelay                     0x080126f1   Thumb Code    98  tos.o(i.Tos_TaskGetQMsgDelay)
    Tos_TaskPutQmsg                          0x0801275d   Thumb Code   126  tos.o(i.Tos_TaskPutQmsg)
    Tos_TaskReady                            0x080127e1   Thumb Code   184  tos.o(i.Tos_TaskReady)
    Tos_TaskRecover                          0x080128a1   Thumb Code    46  tos.o(i.Tos_TaskRecover)
    Tos_TaskRun                              0x080128d5   Thumb Code    66  tos.o(i.Tos_TaskRun)
    Tos_TaskStackInit                        0x08012929   Thumb Code   110  tos.o(i.Tos_TaskStackInit)
    Tos_TaskStart                            0x08012999   Thumb Code    28  tos.o(i.Tos_TaskStart)
    Tos_TaskStop                             0x080129bd   Thumb Code    70  tos.o(i.Tos_TaskStop)
    Tos_TaskSuspend                          0x08012a09   Thumb Code   118  tos.o(i.Tos_TaskSuspend)
    Tos_TaskSwitch                           0x08012a85   Thumb Code   148  tos.o(i.Tos_TaskSwitch)
    Tos_TaskTcbInit                          0x08012b25   Thumb Code    18  tos.o(i.Tos_TaskTcbInit)
    Tos_TaskTimeout                          0x08012b39   Thumb Code    78  tos.o(i.Tos_TaskTimeout)
    Tos_TimerReady                           0x08012b8d   Thumb Code    78  tos_timer.o(i.Tos_TimerReady)
    Tos_WaitDev                              0x08012be1   Thumb Code    50  tos.o(i.Tos_WaitDev)
    UART4_IRQHandler                         0x08012c1d   Thumb Code    76  usart_driver.o(i.UART4_IRQHandler)
    UART5_IRQHandler                         0x08012c7d   Thumb Code    74  usart_driver.o(i.UART5_IRQHandler)
    USART1_IRQHandler                        0x08012cdd   Thumb Code    76  usart_driver.o(i.USART1_IRQHandler)
    USART2_IRQHandler                        0x08012d3d   Thumb Code    76  usart_driver.o(i.USART2_IRQHandler)
    USART3_IRQHandler                        0x08012d9d   Thumb Code    76  usart_driver.o(i.USART3_IRQHandler)
    USART_ClearFlag                          0x08012dfd   Thumb Code    18  stm32f10x_usart.o(i.USART_ClearFlag)
    USART_ClearITPendingBit                  0x08012e0f   Thumb Code    30  stm32f10x_usart.o(i.USART_ClearITPendingBit)
    USART_Cmd                                0x08012e2d   Thumb Code    24  stm32f10x_usart.o(i.USART_Cmd)
    USART_Configuration                      0x08012e45   Thumb Code   104  usart_driver.o(i.USART_Configuration)
    USART_ConfigurationAll                   0x08012ec1   Thumb Code   110  usart_driver.o(i.USART_ConfigurationAll)
    USART_GPIO_Init                          0x08012f31   Thumb Code   164  usart_driver.o(i.USART_GPIO_Init)
    USART_GPIO_InitAll                       0x08012ff9   Thumb Code    86  usart_driver.o(i.USART_GPIO_InitAll)
    USART_GetITStatus                        0x0801304f   Thumb Code    84  stm32f10x_usart.o(i.USART_GetITStatus)
    USART_GetIndex                           0x080130a5   Thumb Code    62  usart_driver.o(i.USART_GetIndex)
    USART_GetTypeDef                         0x080130ed   Thumb Code    40  usart_driver.o(i.USART_GetTypeDef)
    USART_ITConfig                           0x08013129   Thumb Code    74  stm32f10x_usart.o(i.USART_ITConfig)
    USART_Init                               0x08013175   Thumb Code   210  stm32f10x_usart.o(i.USART_Init)
    USART_Read                               0x0801324d   Thumb Code    58  usart_driver.o(i.USART_Read)
    USART_ReadDatas                          0x0801328d   Thumb Code   160  usart_driver.o(i.USART_ReadDatas)
    USART_Write                              0x08013345   Thumb Code    32  usart_driver.o(i.USART_Write)
    USART_WriteData                          0x08013365   Thumb Code    18  usart_driver.o(i.USART_WriteData)
    USART_WriteDatas                         0x08013377   Thumb Code    32  usart_driver.o(i.USART_WriteDatas)
    USART_WriteLine                          0x08013397   Thumb Code    54  usart_driver.o(i.USART_WriteLine)
    USBWakeUp_IRQHandler                     0x080133cd   Thumb Code    12  stm32f10x_it.o(i.USBWakeUp_IRQHandler)
    Uint32FromByte                           0x080133d9   Thumb Code     8  text.o(i.Uint32FromByte)
    UsageFault_Handler                       0x080133e1   Thumb Code     4  stm32f10x_it.o(i.UsageFault_Handler)
    W25Q16_Erase                             0x080133e5   Thumb Code    44  main.o(i.W25Q16_Erase)
    W25Q16_EraseThis                         0x08013411   Thumb Code    84  main.o(i.W25Q16_EraseThis)
    W25Q16_Read                              0x08013471   Thumb Code    20  main.o(i.W25Q16_Read)
    W25Q16_StdRead                           0x08013485   Thumb Code    20  main.o(i.W25Q16_StdRead)
    W25Q16_StdWrite                          0x08013499   Thumb Code    20  main.o(i.W25Q16_StdWrite)
    __0vsprintf                              0x080134ad   Thumb Code    30  printfa.o(i.__0vsprintf)
    __1vsprintf                              0x080134ad   Thumb Code     0  printfa.o(i.__0vsprintf)
    __2vsprintf                              0x080134ad   Thumb Code     0  printfa.o(i.__0vsprintf)
    __c89vsprintf                            0x080134ad   Thumb Code     0  printfa.o(i.__0vsprintf)
    vsprintf                                 0x080134ad   Thumb Code     0  printfa.o(i.__0vsprintf)
    __scatterload_copy                       0x080134d1   Thumb Code    14  handlers.o(i.__scatterload_copy)
    __scatterload_null                       0x080134df   Thumb Code     2  handlers.o(i.__scatterload_null)
    __scatterload_zeroinit                   0x080134e1   Thumb Code    14  handlers.o(i.__scatterload_zeroinit)
    delay_us                                 0x08013d9d   Thumb Code    16  i2c_driver.o(i.delay_us)
    main                                     0x08013dad   Thumb Code   244  main.o(i.main)
    Crc16_TableH                             0x08013ee4   Data         256  cheakout.o(.constdata)
    Crc16_TableL                             0x08013fe4   Data         256  cheakout.o(.constdata)
    IO_LCD_List                              0x080140e4   Data          24  main.o(.constdata)
    Ht1621CodeUpList                         0x080140fc   Data          23  main.o(.constdata)
    Ht1621CodeDownList                       0x08014113   Data          23  main.o(.constdata)
    Ht1621CodeTime                           0x0801412a   Data          10  main.o(.constdata)
    BoolString                               0x08014134   Data          12  main.o(.constdata)
    MenuList                                 0x08014140   Data         444  main.o(.constdata)
    W25Q16_GPIO_List                         0x080142fc   Data          36  main.o(.constdata)
    uni_table                                0x08014320   Data       27072  main.o(.constdata)
    IO_LUX_List                              0x0801ace0   Data          36  main.o(.constdata)
    TaskList_putong                          0x0801ad04   Data         176  main.o(.constdata)
    TaskList_zidongdayin                     0x0801adb4   Data         192  main.o(.constdata)
    TaskList_dancidayin                      0x0801ae74   Data         176  main.o(.constdata)
    TaskList_yuezongwenshidu                 0x0801af24   Data         160  main.o(.constdata)
    TaskList_yuezongguangzhao                0x0801afc4   Data         176  main.o(.constdata)
    TaskList_zongfushe                       0x0801b074   Data         160  main.o(.constdata)
    TaskList_kaiguanliang                    0x0801b114   Data         176  main.o(.constdata)
    TaskList_liuliang                        0x0801b1c4   Data         176  main.o(.constdata)
    TaskList_http                            0x0801b274   Data         176  main.o(.constdata)
    IO_ISL1208_List                          0x0801b324   Data          36  main.o(.constdata)
    IO_Control_List                          0x0801b348   Data          96  main.o(.constdata)
    Region$$Table$$Base                      0x0801b7f0   Number         0  anon$$obj.o(Region$$Table)
    Region$$Table$$Limit                     0x0801b810   Number         0  anon$$obj.o(Region$$Table)
    DeviceId_USART_TX                        0x20000014   Data           5  usart_driver.o(.data)
    DeviceId_USART_RX                        0x20000019   Data           5  usart_driver.o(.data)
    USART_TX_TaskID                          0x2000001e   Data           5  usart_driver.o(.data)
    USART_RX_TaskID                          0x20000023   Data           5  usart_driver.o(.data)
    guiNextTaskSp                            0x20000034   Data           4  tos.o(.data)
    gpuiCurTaskSpAddr                        0x20000038   Data           4  tos.o(.data)
    Tos_CPUInfor                             0x2000003c   Data           8  tos.o(.data)
    Tos_TaskCurrent                          0x20000044   Data           1  tos.o(.data)
    Tos_TaskTcb                              0x20000048   Data           4  tos.o(.data)
    Tos_TaskStackIndex                       0x2000004c   Data           4  tos.o(.data)
    DeviceId_Index                           0x20000050   Data           1  tos_device.o(.data)
    Tos_Device_Tab                           0x20000054   Data           4  tos_device.o(.data)
    RootMema                                 0x20000058   Data           4  tos_mema.o(.data)
    Tos_Timer_P                              0x2000005c   Data           4  tos_timer.o(.data)
    DeBug_EN                                 0x20000060   Data           1  debug.o(.data)
    DeBug_Out                                0x20000061   Data           1  debug.o(.data)
    DeBug_Type                               0x20000062   Data           1  debug.o(.data)
    DeBug_CB                                 0x20000064   Data           4  debug.o(.data)
    TaskArray_Tos_TaskID                     0x20000068   Data           1  func_face.o(.data)
    SEGCharList                              0x2000006c   Data           4  func_face.o(.data)
    DeviceId_IO                              0x20000070   Data           1  main.o(.data)
    DeviceId_SIGNAL                          0x20000071   Data           1  main.o(.data)
    KeyCode_Tos_TaskID                       0x20000072   Data           1  main.o(.data)
    DeviceId_HT1621                          0x20000073   Data           1  main.o(.data)
    Ht1621CharList                           0x20000074   Data           4  main.o(.data)
    DHT11_PIN                                0x20000078   Data           2  main.o(.data)
    DHT11_GROUP                              0x2000007c   Data           4  main.o(.data)
    DS1_PIN                                  0x20000080   Data           2  main.o(.data)
    DS1_GROUP                                0x20000084   Data           4  main.o(.data)
    WaitDownLoadCount                        0x20000088   Data           1  main.o(.data)
    String_Ok                                0x2000008c   Data           4  main.o(.data)
    DeviceId_W25Q16                          0x20000090   Data           1  main.o(.data)
    aaaa                                     0x20000091   Data           1  main.o(.data)
    DeviceId_ISL1208                         0x20000092   Data           1  main.o(.data)
    TaskLora_Tos_TaskID                      0x20000093   Data           1  main.o(.data)
    Jump_To_Application                      0x200000e0   Data           4  main.o(.data)
    JumpAddress                              0x200000e4   Data           4  main.o(.data)
    tem                                      0x200000e8   Data           1  main.o(.data)
    IO_ISL1208_P                             0x200000ec   Data           4  main.o(.data)
    USART_RX_Buffer                          0x200000f0   Data          20  usart_driver.o(.bss)
    USART_TX_Buffer                          0x20000104   Data          20  usart_driver.o(.bss)
    USART_RX_Count                           0x20000118   Data          10  usart_driver.o(.bss)
    USART_RX_Index                           0x20000122   Data          10  usart_driver.o(.bss)
    MemBuf                                   0x2000012c   Data       45000  tos_mema.o(.bss)
    UIShowValue                              0x2000b0f4   Data         264  main.o(.bss)
    LCD_BUF                                  0x2000b1fc   Data          16  main.o(.bss)
    enValue                                  0x2000b20c   Data          24  main.o(.bss)
    TempFloatA                               0x2000b224   Data          12  main.o(.bss)
    LiuliangBuf                              0x2000b230   Data         100  main.o(.bss)
    __initial_sp                             0x2000b698   Data           0  startup_stm32f10x_hd.o(STACK)



==============================================================================

Memory Map of the image

  Image Entry point : 0x08005131

  Load Region LR_IROM1 (Base: 0x08005000, Size: 0x00016900, Max: 0x00040000, ABSOLUTE)

    Execution Region ER_IROM1 (Base: 0x08005000, Size: 0x00016810, Max: 0x00040000, ABSOLUTE)

    Base Addr    Size         Type   Attr      Idx    E Section Name        Object

    0x08005000   0x00000130   Data   RO         3218    RESET               startup_stm32f10x_hd.o
    0x08005130   0x00000000   Code   RO         6790  * .ARM.Collect$$$$00000000  mc_w.l(entry.o)
    0x08005130   0x00000004   Code   RO         6877    .ARM.Collect$$$$00000001  mc_w.l(entry2.o)
    0x08005134   0x00000004   Code   RO         6880    .ARM.Collect$$$$00000004  mc_w.l(entry5.o)
    0x08005138   0x00000000   Code   RO         6882    .ARM.Collect$$$$00000008  mc_w.l(entry7b.o)
    0x08005138   0x00000000   Code   RO         6884    .ARM.Collect$$$$0000000A  mc_w.l(entry8b.o)
    0x08005138   0x00000008   Code   RO         6885    .ARM.Collect$$$$0000000B  mc_w.l(entry9a.o)
    0x08005140   0x00000000   Code   RO         6887    .ARM.Collect$$$$0000000D  mc_w.l(entry10a.o)
    0x08005140   0x00000000   Code   RO         6889    .ARM.Collect$$$$0000000F  mc_w.l(entry11a.o)
    0x08005140   0x00000004   Code   RO         6878    .ARM.Collect$$$$00002712  mc_w.l(entry2.o)
    0x08005144   0x00000024   Code   RO         3219    .text               startup_stm32f10x_hd.o
    0x08005168   0x00000024   Code   RO         6793    .text               mc_w.l(strstr.o)
    0x0800518c   0x000000b0   Code   RO         6823    .text               mf_w.l(fadd.o)
    0x0800523c   0x0000006c   Code   RO         6825    .text               mf_w.l(fmul.o)
    0x080052a8   0x00000080   Code   RO         6827    .text               mf_w.l(fdiv.o)
    0x08005328   0x0000014e   Code   RO         6829    .text               mf_w.l(dadd.o)
    0x08005476   0x000000e4   Code   RO         6831    .text               mf_w.l(dmul.o)
    0x0800555a   0x000000de   Code   RO         6833    .text               mf_w.l(ddiv.o)
    0x08005638   0x00000012   Code   RO         6835    .text               mf_w.l(fflti.o)
    0x0800564a   0x0000000a   Code   RO         6837    .text               mf_w.l(ffltui.o)
    0x08005654   0x00000022   Code   RO         6839    .text               mf_w.l(dflti.o)
    0x08005676   0x0000001a   Code   RO         6841    .text               mf_w.l(dfltui.o)
    0x08005690   0x00000032   Code   RO         6843    .text               mf_w.l(ffixi.o)
    0x080056c2   0x00000028   Code   RO         6845    .text               mf_w.l(ffixui.o)
    0x080056ea   0x0000003e   Code   RO         6847    .text               mf_w.l(dfixi.o)
    0x08005728   0x00000032   Code   RO         6849    .text               mf_w.l(dfixui.o)
    0x0800575a   0x00000026   Code   RO         6851    .text               mf_w.l(f2d.o)
    0x08005780   0x00000028   Code   RO         6853    .text               mf_w.l(cdcmple.o)
    0x080057a8   0x00000028   Code   RO         6855    .text               mf_w.l(cdrcmple.o)
    0x080057d0   0x00000038   Code   RO         6857    .text               mf_w.l(d2f.o)
    0x08005808   0x00000014   Code   RO         6859    .text               mf_w.l(cfcmple.o)
    0x0800581c   0x00000014   Code   RO         6861    .text               mf_w.l(cfrcmple.o)
    0x08005830   0x0000002c   Code   RO         6894    .text               mc_w.l(uidiv.o)
    0x0800585c   0x00000062   Code   RO         6896    .text               mc_w.l(uldiv.o)
    0x080058be   0x0000001e   Code   RO         6898    .text               mc_w.l(llshl.o)
    0x080058dc   0x00000020   Code   RO         6900    .text               mc_w.l(llushr.o)
    0x080058fc   0x00000024   Code   RO         6902    .text               mc_w.l(llsshr.o)
    0x08005920   0x00000000   Code   RO         6911    .text               mc_w.l(iusefp.o)
    0x08005920   0x0000006c   Code   RO         6912    .text               mf_w.l(fepilogue.o)
    0x0800598c   0x000000be   Code   RO         6914    .text               mf_w.l(depilogue.o)
    0x08005a4a   0x00000030   Code   RO         6918    .text               mf_w.l(dfixul.o)
    0x08005a7a   0x00000002   PAD
    0x08005a7c   0x00000024   Code   RO         6926    .text               mc_w.l(init.o)
    0x08005aa0   0x00000050   Code   RO         4219    TOS_CORE_A          tos_core_a.o
    0x08005af0   0x00000030   Code   RO         4998    i.ADC1_GPIO_Config  main.o
    0x08005b20   0x00000010   Code   RO         4999    i.ADC1_Init         main.o
    0x08005b30   0x000000dc   Code   RO         5000    i.ADC1_Mode_Config  main.o
    0x08005c0c   0x00000016   Code   RO           80    i.ADC_Cmd           stm32f10x_adc.o
    0x08005c22   0x00000016   Code   RO           81    i.ADC_DMACmd        stm32f10x_adc.o
    0x08005c38   0x00000014   Code   RO           88    i.ADC_GetCalibrationStatus  stm32f10x_adc.o
    0x08005c4c   0x00000014   Code   RO           94    i.ADC_GetResetCalibrationStatus  stm32f10x_adc.o
    0x08005c60   0x00000050   Code   RO           98    i.ADC_Init          stm32f10x_adc.o
    0x08005cb0   0x000000b8   Code   RO          102    i.ADC_RegularChannelConfig  stm32f10x_adc.o
    0x08005d68   0x0000000a   Code   RO          103    i.ADC_ResetCalibration  stm32f10x_adc.o
    0x08005d72   0x00000016   Code   RO          105    i.ADC_SoftwareStartConvCmd  stm32f10x_adc.o
    0x08005d88   0x0000000a   Code   RO          107    i.ADC_StartCalibration  stm32f10x_adc.o
    0x08005d92   0x00000002   PAD
    0x08005d94   0x00000014   Code   RO         5001    i.AS_Read_Value     main.o
    0x08005da8   0x0000001c   Code   RO         4322    i.Abs               text.o
    0x08005dc4   0x0000003c   Code   RO         5003    i.BEEP_Double       main.o
    0x08005e00   0x0000003c   Code   RO         5004    i.BOOL_LoadConfigs  main.o
    0x08005e3c   0x0000002e   Code   RO         5005    i.B_LUX_GetLux      main.o
    0x08005e6a   0x0000001c   Code   RO         5006    i.B_LUX_Init        main.o
    0x08005e86   0x0000001a   Code   RO         3539    i.BareDelay         stm32_cpu.o
    0x08005ea0   0x00000010   Code   RO         4324    i.Bcd_Decimal       text.o
    0x08005eb0   0x00000048   Code   RO         5007    i.BinarySearch      main.o
    0x08005ef8   0x00000022   Code   RO         4325    i.BufferCoppy       text.o
    0x08005f1a   0x00000016   Code   RO         4326    i.BufferFill        text.o
    0x08005f30   0x00000004   Code   RO         3076    i.BusFault_Handler  stm32f10x_it.o
    0x08005f34   0x00000110   Code   RO         5008    i.COM_Menu_Enter    main.o
    0x08006044   0x00000034   Code   RO         5009    i.COM_Menu_Load     main.o
    0x08006078   0x00000030   Code   RO         5010    i.CheckCallNumber   main.o
    0x080060a8   0x0000005c   Code   RO         5012    i.CheckLiuliangBuf  main.o
    0x08006104   0x00000014   Code   RO         4329    i.ClearWithBuffer   text.o
    0x08006118   0x0000003c   Code   RO         4331    i.CompareWithString  text.o
    0x08006154   0x00000064   Code   RO         5013    i.DHT11_Check       main.o
    0x080061b8   0x00000020   Code   RO         5014    i.DHT11_DelayMs     main.o
    0x080061d8   0x0000001e   Code   RO         5015    i.DHT11_DelayUs     main.o
    0x080061f6   0x00000002   PAD
    0x080061f8   0x00000084   Code   RO         5016    i.DHT11_GetFloat    main.o
    0x0800627c   0x0000002c   Code   RO         5017    i.DHT11_PortIN      main.o
    0x080062a8   0x0000002c   Code   RO         5018    i.DHT11_PortOUT     main.o
    0x080062d4   0x00000070   Code   RO         5019    i.DHT11_Read        main.o
    0x08006344   0x00000068   Code   RO         5020    i.DHT11_Read_Bit    main.o
    0x080063ac   0x0000001e   Code   RO         5021    i.DHT11_Read_Byte   main.o
    0x080063ca   0x00000002   PAD
    0x080063cc   0x00000034   Code   RO         5022    i.DHT11_Rst         main.o
    0x08006400   0x00000018   Code   RO          786    i.DMA_Cmd           stm32f10x_dma.o
    0x08006418   0x0000014c   Code   RO          787    i.DMA_DeInit        stm32f10x_dma.o
    0x08006564   0x0000003c   Code   RO          792    i.DMA_Init          stm32f10x_dma.o
    0x080065a0   0x00000048   Code   RO         5023    i.DS18B20_Init      main.o
    0x080065e8   0x00000064   Code   RO         5024    i.DS_Check          main.o
    0x0800664c   0x0000001e   Code   RO         5026    i.DS_DelayUs        main.o
    0x0800666a   0x00000002   PAD
    0x0800666c   0x00000100   Code   RO         5027    i.DS_Get_Temp       main.o
    0x0800676c   0x0000002c   Code   RO         5028    i.DS_PortIN         main.o
    0x08006798   0x0000002c   Code   RO         5029    i.DS_PortOUT        main.o
    0x080067c4   0x00000054   Code   RO         5030    i.DS_Read_Bit       main.o
    0x08006818   0x00000022   Code   RO         5031    i.DS_Read_Byte      main.o
    0x0800683a   0x00000002   PAD
    0x0800683c   0x00000100   Code   RO         5032    i.DS_Read_Value     main.o
    0x0800693c   0x00000038   Code   RO         5033    i.DS_Rst            main.o
    0x08006974   0x00000014   Code   RO         5034    i.DS_SetPort        main.o
    0x08006988   0x00000018   Code   RO         5035    i.DS_Start          main.o
    0x080069a0   0x00000070   Code   RO         5036    i.DS_Write_Byte     main.o
    0x08006a10   0x00000014   Code   RO         5037    i.DTH11_SetPort     main.o
    0x08006a24   0x0000018c   Code   RO         4222    i.DeBug             debug.o
    0x08006bb0   0x0000000c   Code   RO         4223    i.DeBug_Drop        debug.o
    0x08006bbc   0x00000014   Code   RO         4224    i.DeBug_Get         debug.o
    0x08006bd0   0x0000000c   Code   RO         4225    i.DeBug_OutSet      debug.o
    0x08006bdc   0x0000000c   Code   RO         4227    i.DeBug_SetType     debug.o
    0x08006be8   0x00000002   Code   RO         3077    i.DebugMon_Handler  stm32f10x_it.o
    0x08006bea   0x00000014   Code   RO         4338    i.Decimal_Bcd       text.o
    0x08006bfe   0x00000002   PAD
    0x08006c00   0x00000080   Code   RO         4054    i.DeviceList_Init   tos_device.o
    0x08006c80   0x000000e8   Code   RO         4055    i.DeviceList_Printf  tos_device.o
    0x08006d68   0x000000cc   Code   RO         5038    i.DeviceMount_HT1621  main.o
    0x08006e34   0x000000c8   Code   RO         5039    i.DeviceMount_IO    main.o
    0x08006efc   0x000000cc   Code   RO         5040    i.DeviceMount_ISL1208  main.o
    0x08006fc8   0x000001c8   Code   RO         3365    i.DeviceMount_Uart  usart_driver.o
    0x08007190   0x00000012   Code   RO         3366    i.DeviceMount_Usart  usart_driver.o
    0x080071a2   0x00000002   PAD
    0x080071a4   0x000000c4   Code   RO         5041    i.DeviceMount_W25Q16  main.o
    0x08007268   0x000000b8   Code   RO         4058    i.Device_Init       tos_device.o
    0x08007320   0x00000024   Code   RO         4059    i.Device_Ok         tos_device.o
    0x08007344   0x000002e4   Code   RO         5042    i.DownLoad_BootLoader  main.o
    0x08007628   0x00000012   Code   RO         5044    i.EXTI1_IRQHandler  main.o
    0x0800763a   0x00000002   PAD
    0x0800763c   0x0000000c   Code   RO          860    i.EXTI_ClearITPendingBit  stm32f10x_exti.o
    0x08007648   0x00000094   Code   RO          865    i.EXTI_Init         stm32f10x_exti.o
    0x080076dc   0x00000064   Code   RO         5045    i.Exit_Init         main.o
    0x08007740   0x0000004c   Code   RO          921    i.FLASH_ErasePage   stm32f10x_flash.o
    0x0800778c   0x00000034   Code   RO          922    i.FLASH_GetBank1Status  stm32f10x_flash.o
    0x080077c0   0x00000014   Code   RO          931    i.FLASH_Lock        stm32f10x_flash.o
    0x080077d4   0x0000003a   Code   RO         5046    i.FLASH_ProgramBootStart  main.o
    0x0800780e   0x00000008   Code   RO         5047    i.FLASH_ProgramDone  main.o
    0x08007816   0x00000002   PAD
    0x08007818   0x00000040   Code   RO          934    i.FLASH_ProgramHalfWord  stm32f10x_flash.o
    0x08007858   0x00000018   Code   RO          939    i.FLASH_Unlock      stm32f10x_flash.o
    0x08007870   0x00000026   Code   RO          943    i.FLASH_WaitForLastOperation  stm32f10x_flash.o
    0x08007896   0x00000038   Code   RO         5049    i.FLASH_WriteBank   main.o
    0x080078ce   0x000000a2   Code   RO         4342    i.FindFloatFromString  text.o
    0x08007970   0x000000a2   Code   RO         4343    i.FindHexFromString  text.o
    0x08007a12   0x0000008a   Code   RO         4344    i.FindNumFromString  text.o
    0x08007a9c   0x00000072   Code   RO         5050    i.FindStringFromString  main.o
    0x08007b0e   0x0000001c   Code   RO         4860    i.Flash_ReadData    appconfig.o
    0x08007b2a   0x00000070   Code   RO         4861    i.Flash_WriteData   appconfig.o
    0x08007b9a   0x00000008   Code   RO         4345    i.Float32FromByte   text.o
    0x08007ba2   0x0000002e   Code   RO         4346    i.Float32ToByte     text.o
    0x08007bd0   0x0000003a   Code   RO         4347    i.FlowPoolFilter    text.o
    0x08007c0a   0x0000001e   Code   RO         4348    i.FmtToBuf          text.o
    0x08007c28   0x0000003e   Code   RO         5053    i.GBKToString       main.o
    0x08007c66   0x00000020   Code   RO         5054    i.GBKToUniCode      main.o
    0x08007c86   0x00000002   PAD
    0x08007c88   0x0000002c   Code   RO         5055    i.GBKToUnicode      main.o
    0x08007cb4   0x000000c8   Code   RO         1217    i.GPIO_DeInit       stm32f10x_gpio.o
    0x08007d7c   0x00000040   Code   RO         1219    i.GPIO_EXTILineConfig  stm32f10x_gpio.o
    0x08007dbc   0x00000112   Code   RO         1222    i.GPIO_Init         stm32f10x_gpio.o
    0x08007ece   0x00000002   PAD
    0x08007ed0   0x00000088   Code   RO         3541    i.GPIO_InitList     stm32_cpu.o
    0x08007f58   0x00000012   Code   RO         1226    i.GPIO_ReadInputDataBit  stm32f10x_gpio.o
    0x08007f6a   0x00000004   Code   RO         1229    i.GPIO_ResetBits    stm32f10x_gpio.o
    0x08007f6e   0x00000004   Code   RO         1230    i.GPIO_SetBits      stm32f10x_gpio.o
    0x08007f72   0x00000002   PAD
    0x08007f74   0x00000048   Code   RO         5056    i.GPIO_Set_PWR      main.o
    0x08007fbc   0x00000030   Code   RO         5057    i.GPIO_Set_ShowOnly  main.o
    0x08007fec   0x0000006c   Code   RO         5058    i.GPRS_Ack          main.o
    0x08008058   0x0000007c   Code   RO         5059    i.GPRS_AckDelay     main.o
    0x080080d4   0x00000084   Code   RO         5060    i.GPRS_AckTwo       main.o
    0x08008158   0x00000058   Code   RO         4350    i.GPRS_CheckIpTrue  text.o
    0x080081b0   0x00000094   Code   RO         5061    i.GPRS_CloseNet     main.o
    0x08008244   0x0000002c   Code   RO         5062    i.GPRS_CommandAck   main.o
    0x08008270   0x000000a0   Code   RO         5063    i.GPRS_CommandAckCount  main.o
    0x08008310   0x000000f4   Code   RO         5064    i.GPRS_Connect      main.o
    0x08008404   0x00000080   Code   RO         5066    i.GPRS_Printf       main.o
    0x08008484   0x00000048   Code   RO         5067    i.GPRS_PrintfString  main.o
    0x080084cc   0x0000002e   Code   RO         5069    i.GPRS_WhileAck     main.o
    0x080084fa   0x00000080   Code   RO         4228    i.GetChar_List      debug.o
    0x0800857a   0x00000002   PAD
    0x0800857c   0x00000080   Code   RO         5070    i.GetCodeStr16      main.o
    0x080085fc   0x00000064   Code   RO         5071    i.GetCodeStr18      main.o
    0x08008660   0x00000070   Code   RO         3542    i.GetCodeStr64      stm32_cpu.o
    0x080086d0   0x000000e4   Code   RO         4354    i.GetHexFromString  text.o
    0x080087b4   0x00000024   Code   RO         4355    i.GetStringByFmt    text.o
    0x080087d8   0x000000c4   Code   RO         4358    i.GetStringToNumber  text.o
    0x0800889c   0x00000018   Code   RO         4359    i.GetTextLength     text.o
    0x080088b4   0x0000002c   Code   RO         3545    i.GetTosTask_Count  stm32_cpu.o
    0x080088e0   0x0000002c   Code   RO         5072    i.GetUnicodeString  main.o
    0x0800890c   0x00000026   Code   RO         4361    i.GetWordFromBytes  text.o
    0x08008932   0x00000002   PAD
    0x08008934   0x000000e0   Code   RO         5073    i.Get_Mon           main.o
    0x08008a14   0x00000054   Code   RO         5074    i.Get_PragmDateTime  main.o
    0x08008a68   0x00000058   Code   RO         5075    i.Get_PrintfRecordCount  main.o
    0x08008ac0   0x00000048   Code   RO         5076    i.HT1621_Init       main.o
    0x08008b08   0x00000038   Code   RO         5077    i.HandKey_GetValue  main.o
    0x08008b40   0x00000008   Code   RO         3078    i.HardFault_Handler  stm32f10x_it.o
    0x08008b48   0x0000003c   Code   RO         5078    i.Ht1621Wr_Cmd      main.o
    0x08008b84   0x00000060   Code   RO         5079    i.Ht1621Wr_Data     main.o
    0x08008be4   0x00000014   Code   RO         5080    i.Ht1621_Delay      main.o
    0x08008bf8   0x00000038   Code   RO         5081    i.Ht1621_DrawBase   main.o
    0x08008c30   0x00000418   Code   RO         5082    i.Ht1621_DrawHome   main.o
    0x08009048   0x000003ac   Code   RO         5083    i.Ht1621_DrawIO     main.o
    0x080093f4   0x00000488   Code   RO         5084    i.Ht1621_DrawLUX    main.o
    0x0800987c   0x00000098   Code   RO         5085    i.Ht1621_DrawMenu   main.o
    0x08009914   0x000003b4   Code   RO         5086    i.Ht1621_DrawSongbo  main.o
    0x08009cc8   0x000000c8   Code   RO         5087    i.Ht1621_DrawTime   main.o
    0x08009d90   0x000001dc   Code   RO         5088    i.Ht1621_DrawUpDown  main.o
    0x08009f6c   0x00000488   Code   RO         5090    i.Ht1621_DrawZFS    main.o
    0x0800a3f4   0x0000001c   Code   RO         5091    i.Ht1621_GetCode    main.o
    0x0800a410   0x00000058   Code   RO         5092    i.Ht1621_SHowDownStr  main.o
    0x0800a468   0x00000058   Code   RO         5093    i.Ht1621_SHowDownStr1  main.o
    0x0800a4c0   0x000000b0   Code   RO         5094    i.Ht1621_SHowDownString  main.o
    0x0800a570   0x000000b4   Code   RO         5096    i.Ht1621_SHowUpString  main.o
    0x0800a624   0x0000002c   Code   RO         5097    i.Ht1621_ShowASCII  main.o
    0x0800a650   0x00000044   Code   RO         5098    i.Ht1621_WriteReg   main.o
    0x0800a694   0x0000000e   Code   RO         3302    i.I2C_Drop          i2c_driver.o
    0x0800a6a2   0x0000007c   Code   RO         3303    i.I2C_ReadDatas     i2c_driver.o
    0x0800a71e   0x00000070   Code   RO         3304    i.I2C_RecvBytes     i2c_driver.o
    0x0800a78e   0x0000002c   Code   RO         3305    i.I2C_SendAck       i2c_driver.o
    0x0800a7ba   0x0000008a   Code   RO         3306    i.I2C_SendBytes     i2c_driver.o
    0x0800a844   0x0000002e   Code   RO         3307    i.I2C_Start         i2c_driver.o
    0x0800a872   0x00000024   Code   RO         3308    i.I2C_Stop          i2c_driver.o
    0x0800a896   0x0000005c   Code   RO         3309    i.I2C_WriteDatas    i2c_driver.o
    0x0800a8f2   0x0000000c   Code   RO         3548    i.IAP_ErasePage     stm32_cpu.o
    0x0800a8fe   0x00000008   Code   RO         3549    i.IAP_Lock          stm32_cpu.o
    0x0800a906   0x00000018   Code   RO         5100    i.IAP_PagesMask     main.o
    0x0800a91e   0x00000010   Code   RO         3550    i.IAP_ProgramHalfWord  stm32_cpu.o
    0x0800a92e   0x00000008   Code   RO         3551    i.IAP_Unlock        stm32_cpu.o
    0x0800a936   0x0000000e   Code   RO         5102    i.IIC_DelayUs       main.o
    0x0800a944   0x00000024   Code   RO         5104    i.IIC_Pin_In        main.o
    0x0800a968   0x00000024   Code   RO         5105    i.IIC_Pin_Out       main.o
    0x0800a98c   0x0000004c   Code   RO         5106    i.IIC_ReadAck       main.o
    0x0800a9d8   0x000000a0   Code   RO         5108    i.IIC_Reads         main.o
    0x0800aa78   0x00000060   Code   RO         5109    i.IIC_RecvByte      main.o
    0x0800aad8   0x00000040   Code   RO         5111    i.IIC_SendAck       main.o
    0x0800ab18   0x00000058   Code   RO         5112    i.IIC_SendByte      main.o
    0x0800ab70   0x00000038   Code   RO         5114    i.IIC_Start         main.o
    0x0800aba8   0x00000038   Code   RO         5115    i.IIC_Stop          main.o
    0x0800abe0   0x00000024   Code   RO         5116    i.IIC_WriteCmd      main.o
    0x0800ac04   0x00000068   Code   RO         5118    i.IO_Read_Value     main.o
    0x0800ac6c   0x00000048   Code   RO         5119    i.ISL1208_GPIO_Init  main.o
    0x0800acb4   0x00000030   Code   RO         5120    i.ISL1208_GetATR    main.o
    0x0800ace4   0x00000074   Code   RO         5121    i.ISL1208_GetDateTime  main.o
    0x0800ad58   0x0000007c   Code   RO         5122    i.ISL1208_IOCONTROL  main.o
    0x0800add4   0x000000c0   Code   RO         5123    i.ISL1208_Init      main.o
    0x0800ae94   0x00000020   Code   RO         5124    i.ISL1208_ReadReg   main.o
    0x0800aeb4   0x0000009e   Code   RO         5125    i.ISL1208_SetAlarm  main.o
    0x0800af52   0x00000060   Code   RO         5126    i.ISL1208_SetDateTime  main.o
    0x0800afb2   0x00000002   PAD
    0x0800afb4   0x00000020   Code   RO         5127    i.ISL1208_WriteReg  main.o
    0x0800afd4   0x0000001c   Code   RO         4862    i.Load_AppConfig    appconfig.o
    0x0800aff0   0x00000066   Code   RO         4863    i.Load_VoidConfig   appconfig.o
    0x0800b056   0x00000002   PAD
    0x0800b058   0x00000028   Code   RO         3554    i.MCU_Reset         stm32_cpu.o
    0x0800b080   0x00000044   Code   RO         5129    i.MSG_Delete        main.o
    0x0800b0c4   0x00000022   Code   RO         5130    i.MUI_GetKey        main.o
    0x0800b0e6   0x00000002   PAD
    0x0800b0e8   0x000001a4   Code   RO         5131    i.MUI_GetOptionString  main.o
    0x0800b28c   0x00000004   Code   RO         3079    i.MemManage_Handler  stm32f10x_it.o
    0x0800b290   0x0000001c   Code   RO         4128    i.Mema_Count        tos_mema.o
    0x0800b2ac   0x00000030   Code   RO         4130    i.Mema_Free         tos_mema.o
    0x0800b2dc   0x0000000c   Code   RO         4131    i.Mema_GetSize      tos_mema.o
    0x0800b2e8   0x0000001c   Code   RO         4132    i.Mema_Init         tos_mema.o
    0x0800b304   0x0000004c   Code   RO         4133    i.Mema_Malloc       tos_mema.o
    0x0800b350   0x00000016   Code   RO         5132    i.Menu_OptionLength  main.o
    0x0800b366   0x00000016   Code   RO         4274    i.ModBus_Create     modbus.o
    0x0800b37c   0x00000118   Code   RO         4275    i.ModBus_CreateMsg  modbus.o
    0x0800b494   0x0000016c   Code   RO         4276    i.ModBus_Expend     modbus.o
    0x0800b600   0x00000002   Code   RO         3080    i.NMI_Handler       stm32f10x_it.o
    0x0800b602   0x00000002   PAD
    0x0800b604   0x00000074   Code   RO            1    i.NVIC_Init         misc.o
    0x0800b678   0x00000014   Code   RO            2    i.NVIC_PriorityGroupConfig  misc.o
    0x0800b68c   0x00000014   Code   RO            3    i.NVIC_SetVectorTable  misc.o
    0x0800b6a0   0x0000005c   Code   RO         5134    i.PDU_GetCenterNumber  main.o
    0x0800b6fc   0x0000000c   Code   RO         1582    i.PWR_BackupAccessCmd  stm32f10x_pwr.o
    0x0800b708   0x00000034   Code   RO         1585    i.PWR_EnterSTANDBYMode  stm32f10x_pwr.o
    0x0800b73c   0x00000040   Code   RO         1586    i.PWR_EnterSTOPMode  stm32f10x_pwr.o
    0x0800b77c   0x0000000c   Code   RO         1590    i.PWR_WakeUpPinCmd  stm32f10x_pwr.o
    0x0800b788   0x00000002   Code   RO         3081    i.PendSV_Handler    stm32f10x_it.o
    0x0800b78a   0x00000002   PAD
    0x0800b78c   0x00000094   Code   RO         3555    i.Printf_BoardInfor  stm32_cpu.o
    0x0800b820   0x00000002   Code   RO         3558    i.Printf_LcdType    stm32_cpu.o
    0x0800b822   0x00000002   PAD
    0x0800b824   0x00000024   Code   RO         3559    i.Printf_LockCode   stm32_cpu.o
    0x0800b848   0x00000002   Code   RO         3560    i.Printf_NandInfor  stm32_cpu.o
    0x0800b84a   0x00000002   PAD
    0x0800b84c   0x00000044   Code   RO         3561    i.Printf_SysInfor   stm32_cpu.o
    0x0800b890   0x00000040   Code   RO         3562    i.Printf_TaskInfor  stm32_cpu.o
    0x0800b8d0   0x00000094   Code   RO         3563    i.Printf_TosInfor   stm32_cpu.o
    0x0800b964   0x00000044   Code   RO         5136    i.QuectelM26Printf_Bytes  main.o
    0x0800b9a8   0x0000004c   Code   RO         5137    i.QuectelM26_Config  main.o
    0x0800b9f4   0x00000058   Code   RO         5138    i.QuectelM26_Connect  main.o
    0x0800ba4c   0x00000144   Code   RO         5139    i.QuectelM26_ConnectNet  main.o
    0x0800bb90   0x00000034   Code   RO         5141    i.QuectelM26_GetCSQ  main.o
    0x0800bbc4   0x000000b4   Code   RO         5142    i.QuectelM26_GetNumString  main.o
    0x0800bc78   0x000000a4   Code   RO         5143    i.QuectelM26_GetValue  main.o
    0x0800bd1c   0x000001d8   Code   RO         5145    i.QuectelM26_Init   main.o
    0x0800bef4   0x00000114   Code   RO         5146    i.QuectelM26_InitSMS  main.o
    0x0800c008   0x0000005c   Code   RO         5147    i.QuectelM26_ReadShow  main.o
    0x0800c064   0x0000014c   Code   RO         5148    i.QuectelM26_SendCFG  main.o
    0x0800c1b0   0x0000029c   Code   RO         5149    i.QuectelM26_SendData  main.o
    0x0800c44c   0x00000298   Code   RO         5150    i.QuectelM26_SendHR  main.o
    0x0800c6e4   0x000002ac   Code   RO         5151    i.QuectelM26_SendHRKGL  main.o
    0x0800c990   0x00000268   Code   RO         5153    i.QuectelM26_SendHTTP  main.o
    0x0800cbf8   0x00000140   Code   RO         5155    i.QuectelM26_SendHeartbeat  main.o
    0x0800cd38   0x000003c0   Code   RO         5156    i.QuectelM26_SendLL  main.o
    0x0800d0f8   0x000000d0   Code   RO         5159    i.QuectelM26_SendTextMsg  main.o
    0x0800d1c8   0x0000024c   Code   RO         5160    i.QuectelM26_ShowSMS  main.o
    0x0800d414   0x00000018   Code   RO         1645    i.RCC_ADCCLKConfig  stm32f10x_rcc.o
    0x0800d42c   0x00000020   Code   RO         1646    i.RCC_AHBPeriphClockCmd  stm32f10x_rcc.o
    0x0800d44c   0x00000020   Code   RO         1647    i.RCC_APB1PeriphClockCmd  stm32f10x_rcc.o
    0x0800d46c   0x00000020   Code   RO         1649    i.RCC_APB2PeriphClockCmd  stm32f10x_rcc.o
    0x0800d48c   0x00000020   Code   RO         1650    i.RCC_APB2PeriphResetCmd  stm32f10x_rcc.o
    0x0800d4ac   0x000000d4   Code   RO         1657    i.RCC_GetClocksFreq  stm32f10x_rcc.o
    0x0800d580   0x00000060   Code   RO         5162    i.RegServer_Connect  main.o
    0x0800d5e0   0x000000a0   Code   RO         5163    i.Reg_SendHead      main.o
    0x0800d680   0x00000388   Code   RO         5164    i.Reg_SendInfor     main.o
    0x0800da08   0x000003f0   Code   RO         5165    i.Regdit_SendInfor  main.o
    0x0800ddf8   0x00000018   Code   RO         2132    i.SPI_Cmd           stm32f10x_spi.o
    0x0800de10   0x00000050   Code   RO         5166    i.SPI_FLASH_BufferRead  main.o
    0x0800de60   0x00000122   Code   RO         5167    i.SPI_FLASH_BufferWrite  main.o
    0x0800df82   0x00000002   PAD
    0x0800df84   0x000000b8   Code   RO         5169    i.SPI_FLASH_Init    main.o
    0x0800e03c   0x00000060   Code   RO         5170    i.SPI_FLASH_PageWrite  main.o
    0x0800e09c   0x00000044   Code   RO         5174    i.SPI_FLASH_SectorErase  main.o
    0x0800e0e0   0x00000038   Code   RO         5175    i.SPI_FLASH_SendByte  main.o
    0x0800e118   0x00000030   Code   RO         5178    i.SPI_FLASH_WaitForWriteEnd  main.o
    0x0800e148   0x00000020   Code   RO         5179    i.SPI_FLASH_WriteEnable  main.o
    0x0800e168   0x00000012   Code   RO         2140    i.SPI_I2S_GetFlagStatus  stm32f10x_spi.o
    0x0800e17a   0x00000006   Code   RO         2143    i.SPI_I2S_ReceiveData  stm32f10x_spi.o
    0x0800e180   0x00000004   Code   RO         2144    i.SPI_I2S_SendData  stm32f10x_spi.o
    0x0800e184   0x0000003c   Code   RO         2145    i.SPI_Init          stm32f10x_spi.o
    0x0800e1c0   0x00000002   Code   RO         3082    i.SVC_Handler       stm32f10x_it.o
    0x0800e1c2   0x00000002   PAD
    0x0800e1c4   0x0000001c   Code   RO         4864    i.Save_AppConfig    appconfig.o
    0x0800e1e0   0x00000024   Code   RO         5182    i.Save_EnvConfig    main.o
    0x0800e204   0x0000002c   Code   RO         4865    i.Save_VoidConfig   appconfig.o
    0x0800e230   0x00000500   Code   RO         5183    i.Sensor_Command    main.o
    0x0800e730   0x00000060   Code   RO         5184    i.Sensor_Init       main.o
    0x0800e790   0x0000001e   Code   RO         5185    i.SerachChear       main.o
    0x0800e7ae   0x00000008   Code   RO         3175    i.SetSysClock       system_stm32f10x.o
    0x0800e7b6   0x00000002   PAD
    0x0800e7b8   0x000000dc   Code   RO         3176    i.SetSysClockTo72   system_stm32f10x.o
    0x0800e894   0x0000006c   Code   RO         3565    i.Standby_Init      stm32_cpu.o
    0x0800e900   0x000000cc   Code   RO         5186    i.StrToGBK          main.o
    0x0800e9cc   0x00000024   Code   RO         4373    i.StringCoppy       text.o
    0x0800e9f0   0x00000042   Code   RO         4374    i.StringEndingAppend  text.o
    0x0800ea32   0x00000030   Code   RO         4382    i.Strstr            text.o
    0x0800ea62   0x00000008   Code   RO         3083    i.SysTick_Handler   stm32f10x_it.o
    0x0800ea6a   0x00000002   PAD
    0x0800ea6c   0x00000058   Code   RO         3566    i.SysTick_Set       stm32_cpu.o
    0x0800eac4   0x00000016   Code   RO         3567    i.Sys_Enter_Standby  stm32_cpu.o
    0x0800eada   0x0000002a   Code   RO         3568    i.Sys_Standby       stm32_cpu.o
    0x0800eb04   0x00000060   Code   RO         3178    i.SystemInit        system_stm32f10x.o
    0x0800eb64   0x00000014   Code   RO         5187    i.System_Reset      main.o
    0x0800eb78   0x0000000e   Code   RO         5188    i.System_ResetDelay  main.o
    0x0800eb86   0x00000002   PAD
    0x0800eb88   0x00000018   Code   RO         5189    i.System_SaveConfig  main.o
    0x0800eba0   0x00000260   Code   RO         5190    i.TCP_JGetConfig    main.o
    0x0800ee00   0x000000c0   Code   RO         5191    i.TCP_JGetString    main.o
    0x0800eec0   0x000000b0   Code   RO         5192    i.TCP_JGetStringDelete  main.o
    0x0800ef70   0x00000030   Code   RO         4384    i.TFT_RGB           text.o
    0x0800efa0   0x00000114   Code   RO         5193    i.TOS_Sleep         main.o
    0x0800f0b4   0x00000114   Code   RO         5194    i.Task0             main.o
    0x0800f1c8   0x0000007c   Code   RO         5195    i.Task0_Init        main.o
    0x0800f244   0x00000084   Code   RO         5196    i.TaskBigShow       main.o
    0x0800f2c8   0x00000244   Code   RO         5197    i.TaskFunc          main.o
    0x0800f50c   0x00000224   Code   RO         5198    i.TaskFunc1         main.o
    0x0800f730   0x0000010c   Code   RO         5199    i.TaskPlan          main.o
    0x0800f83c   0x0000010c   Code   RO         5200    i.TaskPlan1         main.o
    0x0800f948   0x0000011c   Code   RO         5201    i.TaskPlan2         main.o
    0x0800fa64   0x000000d0   Code   RO         5202    i.TaskPlan3         main.o
    0x0800fb34   0x000000a4   Code   RO         4914    i.Task_Arrary       func_face.o
    0x0800fbd8   0x00000064   Code   RO         5203    i.Task_AutoPrintf   main.o
    0x0800fc3c   0x000000ac   Code   RO         5204    i.Task_AutoReg      main.o
    0x0800fce8   0x00000044   Code   RO         5207    i.Task_CleanHistory  main.o
    0x0800fd2c   0x000000c8   Code   RO         5208    i.Task_Face         main.o
    0x0800fdf4   0x0000018c   Code   RO         5210    i.Task_Gps          main.o
    0x0800ff80   0x00000120   Code   RO         5211    i.Task_HistoryRecord  main.o
    0x080100a0   0x00000024   Code   RO         4915    i.Task_Join         func_face.o
    0x080100c4   0x000000a4   Code   RO         5213    i.Task_KeyBoard     main.o
    0x08010168   0x00000420   Code   RO         5214    i.Task_Liuliang     main.o
    0x08010588   0x00000008   Code   RO         5215    i.Task_LoadConfigs  main.o
    0x08010590   0x000002d8   Code   RO         5217    i.Task_M26          main.o
    0x08010868   0x000001f0   Code   RO         5218    i.Task_M26HTTP      main.o
    0x08010a58   0x00000264   Code   RO         5219    i.Task_M26KGL       main.o
    0x08010cbc   0x0000028c   Code   RO         5221    i.Task_M26LL        main.o
    0x08010f48   0x000001a8   Code   RO         5222    i.Task_Plan         main.o
    0x080110f0   0x000000c4   Code   RO         5223    i.Task_PowerFailMsg  main.o
    0x080111b4   0x00000218   Code   RO         5224    i.Task_PrintfCurOnlyOne  main.o
    0x080113cc   0x00000244   Code   RO         5226    i.Task_PrintfLog    main.o
    0x08011610   0x00000174   Code   RO         5227    i.Task_PrintfSelectHistory  main.o
    0x08011784   0x000000a4   Code   RO         5229    i.Task_Record       main.o
    0x08011828   0x00000094   Code   RO         5231    i.Task_RecordNow    main.o
    0x080118bc   0x00000024   Code   RO         5232    i.Task_SaveConfigs  main.o
    0x080118e0   0x0000034c   Code   RO         5236    i.Task_SendMsgBT    main.o
    0x08011c2c   0x0000013c   Code   RO         5238    i.Task_Sensor       main.o
    0x08011d68   0x00000088   Code   RO         5239    i.Task_SensorBLX    main.o
    0x08011df0   0x000000f0   Code   RO         5240    i.Task_SensorFuShe  main.o
    0x08011ee0   0x00000018   Code   RO         5241    i.Task_SensorGPIO   main.o
    0x08011ef8   0x00000024   Code   RO         5242    i.Timer_Broken0     main.o
    0x08011f1c   0x00000020   Code   RO         5243    i.Timer_Broken1     main.o
    0x08011f3c   0x00000020   Code   RO         5244    i.Timer_Broken2     main.o
    0x08011f5c   0x00000020   Code   RO         5245    i.Timer_Broken3     main.o
    0x08011f7c   0x0000002a   Code   RO         4385    i.ToHex64           text.o
    0x08011fa6   0x00000002   PAD
    0x08011fa8   0x00000040   Code   RO         4765    i.Tools_GetCRC16    cheakout.o
    0x08011fe8   0x00000038   Code   RO         4766    i.Tools_GetCRC8     cheakout.o
    0x08012020   0x0000001a   Code   RO         4768    i.Tools_GetXOR8     cheakout.o
    0x0801203a   0x00000002   PAD
    0x0801203c   0x0000005c   Code   RO         3840    i.Tos_ComputeCPURate  tos.o
    0x08012098   0x00000074   Code   RO         4177    i.Tos_CreateTimer   tos_timer.o
    0x0801210c   0x00000060   Code   RO         4179    i.Tos_ExecuteTimer  tos_timer.o
    0x0801216c   0x00000038   Code   RO         3841    i.Tos_GetTaskIDByName  tos.o
    0x080121a4   0x00000098   Code   RO         3842    i.Tos_Init          tos.o
    0x0801223c   0x00000020   Code   RO         3843    i.Tos_ListCreate    tos.o
    0x0801225c   0x00000012   Code   RO         3844    i.Tos_RootTask      tos.o
    0x0801226e   0x00000002   PAD
    0x08012270   0x00000038   Code   RO         4180    i.Tos_ScanTimer     tos_timer.o
    0x080122a8   0x00000030   Code   RO         3846    i.Tos_Start         tos.o
    0x080122d8   0x00000048   Code   RO         3847    i.Tos_SysTick       tos.o
    0x08012320   0x000000d0   Code   RO         3848    i.Tos_TaskCreate    tos.o
    0x080123f0   0x00000064   Code   RO         3849    i.Tos_TaskCreateFindID  tos.o
    0x08012454   0x00000060   Code   RO         3850    i.Tos_TaskCreateQmsg  tos.o
    0x080124b4   0x00000060   Code   RO         3851    i.Tos_TaskDelay     tos.o
    0x08012514   0x00000090   Code   RO         3853    i.Tos_TaskDelete    tos.o
    0x080125a4   0x00000040   Code   RO         4060    i.Tos_TaskDropDev   tos_device.o
    0x080125e4   0x0000008c   Code   RO         4061    i.Tos_TaskGetDev    tos_device.o
    0x08012670   0x00000014   Code   RO         5248    i.Tos_TaskGetHandKey  main.o
    0x08012684   0x0000006c   Code   RO         3855    i.Tos_TaskGetQMsg   tos.o
    0x080126f0   0x0000006c   Code   RO         3856    i.Tos_TaskGetQMsgDelay  tos.o
    0x0801275c   0x00000084   Code   RO         3858    i.Tos_TaskPutQmsg   tos.o
    0x080127e0   0x000000c0   Code   RO         3860    i.Tos_TaskReady     tos.o
    0x080128a0   0x00000034   Code   RO         3861    i.Tos_TaskRecover   tos.o
    0x080128d4   0x00000054   Code   RO         3863    i.Tos_TaskRun       tos.o
    0x08012928   0x0000006e   Code   RO         3865    i.Tos_TaskStackInit  tos.o
    0x08012996   0x00000002   PAD
    0x08012998   0x00000024   Code   RO         3866    i.Tos_TaskStart     tos.o
    0x080129bc   0x0000004c   Code   RO         3867    i.Tos_TaskStop      tos.o
    0x08012a08   0x0000007c   Code   RO         3868    i.Tos_TaskSuspend   tos.o
    0x08012a84   0x000000a0   Code   RO         3869    i.Tos_TaskSwitch    tos.o
    0x08012b24   0x00000012   Code   RO         3870    i.Tos_TaskTcbInit   tos.o
    0x08012b36   0x00000002   PAD
    0x08012b38   0x00000054   Code   RO         3871    i.Tos_TaskTimeout   tos.o
    0x08012b8c   0x00000054   Code   RO         4181    i.Tos_TimerReady    tos_timer.o
    0x08012be0   0x0000003c   Code   RO         3872    i.Tos_WaitDev       tos.o
    0x08012c1c   0x00000060   Code   RO         3367    i.UART4_IRQHandler  usart_driver.o
    0x08012c7c   0x00000060   Code   RO         3368    i.UART5_IRQHandler  usart_driver.o
    0x08012cdc   0x00000060   Code   RO         3369    i.USART1_IRQHandler  usart_driver.o
    0x08012d3c   0x00000060   Code   RO         3370    i.USART2_IRQHandler  usart_driver.o
    0x08012d9c   0x00000060   Code   RO         3371    i.USART3_IRQHandler  usart_driver.o
    0x08012dfc   0x00000012   Code   RO         2825    i.USART_ClearFlag   stm32f10x_usart.o
    0x08012e0e   0x0000001e   Code   RO         2826    i.USART_ClearITPendingBit  stm32f10x_usart.o
    0x08012e2c   0x00000018   Code   RO         2829    i.USART_Cmd         stm32f10x_usart.o
    0x08012e44   0x0000007c   Code   RO         3372    i.USART_Configuration  usart_driver.o
    0x08012ec0   0x0000006e   Code   RO         3373    i.USART_ConfigurationAll  usart_driver.o
    0x08012f2e   0x00000002   PAD
    0x08012f30   0x000000c8   Code   RO         3374    i.USART_GPIO_Init   usart_driver.o
    0x08012ff8   0x00000056   Code   RO         3375    i.USART_GPIO_InitAll  usart_driver.o
    0x0801304e   0x00000054   Code   RO         2833    i.USART_GetITStatus  stm32f10x_usart.o
    0x080130a2   0x00000002   PAD
    0x080130a4   0x00000048   Code   RO         3376    i.USART_GetIndex    usart_driver.o
    0x080130ec   0x0000003c   Code   RO         3379    i.USART_GetTypeDef  usart_driver.o
    0x08013128   0x0000004a   Code   RO         2835    i.USART_ITConfig    stm32f10x_usart.o
    0x08013172   0x00000002   PAD
    0x08013174   0x000000d8   Code   RO         2836    i.USART_Init        stm32f10x_usart.o
    0x0801324c   0x00000040   Code   RO         3380    i.USART_Read        usart_driver.o
    0x0801328c   0x000000b8   Code   RO         3381    i.USART_ReadDatas   usart_driver.o
    0x08013344   0x00000020   Code   RO         3382    i.USART_Write       usart_driver.o
    0x08013364   0x00000012   Code   RO         3383    i.USART_WriteData   usart_driver.o
    0x08013376   0x00000020   Code   RO         3384    i.USART_WriteDatas  usart_driver.o
    0x08013396   0x00000036   Code   RO         3385    i.USART_WriteLine   usart_driver.o
    0x080133cc   0x0000000c   Code   RO         3084    i.USBWakeUp_IRQHandler  stm32f10x_it.o
    0x080133d8   0x00000008   Code   RO         4387    i.Uint32FromByte    text.o
    0x080133e0   0x00000004   Code   RO         3085    i.UsageFault_Handler  stm32f10x_it.o
    0x080133e4   0x0000002c   Code   RO         5250    i.W25Q16_Erase      main.o
    0x08013410   0x00000060   Code   RO         5251    i.W25Q16_EraseThis  main.o
    0x08013470   0x00000014   Code   RO         5254    i.W25Q16_Read       main.o
    0x08013484   0x00000014   Code   RO         5256    i.W25Q16_StdRead    main.o
    0x08013498   0x00000014   Code   RO         5257    i.W25Q16_StdWrite   main.o
    0x080134ac   0x00000024   Code   RO         6802    i.__0vsprintf       mc_w.l(printfa.o)
    0x080134d0   0x0000000e   Code   RO         6932    i.__scatterload_copy  mc_w.l(handlers.o)
    0x080134de   0x00000002   Code   RO         6933    i.__scatterload_null  mc_w.l(handlers.o)
    0x080134e0   0x0000000e   Code   RO         6934    i.__scatterload_zeroinit  mc_w.l(handlers.o)
    0x080134ee   0x00000002   PAD
    0x080134f0   0x0000015c   Code   RO         6803    i._fp_digits        mc_w.l(printfa.o)
    0x0801364c   0x000006f0   Code   RO         6804    i._printf_core      mc_w.l(printfa.o)
    0x08013d3c   0x00000026   Code   RO         6805    i._printf_post_padding  mc_w.l(printfa.o)
    0x08013d62   0x00000030   Code   RO         6806    i._printf_pre_padding  mc_w.l(printfa.o)
    0x08013d92   0x0000000a   Code   RO         6808    i._sputc            mc_w.l(printfa.o)
    0x08013d9c   0x00000010   Code   RO         3310    i.delay_us          i2c_driver.o
    0x08013dac   0x00000138   Code   RO         5268    i.main              main.o
    0x08013ee4   0x00000200   Data   RO         4769    .constdata          cheakout.o
    0x080140e4   0x000073c0   Data   RO         5271    .constdata          main.o
    0x0801b4a4   0x00000018   Data   RO         4919    .conststring        func_face.o
    0x0801b4bc   0x00000334   Data   RO         5272    .conststring        main.o
    0x0801b7f0   0x00000020   Data   RO         6930    Region$$Table       anon$$obj.o


    Execution Region RW_IRAM1 (Base: 0x20000000, Size: 0x0000b698, Max: 0x0000c000, ABSOLUTE)

    Base Addr    Size         Type   Attr      Idx    E Section Name        Object

    0x20000000   0x00000014   Data   RW         1677    .data               stm32f10x_rcc.o
    0x20000014   0x00000014   Data   RW         3387    .data               usart_driver.o
    0x20000028   0x00000028   Data   RW         3873    .data               tos.o
    0x20000050   0x00000008   Data   RW         4062    .data               tos_device.o
    0x20000058   0x00000004   Data   RW         4135    .data               tos_mema.o
    0x2000005c   0x00000004   Data   RW         4182    .data               tos_timer.o
    0x20000060   0x00000008   Data   RW         4229    .data               debug.o
    0x20000068   0x00000008   Data   RW         4920    .data               func_face.o
    0x20000070   0x00000080   Data   RW         5273    .data               main.o
    0x200000f0   0x0000003c   Zero   RW         3386    .bss                usart_driver.o
    0x2000012c   0x0000afc8   Zero   RW         4134    .bss                tos_mema.o
    0x2000b0f4   0x000001a0   Zero   RW         5270    .bss                main.o
    0x2000b294   0x00000004   PAD
    0x2000b298   0x00000400   Zero   RW         3216    STACK               startup_stm32f10x_hd.o


==============================================================================

Image component sizes


      Code (inc. data)   RO Data    RW Data    ZI Data      Debug   Object Name

       342         16          0          0          0       3877   appconfig.o
       146          8        512          0          0       2245   cheakout.o
         0          0          0          0          0        844   comkeyboard.o
         0          0          0          0          0         32   core_cm3.o
       580         64          0          8          0       3192   debug.o
       200         18         24          8          0       2691   func_face.o
       622          0          0          0          0       5816   i2c_driver.o
     41482       7558      30452        128        416     137105   main.o
       156         32          0          0          0     234493   misc.o
       666          0          0          0          0       2779   modbus.o
        36          8        304          0       1024        764   startup_stm32f10x_hd.o
      1130        286          0          0          0      25047   stm32_cpu.o
       390         10          0          0          0      16373   stm32f10x_adc.o
       416          8          0          0          0      13278   stm32f10x_dma.o
       160         12          0          0          0       3709   stm32f10x_exti.o
       274         30          0          0          0       9714   stm32f10x_flash.o
       564         32          0          0          0       4828   stm32f10x_gpio.o
        48          0          0          0          0       5375   stm32f10x_it.o
       140         32          0          0          0       2108   stm32f10x_pwr.o
       364         50          0         20          0       6038   stm32f10x_rcc.o
       112          0          0          0          0      10734   stm32f10x_spi.o
       446          6          0          0          0      11606   stm32f10x_usart.o
       324         26          0          0          0       3333   system_stm32f10x.o
      1662         18          0          0          0      14574   text.o
      2458        238          0         40          0      14998   tos.o
        80         10          0          0          0        228   tos_core_a.o
       784        120          0          8          0       4419   tos_device.o
       192         20          0          4      45000       3200   tos_mema.o
       352         26          0          4          0       3068   tos_timer.o
      1990        288          0         20         60      14187   usart_driver.o

    ----------------------------------------------------------------------
     56184       8916      31324        240      46504     560655   Object Totals
         0          0         32          0          0          0   (incl. Generated)
        68          0          0          0          4          0   (incl. Padding)

    ----------------------------------------------------------------------

      Code (inc. data)   RO Data    RW Data    ZI Data      Debug   Library Member Name

         0          0          0          0          0          0   entry.o
         0          0          0          0          0          0   entry10a.o
         0          0          0          0          0          0   entry11a.o
         8          4          0          0          0          0   entry2.o
         4          0          0          0          0          0   entry5.o
         0          0          0          0          0          0   entry7b.o
         0          0          0          0          0          0   entry8b.o
         8          4          0          0          0          0   entry9a.o
        30          0          0          0          0          0   handlers.o
        36          8          0          0          0         68   init.o
         0          0          0          0          0          0   iusefp.o
        30          0          0          0          0         68   llshl.o
        36          0          0          0          0         68   llsshr.o
        32          0          0          0          0         68   llushr.o
      2256         86          0          0          0        508   printfa.o
        36          0          0          0          0         80   strstr.o
        44          0          0          0          0         80   uidiv.o
        98          0          0          0          0         92   uldiv.o
        40          2          0          0          0         68   cdcmple.o
        40          2          0          0          0         68   cdrcmple.o
        20          0          0          0          0         68   cfcmple.o
        20          0          0          0          0         68   cfrcmple.o
        56          0          0          0          0         88   d2f.o
       334          0          0          0          0        148   dadd.o
       222          0          0          0          0        100   ddiv.o
       190          0          0          0          0        176   depilogue.o
        62          0          0          0          0         80   dfixi.o
        50          0          0          0          0         76   dfixui.o
        48          0          0          0          0         68   dfixul.o
        34          0          0          0          0         76   dflti.o
        26          0          0          0          0         76   dfltui.o
       228          0          0          0          0         96   dmul.o
        38          0          0          0          0         68   f2d.o
       176          0          0          0          0        140   fadd.o
       128          0          0          0          0         88   fdiv.o
       108          0          0          0          0        168   fepilogue.o
        50          0          0          0          0         68   ffixi.o
        40          0          0          0          0         68   ffixui.o
        18          0          0          0          0         68   fflti.o
        10          0          0          0          0         68   ffltui.o
       108          0          0          0          0         76   fmul.o

    ----------------------------------------------------------------------
      4668        106          0          0          0       3100   Library Totals
         4          0          0          0          0          0   (incl. Padding)

    ----------------------------------------------------------------------

      Code (inc. data)   RO Data    RW Data    ZI Data      Debug   Library Name

      2618        102          0          0          0       1032   mc_w.l
      2046          4          0          0          0       2068   mf_w.l

    ----------------------------------------------------------------------
      4668        106          0          0          0       3100   Library Totals

    ----------------------------------------------------------------------

==============================================================================


      Code (inc. data)   RO Data    RW Data    ZI Data      Debug   

     60852       9022      31324        240      46504     541187   Grand Totals
     60852       9022      31324        240      46504     541187   ELF Image Totals
     60852       9022      31324        240          0          0   ROM Totals

==============================================================================

    Total RO  Size (Code + RO Data)                92176 (  90.02kB)
    Total RW  Size (RW Data + ZI Data)             46744 (  45.65kB)
    Total ROM Size (Code + RO Data + RW Data)      92416 (  90.25kB)

==============================================================================

