Component: ARM Compiler 5.06 update 6 (build 750) Tool: armlink [4d35ed]

==============================================================================

Section Cross References

    stm32f10x_adc.o(i.ADC_DeInit) refers to stm32f10x_rcc.o(i.RCC_APB2PeriphResetCmd) for RCC_APB2PeriphResetCmd
    stm32f10x_bkp.o(i.BKP_DeInit) refers to stm32f10x_rcc.o(i.RCC_BackupResetCmd) for RCC_BackupResetCmd
    stm32f10x_can.o(i.CAN_DeInit) refers to stm32f10x_rcc.o(i.RCC_APB1PeriphResetCmd) for RCC_APB1PeriphResetCmd
    stm32f10x_can.o(i.CAN_GetITStatus) refers to stm32f10x_can.o(i.CheckITStatus) for CheckITStatus
    stm32f10x_cec.o(i.CEC_DeInit) refers to stm32f10x_rcc.o(i.RCC_APB1PeriphResetCmd) for RCC_APB1PeriphResetCmd
    stm32f10x_dac.o(i.DAC_DeInit) refers to stm32f10x_rcc.o(i.RCC_APB1PeriphResetCmd) for RCC_APB1PeriphResetCmd
    stm32f10x_flash.o(i.FLASH_EnableWriteProtection) refers to stm32f10x_flash.o(i.FLASH_WaitForLastOperation) for FLASH_WaitForLastOperation
    stm32f10x_flash.o(i.FLASH_EraseAllBank1Pages) refers to stm32f10x_flash.o(i.FLASH_WaitForLastBank1Operation) for FLASH_WaitForLastBank1Operation
    stm32f10x_flash.o(i.FLASH_EraseAllPages) refers to stm32f10x_flash.o(i.FLASH_WaitForLastOperation) for FLASH_WaitForLastOperation
    stm32f10x_flash.o(i.FLASH_EraseOptionBytes) refers to stm32f10x_flash.o(i.FLASH_GetReadOutProtectionStatus) for FLASH_GetReadOutProtectionStatus
    stm32f10x_flash.o(i.FLASH_EraseOptionBytes) refers to stm32f10x_flash.o(i.FLASH_WaitForLastOperation) for FLASH_WaitForLastOperation
    stm32f10x_flash.o(i.FLASH_ErasePage) refers to stm32f10x_flash.o(i.FLASH_WaitForLastOperation) for FLASH_WaitForLastOperation
    stm32f10x_flash.o(i.FLASH_ProgramHalfWord) refers to stm32f10x_flash.o(i.FLASH_WaitForLastOperation) for FLASH_WaitForLastOperation
    stm32f10x_flash.o(i.FLASH_ProgramOptionByteData) refers to stm32f10x_flash.o(i.FLASH_WaitForLastOperation) for FLASH_WaitForLastOperation
    stm32f10x_flash.o(i.FLASH_ProgramWord) refers to stm32f10x_flash.o(i.FLASH_WaitForLastOperation) for FLASH_WaitForLastOperation
    stm32f10x_flash.o(i.FLASH_ReadOutProtection) refers to stm32f10x_flash.o(i.FLASH_WaitForLastOperation) for FLASH_WaitForLastOperation
    stm32f10x_flash.o(i.FLASH_UserOptionByteConfig) refers to stm32f10x_flash.o(i.FLASH_WaitForLastOperation) for FLASH_WaitForLastOperation
    stm32f10x_flash.o(i.FLASH_WaitForLastBank1Operation) refers to stm32f10x_flash.o(i.FLASH_GetBank1Status) for FLASH_GetBank1Status
    stm32f10x_flash.o(i.FLASH_WaitForLastOperation) refers to stm32f10x_flash.o(i.FLASH_GetBank1Status) for FLASH_GetBank1Status
    stm32f10x_gpio.o(i.GPIO_AFIODeInit) refers to stm32f10x_rcc.o(i.RCC_APB2PeriphResetCmd) for RCC_APB2PeriphResetCmd
    stm32f10x_gpio.o(i.GPIO_DeInit) refers to stm32f10x_rcc.o(i.RCC_APB2PeriphResetCmd) for RCC_APB2PeriphResetCmd
    stm32f10x_i2c.o(i.I2C_DeInit) refers to stm32f10x_rcc.o(i.RCC_APB1PeriphResetCmd) for RCC_APB1PeriphResetCmd
    stm32f10x_i2c.o(i.I2C_Init) refers to stm32f10x_rcc.o(i.RCC_GetClocksFreq) for RCC_GetClocksFreq
    stm32f10x_pwr.o(i.PWR_DeInit) refers to stm32f10x_rcc.o(i.RCC_APB1PeriphResetCmd) for RCC_APB1PeriphResetCmd
    stm32f10x_rcc.o(i.RCC_GetClocksFreq) refers to stm32f10x_rcc.o(.data) for APBAHBPrescTable
    stm32f10x_rcc.o(i.RCC_WaitForHSEStartUp) refers to stm32f10x_rcc.o(i.RCC_GetFlagStatus) for RCC_GetFlagStatus
    stm32f10x_rtc.o(i.RTC_SetAlarm) refers to stm32f10x_rtc.o(i.RTC_EnterConfigMode) for RTC_EnterConfigMode
    stm32f10x_rtc.o(i.RTC_SetAlarm) refers to stm32f10x_rtc.o(i.RTC_ExitConfigMode) for RTC_ExitConfigMode
    stm32f10x_rtc.o(i.RTC_SetCounter) refers to stm32f10x_rtc.o(i.RTC_EnterConfigMode) for RTC_EnterConfigMode
    stm32f10x_rtc.o(i.RTC_SetCounter) refers to stm32f10x_rtc.o(i.RTC_ExitConfigMode) for RTC_ExitConfigMode
    stm32f10x_rtc.o(i.RTC_SetPrescaler) refers to stm32f10x_rtc.o(i.RTC_EnterConfigMode) for RTC_EnterConfigMode
    stm32f10x_rtc.o(i.RTC_SetPrescaler) refers to stm32f10x_rtc.o(i.RTC_ExitConfigMode) for RTC_ExitConfigMode
    stm32f10x_spi.o(i.I2S_Init) refers to stm32f10x_rcc.o(i.RCC_GetClocksFreq) for RCC_GetClocksFreq
    stm32f10x_spi.o(i.SPI_I2S_DeInit) refers to stm32f10x_rcc.o(i.RCC_APB2PeriphResetCmd) for RCC_APB2PeriphResetCmd
    stm32f10x_spi.o(i.SPI_I2S_DeInit) refers to stm32f10x_rcc.o(i.RCC_APB1PeriphResetCmd) for RCC_APB1PeriphResetCmd
    stm32f10x_tim.o(i.TIM_DeInit) refers to stm32f10x_rcc.o(i.RCC_APB2PeriphResetCmd) for RCC_APB2PeriphResetCmd
    stm32f10x_tim.o(i.TIM_DeInit) refers to stm32f10x_rcc.o(i.RCC_APB1PeriphResetCmd) for RCC_APB1PeriphResetCmd
    stm32f10x_tim.o(i.TIM_ETRClockMode1Config) refers to stm32f10x_tim.o(i.TIM_ETRConfig) for TIM_ETRConfig
    stm32f10x_tim.o(i.TIM_ETRClockMode2Config) refers to stm32f10x_tim.o(i.TIM_ETRConfig) for TIM_ETRConfig
    stm32f10x_tim.o(i.TIM_ICInit) refers to stm32f10x_tim.o(i.TI1_Config) for TI1_Config
[...]
    i.Device_Ok                              0x0800152c   Section        0  tos_device.o(i.Device_Ok)
    i.EP1_IN_Callback                        0x08001550   Section        0  main.o(i.EP1_IN_Callback)
    i.EP3_OUT_Callback                       0x0800155c   Section        0  main.o(i.EP3_OUT_Callback)
    i.EXTI_ClearITPendingBit                 0x08001588   Section        0  stm32f10x_exti.o(i.EXTI_ClearITPendingBit)
    i.FlowPoolFilter                         0x08001594   Section        0  text.o(i.FlowPoolFilter)
    i.GPIO_Init                              0x080015ce   Section        0  stm32f10x_gpio.o(i.GPIO_Init)
    i.GPIO_InitList                          0x080016e4   Section        0  stm32_cpu.o(i.GPIO_InitList)
    i.GPIO_PinRemapConfig                    0x0800176c   Section        0  stm32f10x_gpio.o(i.GPIO_PinRemapConfig)
    i.GPIO_ReadInputDataBit                  0x080017fc   Section        0  stm32f10x_gpio.o(i.GPIO_ReadInputDataBit)
    i.GPIO_ResetBits                         0x0800180e   Section        0  stm32f10x_gpio.o(i.GPIO_ResetBits)
    i.GPIO_Set                               0x08001812   Section        0  gpio_driver.o(i.GPIO_Set)
    i.GPIO_SetAll                            0x08001830   Section        0  gpio_driver.o(i.GPIO_SetAll)
    i.GPIO_SetBits                           0x08001880   Section        0  stm32f10x_gpio.o(i.GPIO_SetBits)
    i.GPIO_SetIndex                          0x08001884   Section        0  gpio_driver.o(i.GPIO_SetIndex)
    i.GetChar_List                           0x080018b8   Section        0  debug.o(i.GetChar_List)
    i.GetData                                0x08001938   Section        0  main.o(i.GetData)
    i.GetEPRxAddr                            0x08001960   Section        0  main.o(i.GetEPRxAddr)
    i.GetEPRxCount                           0x08001980   Section        0  main.o(i.GetEPRxCount)
    i.GetEPTxAddr                            0x080019a4   Section        0  main.o(i.GetEPTxAddr)
    i.GetStringByFmt                         0x080019c4   Section        0  text.o(i.GetStringByFmt)
    i.GetTextLength                          0x080019e8   Section        0  text.o(i.GetTextLength)
    i.Get_SerialNum                          0x08001a00   Section        0  main.o(i.Get_SerialNum)
    i.HardFault_Handler                      0x08001a50   Section        0  stm32f10x_it.o(i.HardFault_Handler)
    i.IIC_DelayUs                            0x08001a58   Section        0  main.o(i.IIC_DelayUs)
    i.IIC_Pin_In                             0x08001a66   Section        0  main.o(i.IIC_Pin_In)
    IIC_Pin_In                               0x08001a67   Thumb Code    36  main.o(i.IIC_Pin_In)
    i.IIC_Pin_Out                            0x08001a8a   Section        0  main.o(i.IIC_Pin_Out)
    IIC_Pin_Out                              0x08001a8b   Thumb Code    36  main.o(i.IIC_Pin_Out)
    i.IIC_ReadAck                            0x08001aae   Section        0  main.o(i.IIC_ReadAck)
    i.IIC_RecvByte                           0x08001afa   Section        0  main.o(i.IIC_RecvByte)
    i.IIC_SendAck                            0x08001b5a   Section        0  main.o(i.IIC_SendAck)
    i.IIC_SendByte                           0x08001b9a   Section        0  main.o(i.IIC_SendByte)
    i.IIC_Start                              0x08001bf2   Section        0  main.o(i.IIC_Start)
    i.IIC_Stop                               0x08001c2a   Section        0  main.o(i.IIC_Stop)
    i.IWDG_Configuration                     0x08001c62   Section        0  stm32_cpu.o(i.IWDG_Configuration)
    i.IWDG_Enable                            0x08001c84   Section        0  stm32f10x_iwdg.o(i.IWDG_Enable)
    i.IWDG_ReloadCounter                     0x08001c94   Section        0  stm32f10x_iwdg.o(i.IWDG_ReloadCounter)
    i.IWDG_SetPrescaler                      0x08001ca4   Section        0  stm32f10x_iwdg.o(i.IWDG_SetPrescaler)
    i.IWDG_SetReload                         0x08001cb0   Section        0  stm32f10x_iwdg.o(i.IWDG_SetReload)
    i.IWDG_WriteAccessCmd                    0x08001cbc   Section        0  stm32f10x_iwdg.o(i.IWDG_WriteAccessCmd)
    i.In0_Process                            0x08001cc8   Section        0  main.o(i.In0_Process)
    i.InitMPU6050                            0x08001d38   Section        0  main.o(i.InitMPU6050)
    i.MCU_Reset                              0x08001d70   Section        0  stm32_cpu.o(i.MCU_Reset)
    i.MPU_Init                               0x08001d98   Section        0  main.o(i.MPU_Init)
    i.MemManage_Handler                      0x08001da4   Section        0  stm32f10x_it.o(i.MemManage_Handler)
    i.Mema_Free                              0x08001da8   Section        0  tos_mema.o(i.Mema_Free)
    i.Mema_GetSize                           0x08001dd8   Section        0  tos_mema.o(i.Mema_GetSize)
    i.Mema_Init                              0x08001de4   Section        0  tos_mema.o(i.Mema_Init)
    i.Mema_Malloc                            0x08001e00   Section        0  tos_mema.o(i.Mema_Malloc)
    i.NMI_Handler                            0x08001e4c   Section        0  stm32f10x_it.o(i.NMI_Handler)
    i.NOP_Process                            0x08001e4e   Section        0  main.o(i.NOP_Process)
    i.NVIC_Init                              0x08001e50   Section        0  misc.o(i.NVIC_Init)
    i.NVIC_PriorityGroupConfig               0x08001ec0   Section        0  misc.o(i.NVIC_PriorityGroupConfig)
    i.NoData_Setup0                          0x08001ed4   Section        0  main.o(i.NoData_Setup0)
    NoData_Setup0                            0x08001ed5   Thumb Code   302  main.o(i.NoData_Setup0)
    i.Out0_Process                           0x08002018   Section        0  main.o(i.Out0_Process)
    i.PMAToUserBufferCopy                    0x08002068   Section        0  main.o(i.PMAToUserBufferCopy)
    i.PendSV_Handler                         0x08002090   Section        0  stm32f10x_it.o(i.PendSV_Handler)
    i.Post0_Process                          0x08002094   Section        0  main.o(i.Post0_Process)
    i.PowerOn                                0x080020dc   Section        0  main.o(i.PowerOn)
    i.RCC_APB1PeriphClockCmd                 0x0800211c   Section        0  stm32f10x_rcc.o(i.RCC_APB1PeriphClockCmd)
    i.RCC_APB2PeriphClockCmd                 0x0800213c   Section        0  stm32f10x_rcc.o(i.RCC_APB2PeriphClockCmd)
    i.RCC_GetClocksFreq                      0x0800215c   Section        0  stm32f10x_rcc.o(i.RCC_GetClocksFreq)
    i.RCC_USBCLKConfig                       0x08002230   Section        0  stm32f10x_rcc.o(i.RCC_USBCLKConfig)
    i.Remap_SWJ_JTAGDisable                  0x0800223c   Section        0  stm32_cpu.o(i.Remap_SWJ_JTAGDisable)
    i.SVC_Handler                            0x0800224c   Section        0  stm32f10x_it.o(i.SVC_Handler)
    i.SetBTABLE                              0x08002250   Section        0  main.o(i.SetBTABLE)
    i.SetDeviceAddress                       0x08002260   Section        0  main.o(i.SetDeviceAddress)
    i.SetEPRxAddr                            0x080022ac   Section        0  main.o(i.SetEPRxAddr)
    i.SetEPRxCount                           0x080022d0   Section        0  main.o(i.SetEPRxCount)
    i.SetEPRxStatus                          0x0800231c   Section        0  main.o(i.SetEPRxStatus)
    i.SetEPRxValid                           0x08002354   Section        0  main.o(i.SetEPRxValid)
    i.SetEPTxAddr                            0x08002380   Section        0  main.o(i.SetEPTxAddr)
    i.SetEPTxCount                           0x080023a0   Section        0  main.o(i.SetEPTxCount)
    i.SetEPTxStatus                          0x080023bc   Section        0  main.o(i.SetEPTxStatus)
    i.SetEPTxValid                           0x080023f4   Section        0  main.o(i.SetEPTxValid)
    i.SetEPType                              0x08002420   Section        0  main.o(i.SetEPType)
    i.SetSysClock                            0x08002444   Section        0  system_stm32f10x.o(i.SetSysClock)
    i.SetSysClockTo72                        0x0800244c   Section        0  system_stm32f10x.o(i.SetSysClockTo72)
    SetSysClockTo72                          0x0800244d   Thumb Code   214  system_stm32f10x.o(i.SetSysClockTo72)
    i.Set_System                             0x0800252c   Section        0  main.o(i.Set_System)
    i.Set_USBClock                           0x08002598   Section        0  main.o(i.Set_USBClock)
    i.Setup0_Process                         0x080025ac   Section        0  main.o(i.Setup0_Process)
    i.Single_ReadI2C                         0x0800265c   Section        0  main.o(i.Single_ReadI2C)
    i.Single_WriteI2C                        0x080026ac   Section        0  main.o(i.Single_WriteI2C)
    i.Standard_ClearFeature                  0x080026e8   Section        0  main.o(i.Standard_ClearFeature)
    i.Standard_GetConfiguration              0x08002844   Section        0  main.o(i.Standard_GetConfiguration)
    i.Standard_GetDescriptorData             0x08002870   Section        0  main.o(i.Standard_GetDescriptorData)
    i.Standard_GetInterface                  0x08002894   Section        0  main.o(i.Standard_GetInterface)
    i.Standard_GetStatus                     0x080028c0   Section        0  main.o(i.Standard_GetStatus)
    i.Standard_SetConfiguration              0x080029b0   Section        0  main.o(i.Standard_SetConfiguration)
    i.Standard_SetDeviceFeature              0x080029f8   Section        0  main.o(i.Standard_SetDeviceFeature)
    i.Standard_SetEndPointFeature            0x08002a20   Section        0  main.o(i.Standard_SetEndPointFeature)
    i.Standard_SetInterface                  0x08002ae0   Section        0  main.o(i.Standard_SetInterface)
    i.StringEndingAppend                     0x08002b4c   Section        0  text.o(i.StringEndingAppend)
    i.SysTick_Handler                        0x08002b8e   Section        0  stm32f10x_it.o(i.SysTick_Handler)
    i.SysTick_Set                            0x08002b98   Section        0  stm32_cpu.o(i.SysTick_Set)
    i.SystemInit                             0x08002bf0   Section        0  system_stm32f10x.o(i.SystemInit)
    i.Task0                                  0x08002c50   Section        0  main.o(i.Task0)
    i.Task3                                  0x08002ca4   Section        0  main.o(i.Task3)
    i.Task_Arrary                            0x08002d34   Section        0  func_face.o(i.Task_Arrary)
    i.Task_GetKeyVirtual                     0x08002dd8   Section        0  main.o(i.Task_GetKeyVirtual)
    i.Task_VirtualCOM                        0x08002e18   Section        0  main.o(i.Task_VirtualCOM)
    i.TempGD20                               0x08002e3c   Section        0  main.o(i.TempGD20)
    i.Tos_ComputeCPURate                     0x08002f3c   Section        0  tos.o(i.Tos_ComputeCPURate)
    i.Tos_Init                               0x08002f98   Section        0  tos.o(i.Tos_Init)
    i.Tos_ListCreate                         0x08003030   Section        0  tos.o(i.Tos_ListCreate)
    i.Tos_RootTask                           0x08003050   Section        0  tos.o(i.Tos_RootTask)
    i.Tos_ScanTimer                          0x0800306c   Section        0  tos_timer.o(i.Tos_ScanTimer)
    i.Tos_Start                              0x080030a4   Section        0  tos.o(i.Tos_Start)
    i.Tos_SysTick                            0x080030d4   Section        0  tos.o(i.Tos_SysTick)
    i.Tos_TaskCreate                         0x0800311c   Section        0  tos.o(i.Tos_TaskCreate)
    i.Tos_TaskCreateFindID                   0x080031ec   Section        0  tos.o(i.Tos_TaskCreateFindID)
    i.Tos_TaskCreateQmsg                     0x08003250   Section        0  tos.o(i.Tos_TaskCreateQmsg)
    i.Tos_TaskDelay                          0x080032b0   Section        0  tos.o(i.Tos_TaskDelay)
    i.Tos_TaskDropDev                        0x08003310   Section        0  tos_device.o(i.Tos_TaskDropDev)
    i.Tos_TaskGetDev                         0x08003350   Section        0  tos_device.o(i.Tos_TaskGetDev)
    i.Tos_TaskGetQMsg                        0x080033dc   Section        0  tos.o(i.Tos_TaskGetQMsg)
    i.Tos_TaskPutQmsg                        0x08003440   Section        0  tos.o(i.Tos_TaskPutQmsg)
    i.Tos_TaskReady                          0x080034c0   Section        0  tos.o(i.Tos_TaskReady)
    i.Tos_TaskRecover                        0x08003580   Section        0  tos.o(i.Tos_TaskRecover)
    i.Tos_TaskRun                            0x080035b4   Section        0  tos.o(i.Tos_TaskRun)
    i.Tos_TaskStackInit                      0x08003608   Section        0  tos.o(i.Tos_TaskStackInit)
    i.Tos_TaskStart                          0x08003678   Section        0  tos.o(i.Tos_TaskStart)
    i.Tos_TaskStop                           0x0800369c   Section        0  tos.o(i.Tos_TaskStop)
    i.Tos_TaskSuspend                        0x080036e8   Section        0  tos.o(i.Tos_TaskSuspend)
    i.Tos_TaskSwitch                         0x08003764   Section        0  tos.o(i.Tos_TaskSwitch)
    i.Tos_TaskTcbInit                        0x08003804   Section        0  tos.o(i.Tos_TaskTcbInit)
    i.Tos_TaskTimeout                        0x08003818   Section        0  tos.o(i.Tos_TaskTimeout)
    i.Tos_TimerReady                         0x0800386c   Section        0  tos_timer.o(i.Tos_TimerReady)
    i.Tos_WaitDev                            0x080038c0   Section        0  tos.o(i.Tos_WaitDev)
    i.UART4_IRQHandler                       0x080038fc   Section        0  usart_driver.o(i.UART4_IRQHandler)
    i.UART5_IRQHandler                       0x0800395c   Section        0  usart_driver.o(i.UART5_IRQHandler)
    i.USART1_IRQHandler                      0x080039bc   Section        0  usart_driver.o(i.USART1_IRQHandler)
    i.USART2_IRQHandler                      0x08003a1c   Section        0  usart_driver.o(i.USART2_IRQHandler)
    i.USART3_IRQHandler                      0x08003a7c   Section        0  usart_driver.o(i.USART3_IRQHandler)
    i.USART_ClearFlag                        0x08003adc   Section        0  stm32f10x_usart.o(i.USART_ClearFlag)
    i.USART_ClearITPendingBit                0x08003aee   Section        0  stm32f10x_usart.o(i.USART_ClearITPendingBit)
    i.USART_Cmd                              0x08003b0c   Section        0  stm32f10x_usart.o(i.USART_Cmd)
    i.USART_Config                           0x08003b24   Section        0  main.o(i.USART_Config)
    i.USART_Config_Default                   0x08003bf8   Section        0  main.o(i.USART_Config_Default)
    i.USART_Configuration                    0x08003c34   Section        0  usart_driver.o(i.USART_Configuration)
    i.USART_ConfigurationAll                 0x08003cb0   Section        0  usart_driver.o(i.USART_ConfigurationAll)
    i.USART_GPIO_Init                        0x08003d20   Section        0  usart_driver.o(i.USART_GPIO_Init)
    i.USART_GPIO_InitAll                     0x08003de8   Section        0  usart_driver.o(i.USART_GPIO_InitAll)
    i.USART_GetITStatus                      0x08003e3e   Section        0  stm32f10x_usart.o(i.USART_GetITStatus)
    i.USART_GetIndex                         0x08003e94   Section        0  usart_driver.o(i.USART_GetIndex)
    i.USART_GetTypeDef                       0x08003edc   Section        0  usart_driver.o(i.USART_GetTypeDef)
    i.USART_ITConfig                         0x08003f18   Section        0  stm32f10x_usart.o(i.USART_ITConfig)
    i.USART_Init                             0x08003f64   Section        0  stm32f10x_usart.o(i.USART_Init)
    i.USART_Read                             0x0800403c   Section        0  usart_driver.o(i.USART_Read)
    i.USART_ReadDatas                        0x0800407c   Section        0  usart_driver.o(i.USART_ReadDatas)
    i.USART_Write                            0x08004134   Section        0  usart_driver.o(i.USART_Write)
    i.USART_WriteDatas                       0x08004154   Section        0  usart_driver.o(i.USART_WriteDatas)
    i.USBWakeUp_IRQHandler                   0x08004176   Section        0  stm32f10x_it.o(i.USBWakeUp_IRQHandler)
    i.USB_Cable_Config                       0x08004184   Section        0  main.o(i.USB_Cable_Config)
    i.USB_Init                               0x080041a8   Section        0  main.o(i.USB_Init)
    i.USB_Interrupts_Config                  0x080041e4   Section        0  main.o(i.USB_Interrupts_Config)
    i.USB_Istr                               0x08004220   Section        0  main.o(i.USB_Istr)
    i.USB_LP_CAN1_RX0_IRQHandler             0x08004294   Section        0  main.o(i.USB_LP_CAN1_RX0_IRQHandler)
    i.UsageFault_Handler                     0x0800429c   Section        0  stm32f10x_it.o(i.UsageFault_Handler)
    i.Usart_CallBack                         0x080042a0   Section        0  main.o(i.Usart_CallBack)
    i.UserToPMABufferCopy                    0x080042b0   Section        0  main.o(i.UserToPMABufferCopy)
    i.Virtual_Com_Port_Data_Setup            0x080042e8   Section        0  main.o(i.Virtual_Com_Port_Data_Setup)
    i.Virtual_Com_Port_GetConfigDescriptor   0x0800434c   Section        0  main.o(i.Virtual_Com_Port_GetConfigDescriptor)
    i.Virtual_Com_Port_GetDeviceDescriptor   0x08004360   Section        0  main.o(i.Virtual_Com_Port_GetDeviceDescriptor)
    i.Virtual_Com_Port_GetLineCoding         0x08004374   Section        0  main.o(i.Virtual_Com_Port_GetLineCoding)
    i.Virtual_Com_Port_GetStringDescriptor   0x08004390   Section        0  main.o(i.Virtual_Com_Port_GetStringDescriptor)
    i.Virtual_Com_Port_Get_Interface_Setting 0x080043b8   Section        0  main.o(i.Virtual_Com_Port_Get_Interface_Setting)
    i.Virtual_Com_Port_NoData_Setup          0x080043d0   Section        0  main.o(i.Virtual_Com_Port_NoData_Setup)
    i.Virtual_Com_Port_Reset                 0x080043f8   Section        0  main.o(i.Virtual_Com_Port_Reset)
    i.Virtual_Com_Port_SetConfiguration      0x080044e0   Section        0  main.o(i.Virtual_Com_Port_SetConfiguration)
    i.Virtual_Com_Port_SetDeviceAddress      0x080044f8   Section        0  main.o(i.Virtual_Com_Port_SetDeviceAddress)
    i.Virtual_Com_Port_SetLineCoding         0x08004504   Section        0  main.o(i.Virtual_Com_Port_SetLineCoding)
    i.Virtual_Com_Port_Status_In             0x08004520   Section        0  main.o(i.Virtual_Com_Port_Status_In)
    i.Virtual_Com_Port_Status_Out            0x0800453c   Section        0  main.o(i.Virtual_Com_Port_Status_Out)
    i.Virtual_Com_Port_init                  0x08004540   Section        0  main.o(i.Virtual_Com_Port_init)
    i.VisualCOM_Reads                        0x08004588   Section        0  main.o(i.VisualCOM_Reads)
    i.VisualCOM_Writes                       0x080045c8   Section        0  main.o(i.VisualCOM_Writes)
    i.__0vsprintf                            0x08004634   Section        0  printfa.o(i.__0vsprintf)
    i.__scatterload_copy                     0x08004658   Section       14  handlers.o(i.__scatterload_copy)
    i.__scatterload_null                     0x08004666   Section        2  handlers.o(i.__scatterload_null)
    i.__scatterload_zeroinit                 0x08004668   Section       14  handlers.o(i.__scatterload_zeroinit)
    i._fp_digits                             0x08004678   Section        0  printfa.o(i._fp_digits)
    _fp_digits                               0x08004679   Thumb Code   366  printfa.o(i._fp_digits)
    i._printf_core                           0x080047fc   Section        0  printfa.o(i._printf_core)
    _printf_core                             0x080047fd   Thumb Code  1744  printfa.o(i._printf_core)
    i._printf_post_padding                   0x08004ed8   Section        0  printfa.o(i._printf_post_padding)
    _printf_post_padding                     0x08004ed9   Thumb Code    36  printfa.o(i._printf_post_padding)
    i._printf_pre_padding                    0x08004efc   Section        0  printfa.o(i._printf_pre_padding)
    _printf_pre_padding                      0x08004efd   Thumb Code    46  printfa.o(i._printf_pre_padding)
    i._sputc                                 0x08004f2a   Section        0  printfa.o(i._sputc)
    _sputc                                   0x08004f2b   Thumb Code    10  printfa.o(i._sputc)
    i.main                                   0x08004f34   Section        0  main.o(i.main)
    .constdata                               0x08004f64   Section      492  main.o(.constdata)
    .conststring                             0x08005150   Section       24  func_face.o(.conststring)
    .conststring                             0x08005168   Section       44  main.o(.conststring)
    .data                                    0x20000000   Section       20  stm32f10x_rcc.o(.data)
    APBAHBPrescTable                         0x20000000   Data          16  stm32f10x_rcc.o(.data)
    ADCPrescTable                            0x20000010   Data           4  stm32f10x_rcc.o(.data)
    .data                                    0x20000014   Section       20  usart_driver.o(.data)
    .data                                    0x20000028   Section        2  gpio_driver.o(.data)
    .data                                    0x2000002c   Section       37  tos.o(.data)
    Count                                    0x20000048   Data           1  tos.o(.data)
    i                                        0x20000049   Data           1  tos.o(.data)
    Pool                                     0x2000004c   Data           4  tos.o(.data)
    Use                                      0x20000050   Data           1  tos.o(.data)
    .data                                    0x20000054   Section        8  tos_device.o(.data)
    .data                                    0x2000005c   Section        4  tos_mema.o(.data)
    .data                                    0x20000060   Section        4  tos_timer.o(.data)
    .data                                    0x20000064   Section        7  debug.o(.data)
    .data                                    0x2000006c   Section        8  func_face.o(.data)
    .data                                    0x20000074   Section        1  comkeyboard.o(.data)
    .data                                    0x20000078   Section      279  main.o(.data)
    .bss                                     0x20000190   Section       60  usart_driver.o(.bss)
    .bss                                     0x200001cc   Section    12000  tos_mema.o(.bss)
    .bss                                     0x200030ac   Section      172  main.o(.bss)
    STACK                                    0x20003158   Section     1024  startup_stm32f10x_hd.o(STACK)

    Global Symbols

    Symbol Name                              Value     Ov Type        Size  Object(Section)

    BuildAttributes$$THM_ISAv4$P$D$K$B$S$PE$A:L22UL41UL21$X:L11$S22US41US21$IEEE1$IW$USESV6$~STKCKD$USESV7$~SHL$OTIME$ROPI$IEEEX$EBA8$MICROLIB$REQ8$PRES8$EABIv2 0x00000000   Number         0  anon$$obj.o ABSOLUTE
    __ARM_use_no_argv                        0x00000000   Number         0  main.o ABSOLUTE
    __cpp_initialize__aeabi_                  - Undefined Weak Reference
    __cxa_finalize                            - Undefined Weak Reference
    _clock_init                               - Undefined Weak Reference
    _microlib_exit                            - Undefined Weak Reference
    __Vectors_Size                           0x00000130   Number         0  startup_stm32f10x_hd.o ABSOLUTE
    __Vectors                                0x08000000   Data           4  startup_stm32f10x_hd.o(RESET)
    __Vectors_End                            0x08000130   Data           0  startup_stm32f10x_hd.o(RESET)
    __main                                   0x08000131   Thumb Code     0  entry.o(.ARM.Collect$$$$00000000)
    _main_stk                                0x08000131   Thumb Code     0  entry2.o(.ARM.Collect$$$$00000001)
    _main_scatterload                        0x08000135   Thumb Code     0  entry5.o(.ARM.Collect$$$$00000004)
    __main_after_scatterload                 0x08000139   Thumb Code     0  entry5.o(.ARM.Collect$$$$00000004)
    _main_clock                              0x08000139   Thumb Code     0  entry7b.o(.ARM.Collect$$$$00000008)
    _main_cpp_init                           0x08000139   Thumb Code     0  entry8b.o(.ARM.Collect$$$$0000000A)
    _main_init                               0x08000139   Thumb Code     0  entry9a.o(.ARM.Collect$$$$0000000B)
    __rt_final_cpp                           0x08000141   Thumb Code     0  entry10a.o(.ARM.Collect$$$$0000000D)
    __rt_final_exit                          0x08000141   Thumb Code     0  entry11a.o(.ARM.Collect$$$$0000000F)
    Reset_Handler                            0x08000145   Thumb Code     8  startup_stm32f10x_hd.o(.text)
    ADC1_2_IRQHandler                        0x0800015f   Thumb Code     0  startup_stm32f10x_hd.o(.text)
    ADC3_IRQHandler                          0x0800015f   Thumb Code     0  startup_stm32f10x_hd.o(.text)
    CAN1_RX1_IRQHandler                      0x0800015f   Thumb Code     0  startup_stm32f10x_hd.o(.text)
    CAN1_SCE_IRQHandler                      0x0800015f   Thumb Code     0  startup_stm32f10x_hd.o(.text)
    DMA1_Channel1_IRQHandler                 0x0800015f   Thumb Code     0  startup_stm32f10x_hd.o(.text)
    DMA1_Channel2_IRQHandler                 0x0800015f   Thumb Code     0  startup_stm32f10x_hd.o(.text)
    DMA1_Channel3_IRQHandler                 0x0800015f   Thumb Code     0  startup_stm32f10x_hd.o(.text)
    DMA1_Channel4_IRQHandler                 0x0800015f   Thumb Code     0  startup_stm32f10x_hd.o(.text)
    DMA1_Channel5_IRQHandler                 0x0800015f   Thumb Code     0  startup_stm32f10x_hd.o(.text)
    DMA1_Channel6_IRQHandler                 0x0800015f   Thumb Code     0  startup_stm32f10x_hd.o(.text)
    DMA1_Channel7_IRQHandler                 0x0800015f   Thumb Code     0  startup_stm32f10x_hd.o(.text)
    DMA2_Channel1_IRQHandler                 0x0800015f   Thumb Code     0  startup_stm32f10x_hd.o(.text)
    DMA2_Channel2_IRQHandler                 0x0800015f   Thumb Code     0  startup_stm32f10x_hd.o(.text)
    DMA2_Channel3_IRQHandler                 0x0800015f   Thumb Code     0  startup_stm32f10x_hd.o(.text)
    DMA2_Channel4_5_IRQHandler               0x0800015f   Thumb Code     0  startup_stm32f10x_hd.o(.text)
    EXTI0_IRQHandler                         0x0800015f   Thumb Code     0  startup_stm32f10x_hd.o(.text)
    EXTI15_10_IRQHandler                     0x0800015f   Thumb Code     0  startup_stm32f10x_hd.o(.text)
    EXTI1_IRQHandler                         0x0800015f   Thumb Code     0  startup_stm32f10x_hd.o(.text)
    EXTI2_IRQHandler                         0x0800015f   Thumb Code     0  startup_stm32f10x_hd.o(.text)
    EXTI3_IRQHandler                         0x0800015f   Thumb Code     0  startup_stm32f10x_hd.o(.text)
    EXTI4_IRQHandler                         0x0800015f   Thumb Code     0  startup_stm32f10x_hd.o(.text)
    EXTI9_5_IRQHandler                       0x0800015f   Thumb Code     0  startup_stm32f10x_hd.o(.text)
    FLASH_IRQHandler                         0x0800015f   Thumb Code     0  startup_stm32f10x_hd.o(.text)
    FSMC_IRQHandler                          0x0800015f   Thumb Code     0  startup_stm32f10x_hd.o(.text)
    I2C1_ER_IRQHandler                       0x0800015f   Thumb Code     0  startup_stm32f10x_hd.o(.text)
    I2C1_EV_IRQHandler                       0x0800015f   Thumb Code     0  startup_stm32f10x_hd.o(.text)
    I2C2_ER_IRQHandler                       0x0800015f   Thumb Code     0  startup_stm32f10x_hd.o(.text)
    I2C2_EV_IRQHandler                       0x0800015f   Thumb Code     0  startup_stm32f10x_hd.o(.text)
    PVD_IRQHandler                           0x0800015f   Thumb Code     0  startup_stm32f10x_hd.o(.text)
    RCC_IRQHandler                           0x0800015f   Thumb Code     0  startup_stm32f10x_hd.o(.text)
    RTCAlarm_IRQHandler                      0x0800015f   Thumb Code     0  startup_stm32f10x_hd.o(.text)
    RTC_IRQHandler                           0x0800015f   Thumb Code     0  startup_stm32f10x_hd.o(.text)
    SDIO_IRQHandler                          0x0800015f   Thumb Code     0  startup_stm32f10x_hd.o(.text)
    SPI1_IRQHandler                          0x0800015f   Thumb Code     0  startup_stm32f10x_hd.o(.text)
    SPI2_IRQHandler                          0x0800015f   Thumb Code     0  startup_stm32f10x_hd.o(.text)
    SPI3_IRQHandler                          0x0800015f   Thumb Code     0  startup_stm32f10x_hd.o(.text)
    TAMPER_IRQHandler                        0x0800015f   Thumb Code     0  startup_stm32f10x_hd.o(.text)
    TIM1_BRK_IRQHandler                      0x0800015f   Thumb Code     0  startup_stm32f10x_hd.o(.text)
    TIM1_CC_IRQHandler                       0x0800015f   Thumb Code     0  startup_stm32f10x_hd.o(.text)
    TIM1_TRG_COM_IRQHandler                  0x0800015f   Thumb Code     0  startup_stm32f10x_hd.o(.text)
    TIM1_UP_IRQHandler                       0x0800015f   Thumb Code     0  startup_stm32f10x_hd.o(.text)
    TIM2_IRQHandler                          0x0800015f   Thumb Code     0  startup_stm32f10x_hd.o(.text)
    TIM3_IRQHandler                          0x0800015f   Thumb Code     0  startup_stm32f10x_hd.o(.text)
    TIM4_IRQHandler                          0x0800015f   Thumb Code     0  startup_stm32f10x_hd.o(.text)
    TIM5_IRQHandler                          0x0800015f   Thumb Code     0  startup_stm32f10x_hd.o(.text)
    TIM6_IRQHandler                          0x0800015f   Thumb Code     0  startup_stm32f10x_hd.o(.text)
    TIM7_IRQHandler                          0x0800015f   Thumb Code     0  startup_stm32f10x_hd.o(.text)
    TIM8_BRK_IRQHandler                      0x0800015f   Thumb Code     0  startup_stm32f10x_hd.o(.text)
    TIM8_CC_IRQHandler                       0x0800015f   Thumb Code     0  startup_stm32f10x_hd.o(.text)
    TIM8_TRG_COM_IRQHandler                  0x0800015f   Thumb Code     0  startup_stm32f10x_hd.o(.text)
    TIM8_UP_IRQHandler                       0x0800015f   Thumb Code     0  startup_stm32f10x_hd.o(.text)
    USB_HP_CAN1_TX_IRQHandler                0x0800015f   Thumb Code     0  startup_stm32f10x_hd.o(.text)
    WWDG_IRQHandler                          0x0800015f   Thumb Code     0  startup_stm32f10x_hd.o(.text)
    __aeabi_dadd                             0x08000169   Thumb Code   322  dadd.o(.text)
    __aeabi_dsub                             0x080002ab   Thumb Code     6  dadd.o(.text)
    __aeabi_drsub                            0x080002b1   Thumb Code     6  dadd.o(.text)
    __aeabi_dmul                             0x080002b7   Thumb Code   228  dmul.o(.text)
    __aeabi_ddiv                             0x0800039b   Thumb Code   222  ddiv.o(.text)
    __aeabi_d2iz                             0x08000479   Thumb Code    62  dfixi.o(.text)
    __aeabi_uidiv                            0x080004b7   Thumb Code     0  uidiv.o(.text)
    __aeabi_uidivmod                         0x080004b7   Thumb Code    44  uidiv.o(.text)
    __aeabi_uldivmod                         0x080004e3   Thumb Code    98  uldiv.o(.text)
    __aeabi_llsl                             0x08000545   Thumb Code    30  llshl.o(.text)
    _ll_shift_l                              0x08000545   Thumb Code     0  llshl.o(.text)
    __aeabi_llsr                             0x08000563   Thumb Code    32  llushr.o(.text)
    _ll_ushift_r                             0x08000563   Thumb Code     0  llushr.o(.text)
    __aeabi_lasr                             0x08000583   Thumb Code    36  llsshr.o(.text)
    _ll_sshift_r                             0x08000583   Thumb Code     0  llsshr.o(.text)
    __I$use$fp                               0x080005a7   Thumb Code     0  iusefp.o(.text)
    _double_round                            0x080005a7   Thumb Code    30  depilogue.o(.text)
    _double_epilogue                         0x080005c5   Thumb Code   156  depilogue.o(.text)
    __aeabi_d2ulz                            0x08000661   Thumb Code    48  dfixul.o(.text)
    __aeabi_cdrcmple                         0x08000691   Thumb Code    48  cdrcmple.o(.text)
    __scatterload                            0x080006c1   Thumb Code    28  init.o(.text)
    __scatterload_rt2                        0x080006c1   Thumb Code     0  init.o(.text)
    __decompress                             0x080006e5   Thumb Code     0  __dczerorl2.o(.text)
    __decompress1                            0x080006e5   Thumb Code    86  __dczerorl2.o(.text)
    TOS_ContextSwitch                        0x0800073d   Thumb Code     0  tos_core_a.o(TOS_CORE_A)
    TOS_SwitchToTask                         0x0800076f   Thumb Code     0  tos_core_a.o(TOS_CORE_A)
    BareDelay                                0x0800078d   Thumb Code    26  stm32_cpu.o(i.BareDelay)
    BufferCoppy                              0x080007a7   Thumb Code    34  text.o(i.BufferCoppy)
    BusFault_Handler                         0x080007c9   Thumb Code     4  stm32f10x_it.o(i.BusFault_Handler)
    ByteSwap                                 0x080007cd   Thumb Code    12  main.o(i.ByteSwap)
    CTR_LP                                   0x080007d9   Thumb Code   774  main.o(i.CTR_LP)
    ClearDTOG_RX                             0x08000b01   Thumb Code    46  main.o(i.ClearDTOG_RX)
    ClearDTOG_TX                             0x08000b35   Thumb Code    46  main.o(i.ClearDTOG_TX)
    ClearWithBuffer                          0x08000b69   Thumb Code    20  text.o(i.ClearWithBuffer)
    Clear_Status_Out                         0x08000b7d   Thumb Code    28  main.o(i.Clear_Status_Out)
    DeBug                                    0x08000fb1   Thumb Code   360  debug.o(i.DeBug)
    DeBug_SetCallBack                        0x0800113d   Thumb Code     6  debug.o(i.DeBug_SetCallBack)
    DebugMon_Handler                         0x08001149   Thumb Code     2  stm32f10x_it.o(i.DebugMon_Handler)
    DeviceList_Init                          0x0800114d   Thumb Code   112  tos_device.o(i.DeviceList_Init)
    DeviceMount_GPIO                         0x080011cd   Thumb Code   180  gpio_driver.o(i.DeviceMount_GPIO)
    DeviceMount_Uart                         0x08001299   Thumb Code   398  usart_driver.o(i.DeviceMount_Uart)
    DeviceMount_Usart                        0x08001461   Thumb Code    18  usart_driver.o(i.DeviceMount_Usart)
    Device_Init                              0x08001475   Thumb Code   152  tos_device.o(i.Device_Init)
    Device_Ok                                0x0800152d   Thumb Code    30  tos_device.o(i.Device_Ok)
    EP1_IN_Callback                          0x08001551   Thumb Code     8  main.o(i.EP1_IN_Callback)
    EP3_OUT_Callback                         0x0800155d   Thumb Code    36  main.o(i.EP3_OUT_Callback)
    EXTI_ClearITPendingBit                   0x08001589   Thumb Code     6  stm32f10x_exti.o(i.EXTI_ClearITPendingBit)
    FlowPoolFilter                           0x08001595   Thumb Code    58  text.o(i.FlowPoolFilter)
    GPIO_Init                                0x080015cf   Thumb Code   278  stm32f10x_gpio.o(i.GPIO_Init)
    GPIO_InitList                            0x080016e5   Thumb Code   126  stm32_cpu.o(i.GPIO_InitList)
    GPIO_PinRemapConfig                      0x0800176d   Thumb Code   138  stm32f10x_gpio.o(i.GPIO_PinRemapConfig)
    GPIO_ReadInputDataBit                    0x080017fd   Thumb Code    18  stm32f10x_gpio.o(i.GPIO_ReadInputDataBit)
    GPIO_ResetBits                           0x0800180f   Thumb Code     4  stm32f10x_gpio.o(i.GPIO_ResetBits)
    GPIO_Set                                 0x08001813   Thumb Code    30  gpio_driver.o(i.GPIO_Set)
    GPIO_SetAll                              0x08001831   Thumb Code    72  gpio_driver.o(i.GPIO_SetAll)
    GPIO_SetBits                             0x08001881   Thumb Code     4  stm32f10x_gpio.o(i.GPIO_SetBits)
    GPIO_SetIndex                            0x08001885   Thumb Code    44  gpio_driver.o(i.GPIO_SetIndex)
    GetChar_List                             0x080018b9   Thumb Code   128  debug.o(i.GetChar_List)
    GetData                                  0x08001939   Thumb Code    38  main.o(i.GetData)
    GetEPRxAddr                              0x08001961   Thumb Code    24  main.o(i.GetEPRxAddr)
    GetEPRxCount                             0x08001981   Thumb Code    26  main.o(i.GetEPRxCount)
    GetEPTxAddr                              0x080019a5   Thumb Code    22  main.o(i.GetEPTxAddr)
    GetStringByFmt                           0x080019c5   Thumb Code    36  text.o(i.GetStringByFmt)
    GetTextLength                            0x080019e9   Thumb Code    24  text.o(i.GetTextLength)
    Get_SerialNum                            0x08001a01   Thumb Code    70  main.o(i.Get_SerialNum)
    HardFault_Handler                        0x08001a51   Thumb Code     8  stm32f10x_it.o(i.HardFault_Handler)
    IIC_DelayUs                              0x08001a59   Thumb Code    14  main.o(i.IIC_DelayUs)
    IIC_ReadAck                              0x08001aaf   Thumb Code    76  main.o(i.IIC_ReadAck)
    IIC_RecvByte                             0x08001afb   Thumb Code    96  main.o(i.IIC_RecvByte)
    IIC_SendAck                              0x08001b5b   Thumb Code    64  main.o(i.IIC_SendAck)
    IIC_SendByte                             0x08001b9b   Thumb Code    88  main.o(i.IIC_SendByte)
    IIC_Start                                0x08001bf3   Thumb Code    56  main.o(i.IIC_Start)
    IIC_Stop                                 0x08001c2b   Thumb Code    56  main.o(i.IIC_Stop)
    IWDG_Configuration                       0x08001c63   Thumb Code    34  stm32_cpu.o(i.IWDG_Configuration)
    IWDG_Enable                              0x08001c85   Thumb Code    10  stm32f10x_iwdg.o(i.IWDG_Enable)
    IWDG_ReloadCounter                       0x08001c95   Thumb Code    10  stm32f10x_iwdg.o(i.IWDG_ReloadCounter)
    IWDG_SetPrescaler                        0x08001ca5   Thumb Code     6  stm32f10x_iwdg.o(i.IWDG_SetPrescaler)
    IWDG_SetReload                           0x08001cb1   Thumb Code     6  stm32f10x_iwdg.o(i.IWDG_SetReload)
    IWDG_WriteAccessCmd                      0x08001cbd   Thumb Code     6  stm32f10x_iwdg.o(i.IWDG_WriteAccessCmd)
    In0_Process                              0x08001cc9   Thumb Code    98  main.o(i.In0_Process)
    InitMPU6050                              0x08001d39   Thumb Code    56  main.o(i.InitMPU6050)
    MCU_Reset                                0x08001d71   Thumb Code    32  stm32_cpu.o(i.MCU_Reset)
    MPU_Init                                 0x08001d99   Thumb Code    12  main.o(i.MPU_Init)
    MemManage_Handler                        0x08001da5   Thumb Code     4  stm32f10x_it.o(i.MemManage_Handler)
    Mema_Free                                0x08001da9   Thumb Code    44  tos_mema.o(i.Mema_Free)
    Mema_GetSize                             0x08001dd9   Thumb Code    12  tos_mema.o(i.Mema_GetSize)
    Mema_Init                                0x08001de5   Thumb Code    22  tos_mema.o(i.Mema_Init)
    Mema_Malloc                              0x08001e01   Thumb Code    72  tos_mema.o(i.Mema_Malloc)
    NMI_Handler                              0x08001e4d   Thumb Code     2  stm32f10x_it.o(i.NMI_Handler)
    NOP_Process                              0x08001e4f   Thumb Code     2  main.o(i.NOP_Process)
    NVIC_Init                                0x08001e51   Thumb Code   100  misc.o(i.NVIC_Init)
    NVIC_PriorityGroupConfig                 0x08001ec1   Thumb Code    10  misc.o(i.NVIC_PriorityGroupConfig)
    Out0_Process                             0x08002019   Thumb Code    70  main.o(i.Out0_Process)
    PMAToUserBufferCopy                      0x08002069   Thumb Code    34  main.o(i.PMAToUserBufferCopy)
    PendSV_Handler                           0x08002091   Thumb Code     2  stm32f10x_it.o(i.PendSV_Handler)
    Post0_Process                            0x08002095   Thumb Code    54  main.o(i.Post0_Process)
    PowerOn                                  0x080020dd   Thumb Code    54  main.o(i.PowerOn)
    RCC_APB1PeriphClockCmd                   0x0800211d   Thumb Code    26  stm32f10x_rcc.o(i.RCC_APB1PeriphClockCmd)
    RCC_APB2PeriphClockCmd                   0x0800213d   Thumb Code    26  stm32f10x_rcc.o(i.RCC_APB2PeriphClockCmd)
    RCC_GetClocksFreq                        0x0800215d   Thumb Code   192  stm32f10x_rcc.o(i.RCC_GetClocksFreq)
    RCC_USBCLKConfig                         0x08002231   Thumb Code     6  stm32f10x_rcc.o(i.RCC_USBCLKConfig)
    Remap_SWJ_JTAGDisable                    0x0800223d   Thumb Code    12  stm32_cpu.o(i.Remap_SWJ_JTAGDisable)
    SVC_Handler                              0x0800224d   Thumb Code     2  stm32f10x_it.o(i.SVC_Handler)
    SetBTABLE                                0x08002251   Thumb Code    12  main.o(i.SetBTABLE)
    SetDeviceAddress                         0x08002261   Thumb Code    62  main.o(i.SetDeviceAddress)
    SetEPRxAddr                              0x080022ad   Thumb Code    26  main.o(i.SetEPRxAddr)
    SetEPRxCount                             0x080022d1   Thumb Code    68  main.o(i.SetEPRxCount)
    SetEPRxStatus                            0x0800231d   Thumb Code    52  main.o(i.SetEPRxStatus)
    SetEPRxValid                             0x08002355   Thumb Code    38  main.o(i.SetEPRxValid)
    SetEPTxAddr                              0x08002381   Thumb Code    24  main.o(i.SetEPTxAddr)
    SetEPTxCount                             0x080023a1   Thumb Code    20  main.o(i.SetEPTxCount)
    SetEPTxStatus                            0x080023bd   Thumb Code    52  main.o(i.SetEPTxStatus)
    SetEPTxValid                             0x080023f5   Thumb Code    38  main.o(i.SetEPTxValid)
    SetEPType                                0x08002421   Thumb Code    32  main.o(i.SetEPType)
    SetSysClock                              0x08002445   Thumb Code     8  system_stm32f10x.o(i.SetSysClock)
    Set_System                               0x0800252d   Thumb Code   104  main.o(i.Set_System)
    Set_USBClock                             0x08002599   Thumb Code    18  main.o(i.Set_USBClock)
    Setup0_Process                           0x080025ad   Thumb Code   162  main.o(i.Setup0_Process)
    Single_ReadI2C                           0x0800265d   Thumb Code    80  main.o(i.Single_ReadI2C)
    Single_WriteI2C                          0x080026ad   Thumb Code    60  main.o(i.Single_WriteI2C)
    Standard_ClearFeature                    0x080026e9   Thumb Code   326  main.o(i.Standard_ClearFeature)
    Standard_GetConfiguration                0x08002845   Thumb Code    34  main.o(i.Standard_GetConfiguration)
    Standard_GetDescriptorData               0x08002871   Thumb Code    32  main.o(i.Standard_GetDescriptorData)
    Standard_GetInterface                    0x08002895   Thumb Code    34  main.o(i.Standard_GetInterface)
    Standard_GetStatus                       0x080028c1   Thumb Code   224  main.o(i.Standard_GetStatus)
    Standard_SetConfiguration                0x080029b1   Thumb Code    60  main.o(i.Standard_SetConfiguration)
    Standard_SetDeviceFeature                0x080029f9   Thumb Code    30  main.o(i.Standard_SetDeviceFeature)
    Standard_SetEndPointFeature              0x08002a21   Thumb Code   176  main.o(i.Standard_SetEndPointFeature)
    Standard_SetInterface                    0x08002ae1   Thumb Code    96  main.o(i.Standard_SetInterface)
    StringEndingAppend                       0x08002b4d   Thumb Code    66  text.o(i.StringEndingAppend)
    SysTick_Handler                          0x08002b8f   Thumb Code     8  stm32f10x_it.o(i.SysTick_Handler)
    SysTick_Set                              0x08002b99   Thumb Code    74  stm32_cpu.o(i.SysTick_Set)
    SystemInit                               0x08002bf1   Thumb Code    78  system_stm32f10x.o(i.SystemInit)
    Task0                                    0x08002c51   Thumb Code    84  main.o(i.Task0)
    Task3                                    0x08002ca5   Thumb Code    60  main.o(i.Task3)
    Task_Arrary                              0x08002d35   Thumb Code   156  func_face.o(i.Task_Arrary)
    Task_GetKeyVirtual                       0x08002dd9   Thumb Code    58  main.o(i.Task_GetKeyVirtual)
    Task_VirtualCOM                          0x08002e19   Thumb Code    32  main.o(i.Task_VirtualCOM)
    TempGD20                                 0x08002e3d   Thumb Code   142  main.o(i.TempGD20)
    Tos_ComputeCPURate                       0x08002f3d   Thumb Code    68  tos.o(i.Tos_ComputeCPURate)
    Tos_Init                                 0x08002f99   Thumb Code   132  tos.o(i.Tos_Init)
    Tos_ListCreate                           0x08003031   Thumb Code    32  tos.o(i.Tos_ListCreate)
    Tos_RootTask                             0x08003051   Thumb Code    26  tos.o(i.Tos_RootTask)
    Tos_ScanTimer                            0x0800306d   Thumb Code    52  tos_timer.o(i.Tos_ScanTimer)
    Tos_Start                                0x080030a5   Thumb Code    32  tos.o(i.Tos_Start)
    Tos_SysTick                              0x080030d5   Thumb Code    42  tos.o(i.Tos_SysTick)
    Tos_TaskCreate                           0x0800311d   Thumb Code   204  tos.o(i.Tos_TaskCreate)
    Tos_TaskCreateFindID                     0x080031ed   Thumb Code    94  tos.o(i.Tos_TaskCreateFindID)
    Tos_TaskCreateQmsg                       0x08003251   Thumb Code    86  tos.o(i.Tos_TaskCreateQmsg)
    Tos_TaskDelay                            0x080032b1   Thumb Code    84  tos.o(i.Tos_TaskDelay)
    Tos_TaskDropDev                          0x08003311   Thumb Code    56  tos_device.o(i.Tos_TaskDropDev)
    Tos_TaskGetDev                           0x08003351   Thumb Code   132  tos_device.o(i.Tos_TaskGetDev)
    Tos_TaskGetQMsg                          0x080033dd   Thumb Code    90  tos.o(i.Tos_TaskGetQMsg)
    Tos_TaskPutQmsg                          0x08003441   Thumb Code   124  tos.o(i.Tos_TaskPutQmsg)
    Tos_TaskReady                            0x080034c1   Thumb Code   184  tos.o(i.Tos_TaskReady)
    Tos_TaskRecover                          0x08003581   Thumb Code    46  tos.o(i.Tos_TaskRecover)
    Tos_TaskRun                              0x080035b5   Thumb Code    66  tos.o(i.Tos_TaskRun)
    Tos_TaskStackInit                        0x08003609   Thumb Code   110  tos.o(i.Tos_TaskStackInit)
    Tos_TaskStart                            0x08003679   Thumb Code    28  tos.o(i.Tos_TaskStart)
    Tos_TaskStop                             0x0800369d   Thumb Code    70  tos.o(i.Tos_TaskStop)
    Tos_TaskSuspend                          0x080036e9   Thumb Code   118  tos.o(i.Tos_TaskSuspend)
    Tos_TaskSwitch                           0x08003765   Thumb Code   148  tos.o(i.Tos_TaskSwitch)
    Tos_TaskTcbInit                          0x08003805   Thumb Code    18  tos.o(i.Tos_TaskTcbInit)
    Tos_TaskTimeout                          0x08003819   Thumb Code    78  tos.o(i.Tos_TaskTimeout)
    Tos_TimerReady                           0x0800386d   Thumb Code    78  tos_timer.o(i.Tos_TimerReady)
    Tos_WaitDev                              0x080038c1   Thumb Code    50  tos.o(i.Tos_WaitDev)
    UART4_IRQHandler                         0x080038fd   Thumb Code    76  usart_driver.o(i.UART4_IRQHandler)
    UART5_IRQHandler                         0x0800395d   Thumb Code    74  usart_driver.o(i.UART5_IRQHandler)
    USART1_IRQHandler                        0x080039bd   Thumb Code    76  usart_driver.o(i.USART1_IRQHandler)
    USART2_IRQHandler                        0x08003a1d   Thumb Code    76  usart_driver.o(i.USART2_IRQHandler)
    USART3_IRQHandler                        0x08003a7d   Thumb Code    76  usart_driver.o(i.USART3_IRQHandler)
    USART_ClearFlag                          0x08003add   Thumb Code    18  stm32f10x_usart.o(i.USART_ClearFlag)
    USART_ClearITPendingBit                  0x08003aef   Thumb Code    30  stm32f10x_usart.o(i.USART_ClearITPendingBit)
    USART_Cmd                                0x08003b0d   Thumb Code    24  stm32f10x_usart.o(i.USART_Cmd)
    USART_Config                             0x08003b25   Thumb Code   200  main.o(i.USART_Config)
    USART_Config_Default                     0x08003bf9   Thumb Code    50  main.o(i.USART_Config_Default)
    USART_Configuration                      0x08003c35   Thumb Code   104  usart_driver.o(i.USART_Configuration)
    USART_ConfigurationAll                   0x08003cb1   Thumb Code   110  usart_driver.o(i.USART_ConfigurationAll)
    USART_GPIO_Init                          0x08003d21   Thumb Code   164  usart_driver.o(i.USART_GPIO_Init)
    USART_GPIO_InitAll                       0x08003de9   Thumb Code    86  usart_driver.o(i.USART_GPIO_InitAll)
    USART_GetITStatus                        0x08003e3f   Thumb Code    84  stm32f10x_usart.o(i.USART_GetITStatus)
    USART_GetIndex                           0x08003e95   Thumb Code    62  usart_driver.o(i.USART_GetIndex)
    USART_GetTypeDef                         0x08003edd   Thumb Code    40  usart_driver.o(i.USART_GetTypeDef)
    USART_ITConfig                           0x08003f19   Thumb Code    74  stm32f10x_usart.o(i.USART_ITConfig)
    USART_Init                               0x08003f65   Thumb Code   210  stm32f10x_usart.o(i.USART_Init)
    USART_Read                               0x0800403d   Thumb Code    58  usart_driver.o(i.USART_Read)
    USART_ReadDatas                          0x0800407d   Thumb Code   160  usart_driver.o(i.USART_ReadDatas)
    USART_Write                              0x08004135   Thumb Code    32  usart_driver.o(i.USART_Write)
    USART_WriteDatas                         0x08004155   Thumb Code    34  usart_driver.o(i.USART_WriteDatas)
    USBWakeUp_IRQHandler                     0x08004177   Thumb Code    12  stm32f10x_it.o(i.USBWakeUp_IRQHandler)
    USB_Cable_Config                         0x08004185   Thumb Code    30  main.o(i.USB_Cable_Config)
    USB_Init                                 0x080041a9   Thumb Code    36  main.o(i.USB_Init)
    USB_Interrupts_Config                    0x080041e5   Thumb Code    58  main.o(i.USB_Interrupts_Config)
    USB_Istr                                 0x08004221   Thumb Code    96  main.o(i.USB_Istr)
    USB_LP_CAN1_RX0_IRQHandler               0x08004295   Thumb Code     8  main.o(i.USB_LP_CAN1_RX0_IRQHandler)
    UsageFault_Handler                       0x0800429d   Thumb Code     4  stm32f10x_it.o(i.UsageFault_Handler)
    Usart_CallBack                           0x080042a1   Thumb Code    16  main.o(i.Usart_CallBack)
    UserToPMABufferCopy                      0x080042b1   Thumb Code    52  main.o(i.UserToPMABufferCopy)
    Virtual_Com_Port_Data_Setup              0x080042e9   Thumb Code    82  main.o(i.Virtual_Com_Port_Data_Setup)
    Virtual_Com_Port_GetConfigDescriptor     0x0800434d   Thumb Code    14  main.o(i.Virtual_Com_Port_GetConfigDescriptor)
    Virtual_Com_Port_GetDeviceDescriptor     0x08004361   Thumb Code    14  main.o(i.Virtual_Com_Port_GetDeviceDescriptor)
    Virtual_Com_Port_GetLineCoding           0x08004375   Thumb Code    20  main.o(i.Virtual_Com_Port_GetLineCoding)
    Virtual_Com_Port_GetStringDescriptor     0x08004391   Thumb Code    32  main.o(i.Virtual_Com_Port_GetStringDescriptor)
    Virtual_Com_Port_Get_Interface_Setting   0x080043b9   Thumb Code    22  main.o(i.Virtual_Com_Port_Get_Interface_Setting)
    Virtual_Com_Port_NoData_Setup            0x080043d1   Thumb Code    36  main.o(i.Virtual_Com_Port_NoData_Setup)
    Virtual_Com_Port_Reset                   0x080043f9   Thumb Code   216  main.o(i.Virtual_Com_Port_Reset)
    Virtual_Com_Port_SetConfiguration        0x080044e1   Thumb Code    14  main.o(i.Virtual_Com_Port_SetConfiguration)
    Virtual_Com_Port_SetDeviceAddress        0x080044f9   Thumb Code     8  main.o(i.Virtual_Com_Port_SetDeviceAddress)
    Virtual_Com_Port_SetLineCoding           0x08004505   Thumb Code    20  main.o(i.Virtual_Com_Port_SetLineCoding)
    Virtual_Com_Port_Status_In               0x08004521   Thumb Code    22  main.o(i.Virtual_Com_Port_Status_In)
    Virtual_Com_Port_Status_Out              0x0800453d   Thumb Code     2  main.o(i.Virtual_Com_Port_Status_Out)
    Virtual_Com_Port_init                    0x08004541   Thumb Code    54  main.o(i.Virtual_Com_Port_init)
    VisualCOM_Reads                          0x08004589   Thumb Code    52  main.o(i.VisualCOM_Reads)
    VisualCOM_Writes                         0x080045c9   Thumb Code   104  main.o(i.VisualCOM_Writes)
    __0vsprintf                              0x08004635   Thumb Code    30  printfa.o(i.__0vsprintf)
    __1vsprintf                              0x08004635   Thumb Code     0  printfa.o(i.__0vsprintf)
    __2vsprintf                              0x08004635   Thumb Code     0  printfa.o(i.__0vsprintf)
    __c89vsprintf                            0x08004635   Thumb Code     0  printfa.o(i.__0vsprintf)
    vsprintf                                 0x08004635   Thumb Code     0  printfa.o(i.__0vsprintf)
    __scatterload_copy                       0x08004659   Thumb Code    14  handlers.o(i.__scatterload_copy)
    __scatterload_null                       0x08004667   Thumb Code     2  handlers.o(i.__scatterload_null)
    __scatterload_zeroinit                   0x08004669   Thumb Code    14  handlers.o(i.__scatterload_zeroinit)
    main                                     0x08004f35   Thumb Code    32  main.o(i.main)
    Virtual_Com_Port_DeviceDescriptor        0x08004f64   Data          18  main.o(.constdata)
    Virtual_Com_Port_ConfigDescriptor        0x08004f76   Data          66  main.o(.constdata)
    Virtual_Com_Port_StringLangID            0x08004fb8   Data           4  main.o(.constdata)
    Virtual_Com_Port_StringVendor            0x08004fbc   Data          38  main.o(.constdata)
    Virtual_Com_Port_StringProduct           0x08004fe2   Data          50  main.o(.constdata)
    MPU_IIC_List                             0x08005014   Data          36  main.o(.constdata)
    TaskList                                 0x08005038   Data         112  main.o(.constdata)
    LED_List                                 0x080050a8   Data          36  main.o(.constdata)
    GPIO_List                                0x080050cc   Data          72  main.o(.constdata)
    GPIO_ListKey                             0x08005114   Data          60  main.o(.constdata)
    Region$$Table$$Base                      0x08005194   Number         0  anon$$obj.o(Region$$Table)
    Region$$Table$$Limit                     0x080051b4   Number         0  anon$$obj.o(Region$$Table)
    DeviceId_USART_TX                        0x20000014   Data           5  usart_driver.o(.data)
    DeviceId_USART_RX                        0x20000019   Data           5  usart_driver.o(.data)
    USART_TX_TaskID                          0x2000001e   Data           5  usart_driver.o(.data)
    USART_RX_TaskID                          0x20000023   Data           5  usart_driver.o(.data)
    DeviceId_GPIO                            0x20000028   Data           1  gpio_driver.o(.data)
    SelectPin                                0x20000029   Data           1  gpio_driver.o(.data)
    guiNextTaskSp                            0x2000002c   Data           4  tos.o(.data)
    gpuiCurTaskSpAddr                        0x20000030   Data           4  tos.o(.data)
    Tos_CPUInfor                             0x20000034   Data           8  tos.o(.data)
    Tos_TaskCurrent                          0x2000003c   Data           1  tos.o(.data)
    Tos_TaskTcb                              0x20000040   Data           4  tos.o(.data)
    Tos_TaskStackIndex                       0x20000044   Data           4  tos.o(.data)
    DeviceId_Index                           0x20000054   Data           1  tos_device.o(.data)
    Tos_Device_Tab                           0x20000058   Data           4  tos_device.o(.data)
    RootMema                                 0x2000005c   Data           4  tos_mema.o(.data)
    Tos_Timer_P                              0x20000060   Data           4  tos_timer.o(.data)
    DeBug_CB                                 0x20000064   Data           4  debug.o(.data)
    DeBug_EN                                 0x20000068   Data           1  debug.o(.data)
    DeBug_Out                                0x20000069   Data           1  debug.o(.data)
    DeBug_Type                               0x2000006a   Data           1  debug.o(.data)
    TaskArray_Tos_TaskID                     0x2000006c   Data           1  func_face.o(.data)
    SEGCharList                              0x20000070   Data           4  func_face.o(.data)
    KeyBoard_Tos_TaskID                      0x20000074   Data           1  comkeyboard.o(.data)
    DeviceId_IO                              0x20000078   Data           1  main.o(.data)
    StatusInfo                               0x2000007a   Data           2  main.o(.data)
    Data_Mul_MaxPacketSize                   0x2000007c   Data           1  main.o(.data)
    EPindex                                  0x2000007d   Data           1  main.o(.data)
    pInformation                             0x20000080   Data           4  main.o(.data)
    pProperty                                0x20000084   Data           4  main.o(.data)
    SaveState                                0x20000088   Data           2  main.o(.data)
    wInterrupt_Mask                          0x2000008a   Data           2  main.o(.data)
    pUser_Standard_Requests                  0x2000008c   Data           4  main.o(.data)
    SaveRState                               0x20000090   Data           2  main.o(.data)
    SaveTState                               0x20000092   Data           2  main.o(.data)
    Virtual_Com_Port_StringSerial            0x20000094   Data          26  main.o(.data)
    count_out                                0x200000b0   Data           4  main.o(.data)
    count_in                                 0x200000b4   Data           4  main.o(.data)
    wIstr                                    0x200000b8   Data           2  main.o(.data)
    bIntPackSOF                              0x200000ba   Data           1  main.o(.data)
    pEpInt_IN                                0x200000bc   Data          28  main.o(.data)
    pEpInt_OUT                               0x200000d8   Data          28  main.o(.data)
    Request                                  0x200000f4   Data           1  main.o(.data)
    linecoding                               0x200000f8   Data           8  main.o(.data)
    Device_Table                             0x20000100   Data           2  main.o(.data)
    Device_Property                          0x20000104   Data          48  main.o(.data)
    User_Standard_Requests                   0x20000134   Data          36  main.o(.data)
    Device_Descriptor                        0x20000158   Data           8  main.o(.data)
    Config_Descriptor                        0x20000160   Data           8  main.o(.data)
    String_Descriptor                        0x20000168   Data          32  main.o(.data)
    bDeviceState                             0x20000188   Data           4  main.o(.data)
    fSuspendEnabled                          0x2000018c   Data           1  main.o(.data)
    ResumeS                                  0x2000018d   Data           2  main.o(.data)
    USART_RX_Buffer                          0x20000190   Data          20  usart_driver.o(.bss)
    USART_TX_Buffer                          0x200001a4   Data          20  usart_driver.o(.bss)
    USART_RX_Count                           0x200001b8   Data          10  usart_driver.o(.bss)
    USART_RX_Index                           0x200001c2   Data          10  usart_driver.o(.bss)
    MemBuf                                   0x200001cc   Data       12000  tos_mema.o(.bss)
    Device_Info                              0x200030ac   Data          28  main.o(.bss)
    USART_InitStructure                      0x200030c8   Data          16  main.o(.bss)
    buffer_in                                0x200030d8   Data          64  main.o(.bss)
    buffer_out                               0x20003118   Data          64  main.o(.bss)
    __initial_sp                             0x20003558   Data           0  startup_stm32f10x_hd.o(STACK)



==============================================================================

Memory Map of the image

  Image Entry point : 0x08000131

  Load Region LR_IROM1 (Base: 0x08000000, Size: 0x00005344, Max: 0x00010000, ABSOLUTE, COMPRESSED[0x00005250])

    Execution Region ER_IROM1 (Exec base: 0x08000000, Load base: 0x08000000, Size: 0x000051b4, Max: 0x00010000, ABSOLUTE)

    Exec Addr    Load Addr    Size         Type   Attr      Idx    E Section Name        Object

    0x08000000   0x08000000   0x00000130   Data   RO         3219    RESET               startup_stm32f10x_hd.o
    0x08000130   0x08000130   0x00000000   Code   RO         6053  * .ARM.Collect$$$$00000000  mc_w.l(entry.o)
    0x08000130   0x08000130   0x00000004   Code   RO         6148    .ARM.Collect$$$$00000001  mc_w.l(entry2.o)
    0x08000134   0x08000134   0x00000004   Code   RO         6151    .ARM.Collect$$$$00000004  mc_w.l(entry5.o)
    0x08000138   0x08000138   0x00000000   Code   RO         6153    .ARM.Collect$$$$00000008  mc_w.l(entry7b.o)
    0x08000138   0x08000138   0x00000000   Code   RO         6155    .ARM.Collect$$$$0000000A  mc_w.l(entry8b.o)
    0x08000138   0x08000138   0x00000008   Code   RO         6156    .ARM.Collect$$$$0000000B  mc_w.l(entry9a.o)
    0x08000140   0x08000140   0x00000000   Code   RO         6158    .ARM.Collect$$$$0000000D  mc_w.l(entry10a.o)
    0x08000140   0x08000140   0x00000000   Code   RO         6160    .ARM.Collect$$$$0000000F  mc_w.l(entry11a.o)
    0x08000140   0x08000140   0x00000004   Code   RO         6149    .ARM.Collect$$$$00002712  mc_w.l(entry2.o)
    0x08000144   0x08000144   0x00000024   Code   RO         3220    .text               startup_stm32f10x_hd.o
    0x08000168   0x08000168   0x0000014e   Code   RO         6090    .text               mf_w.l(dadd.o)
    0x080002b6   0x080002b6   0x000000e4   Code   RO         6092    .text               mf_w.l(dmul.o)
    0x0800039a   0x0800039a   0x000000de   Code   RO         6094    .text               mf_w.l(ddiv.o)
    0x08000478   0x08000478   0x0000003e   Code   RO         6108    .text               mf_w.l(dfixi.o)
    0x080004b6   0x080004b6   0x0000002c   Code   RO         6165    .text               mc_w.l(uidiv.o)
    0x080004e2   0x080004e2   0x00000062   Code   RO         6167    .text               mc_w.l(uldiv.o)
    0x08000544   0x08000544   0x0000001e   Code   RO         6169    .text               mc_w.l(llshl.o)
    0x08000562   0x08000562   0x00000020   Code   RO         6171    .text               mc_w.l(llushr.o)
    0x08000582   0x08000582   0x00000024   Code   RO         6173    .text               mc_w.l(llsshr.o)
    0x080005a6   0x080005a6   0x00000000   Code   RO         6182    .text               mc_w.l(iusefp.o)
    0x080005a6   0x080005a6   0x000000ba   Code   RO         6185    .text               mf_w.l(depilogue.o)
    0x08000660   0x08000660   0x00000030   Code   RO         6187    .text               mf_w.l(dfixul.o)
    0x08000690   0x08000690   0x00000030   Code   RO         6189    .text               mf_w.l(cdrcmple.o)
    0x080006c0   0x080006c0   0x00000024   Code   RO         6195    .text               mc_w.l(init.o)
    0x080006e4   0x080006e4   0x00000056   Code   RO         6209    .text               mc_w.l(__dczerorl2.o)
    0x0800073a   0x0800073a   0x00000002   PAD
    0x0800073c   0x0800073c   0x00000050   Code   RO         4226    TOS_CORE_A          tos_core_a.o
    0x0800078c   0x0800078c   0x0000001a   Code   RO         3540    i.BareDelay         stm32_cpu.o
    0x080007a6   0x080007a6   0x00000022   Code   RO         4332    i.BufferCoppy       text.o
    0x080007c8   0x080007c8   0x00000004   Code   RO         3076    i.BusFault_Handler  stm32f10x_it.o
    0x080007cc   0x080007cc   0x0000000c   Code   RO         5017    i.ByteSwap          main.o
    0x080007d8   0x080007d8   0x00000328   Code   RO         5019    i.CTR_LP            main.o
    0x08000b00   0x08000b00   0x00000034   Code   RO         5020    i.ClearDTOG_RX      main.o
    0x08000b34   0x08000b34   0x00000034   Code   RO         5021    i.ClearDTOG_TX      main.o
    0x08000b68   0x08000b68   0x00000014   Code   RO         4336    i.ClearWithBuffer   text.o
    0x08000b7c   0x08000b7c   0x00000020   Code   RO         5026    i.Clear_Status_Out  main.o
    0x08000b9c   0x08000b9c   0x000000c0   Code   RO         5027    i.DataStageIn       main.o
    0x08000c5c   0x08000c5c   0x000000bc   Code   RO         5028    i.DataStageOut      main.o
    0x08000d18   0x08000d18   0x00000298   Code   RO         5029    i.Data_Setup0       main.o
    0x08000fb0   0x08000fb0   0x0000018c   Code   RO         4229    i.DeBug             debug.o
    0x0800113c   0x0800113c   0x0000000c   Code   RO         4233    i.DeBug_SetCallBack  debug.o
    0x08001148   0x08001148   0x00000002   Code   RO         3077    i.DebugMon_Handler  stm32f10x_it.o
    0x0800114a   0x0800114a   0x00000002   PAD
    0x0800114c   0x0800114c   0x00000080   Code   RO         4061    i.DeviceList_Init   tos_device.o
    0x080011cc   0x080011cc   0x000000cc   Code   RO         3748    i.DeviceMount_GPIO  gpio_driver.o
    0x08001298   0x08001298   0x000001c8   Code   RO         3366    i.DeviceMount_Uart  usart_driver.o
    0x08001460   0x08001460   0x00000012   Code   RO         3367    i.DeviceMount_Usart  usart_driver.o
    0x08001472   0x08001472   0x00000002   PAD
    0x08001474   0x08001474   0x000000b8   Code   RO         4065    i.Device_Init       tos_device.o
    0x0800152c   0x0800152c   0x00000024   Code   RO         4066    i.Device_Ok         tos_device.o
    0x08001550   0x08001550   0x0000000c   Code   RO         5031    i.EP1_IN_Callback   main.o
    0x0800155c   0x0800155c   0x0000002c   Code   RO         5032    i.EP3_OUT_Callback  main.o
    0x08001588   0x08001588   0x0000000c   Code   RO          860    i.EXTI_ClearITPendingBit  stm32f10x_exti.o
    0x08001594   0x08001594   0x0000003a   Code   RO         4356    i.FlowPoolFilter    text.o
    0x080015ce   0x080015ce   0x00000116   Code   RO         1222    i.GPIO_Init         stm32f10x_gpio.o
    0x080016e4   0x080016e4   0x00000088   Code   RO         3542    i.GPIO_InitList     stm32_cpu.o
    0x0800176c   0x0800176c   0x00000090   Code   RO         1224    i.GPIO_PinRemapConfig  stm32f10x_gpio.o
    0x080017fc   0x080017fc   0x00000012   Code   RO         1226    i.GPIO_ReadInputDataBit  stm32f10x_gpio.o
    0x0800180e   0x0800180e   0x00000004   Code   RO         1229    i.GPIO_ResetBits    stm32f10x_gpio.o
    0x08001812   0x08001812   0x0000001e   Code   RO         3753    i.GPIO_Set          gpio_driver.o
    0x08001830   0x08001830   0x00000050   Code   RO         3754    i.GPIO_SetAll       gpio_driver.o
    0x08001880   0x08001880   0x00000004   Code   RO         1230    i.GPIO_SetBits      stm32f10x_gpio.o
    0x08001884   0x08001884   0x00000034   Code   RO         3755    i.GPIO_SetIndex     gpio_driver.o
    0x080018b8   0x080018b8   0x00000080   Code   RO         4235    i.GetChar_List      debug.o
    0x08001938   0x08001938   0x00000026   Code   RO         5038    i.GetData           main.o
    0x0800195e   0x0800195e   0x00000002   PAD
    0x08001960   0x08001960   0x00000020   Code   RO         5046    i.GetEPRxAddr       main.o
    0x08001980   0x08001980   0x00000024   Code   RO         5047    i.GetEPRxCount      main.o
    0x080019a4   0x080019a4   0x00000020   Code   RO         5049    i.GetEPTxAddr       main.o
    0x080019c4   0x080019c4   0x00000024   Code   RO         4364    i.GetStringByFmt    text.o
    0x080019e8   0x080019e8   0x00000018   Code   RO         4368    i.GetTextLength     text.o
    0x08001a00   0x08001a00   0x00000050   Code   RO         5057    i.Get_SerialNum     main.o
    0x08001a50   0x08001a50   0x00000008   Code   RO         3078    i.HardFault_Handler  stm32f10x_it.o
    0x08001a58   0x08001a58   0x0000000e   Code   RO         5058    i.IIC_DelayUs       main.o
    0x08001a66   0x08001a66   0x00000024   Code   RO         5060    i.IIC_Pin_In        main.o
    0x08001a8a   0x08001a8a   0x00000024   Code   RO         5061    i.IIC_Pin_Out       main.o
    0x08001aae   0x08001aae   0x0000004c   Code   RO         5062    i.IIC_ReadAck       main.o
    0x08001afa   0x08001afa   0x00000060   Code   RO         5064    i.IIC_RecvByte      main.o
    0x08001b5a   0x08001b5a   0x00000040   Code   RO         5066    i.IIC_SendAck       main.o
    0x08001b9a   0x08001b9a   0x00000058   Code   RO         5067    i.IIC_SendByte      main.o
    0x08001bf2   0x08001bf2   0x00000038   Code   RO         5069    i.IIC_Start         main.o
    0x08001c2a   0x08001c2a   0x00000038   Code   RO         5070    i.IIC_Stop          main.o
    0x08001c62   0x08001c62   0x00000022   Code   RO         3553    i.IWDG_Configuration  stm32_cpu.o
    0x08001c84   0x08001c84   0x00000010   Code   RO         1537    i.IWDG_Enable       stm32f10x_iwdg.o
    0x08001c94   0x08001c94   0x00000010   Code   RO         1539    i.IWDG_ReloadCounter  stm32f10x_iwdg.o
    0x08001ca4   0x08001ca4   0x0000000c   Code   RO         1540    i.IWDG_SetPrescaler  stm32f10x_iwdg.o
    0x08001cb0   0x08001cb0   0x0000000c   Code   RO         1541    i.IWDG_SetReload    stm32f10x_iwdg.o
    0x08001cbc   0x08001cbc   0x0000000c   Code   RO         1542    i.IWDG_WriteAccessCmd  stm32f10x_iwdg.o
    0x08001cc8   0x08001cc8   0x00000070   Code   RO         5072    i.In0_Process       main.o
    0x08001d38   0x08001d38   0x00000038   Code   RO         5073    i.InitMPU6050       main.o
    0x08001d70   0x08001d70   0x00000028   Code   RO         3555    i.MCU_Reset         stm32_cpu.o
    0x08001d98   0x08001d98   0x0000000c   Code   RO         5077    i.MPU_Init          main.o
    0x08001da4   0x08001da4   0x00000004   Code   RO         3079    i.MemManage_Handler  stm32f10x_it.o
    0x08001da8   0x08001da8   0x00000030   Code   RO         4137    i.Mema_Free         tos_mema.o
    0x08001dd8   0x08001dd8   0x0000000c   Code   RO         4138    i.Mema_GetSize      tos_mema.o
    0x08001de4   0x08001de4   0x0000001c   Code   RO         4139    i.Mema_Init         tos_mema.o
    0x08001e00   0x08001e00   0x0000004c   Code   RO         4140    i.Mema_Malloc       tos_mema.o
    0x08001e4c   0x08001e4c   0x00000002   Code   RO         3080    i.NMI_Handler       stm32f10x_it.o
    0x08001e4e   0x08001e4e   0x00000002   Code   RO         5078    i.NOP_Process       main.o
    0x08001e50   0x08001e50   0x00000070   Code   RO            1    i.NVIC_Init         misc.o
    0x08001ec0   0x08001ec0   0x00000014   Code   RO            2    i.NVIC_PriorityGroupConfig  misc.o
    0x08001ed4   0x08001ed4   0x00000144   Code   RO         5079    i.NoData_Setup0     main.o
    0x08002018   0x08002018   0x00000050   Code   RO         5080    i.Out0_Process      main.o
    0x08002068   0x08002068   0x00000028   Code   RO         5081    i.PMAToUserBufferCopy  main.o
    0x08002090   0x08002090   0x00000002   Code   RO         3081    i.PendSV_Handler    stm32f10x_it.o
    0x08002092   0x08002092   0x00000002   PAD
    0x08002094   0x08002094   0x00000048   Code   RO         5082    i.Post0_Process     main.o
    0x080020dc   0x080020dc   0x00000040   Code   RO         5084    i.PowerOn           main.o
    0x0800211c   0x0800211c   0x00000020   Code   RO         1647    i.RCC_APB1PeriphClockCmd  stm32f10x_rcc.o
    0x0800213c   0x0800213c   0x00000020   Code   RO         1649    i.RCC_APB2PeriphClockCmd  stm32f10x_rcc.o
    0x0800215c   0x0800215c   0x000000d4   Code   RO         1657    i.RCC_GetClocksFreq  stm32f10x_rcc.o
    0x08002230   0x08002230   0x0000000c   Code   RO         1675    i.RCC_USBCLKConfig  stm32f10x_rcc.o
    0x0800223c   0x0800223c   0x00000010   Code   RO         3565    i.Remap_SWJ_JTAGDisable  stm32_cpu.o
    0x0800224c   0x0800224c   0x00000002   Code   RO         3082    i.SVC_Handler       stm32f10x_it.o
    0x0800224e   0x0800224e   0x00000002   PAD
    0x08002250   0x08002250   0x00000010   Code   RO         5087    i.SetBTABLE         main.o
    0x08002260   0x08002260   0x0000004c   Code   RO         5090    i.SetDeviceAddress  main.o
    0x080022ac   0x080022ac   0x00000024   Code   RO         5102    i.SetEPRxAddr       main.o
    0x080022d0   0x080022d0   0x0000004c   Code   RO         5103    i.SetEPRxCount      main.o
    0x0800231c   0x0800231c   0x00000038   Code   RO         5104    i.SetEPRxStatus     main.o
    0x08002354   0x08002354   0x0000002c   Code   RO         5105    i.SetEPRxValid      main.o
    0x08002380   0x08002380   0x00000020   Code   RO         5106    i.SetEPTxAddr       main.o
    0x080023a0   0x080023a0   0x0000001c   Code   RO         5107    i.SetEPTxCount      main.o
    0x080023bc   0x080023bc   0x00000038   Code   RO         5108    i.SetEPTxStatus     main.o
    0x080023f4   0x080023f4   0x0000002c   Code   RO         5109    i.SetEPTxValid      main.o
    0x08002420   0x08002420   0x00000024   Code   RO         5110    i.SetEPType         main.o
    0x08002444   0x08002444   0x00000008   Code   RO         3175    i.SetSysClock       system_stm32f10x.o
    0x0800244c   0x0800244c   0x000000e0   Code   RO         3176    i.SetSysClockTo72   system_stm32f10x.o
    0x0800252c   0x0800252c   0x0000006c   Code   RO         5114    i.Set_System        main.o
    0x08002598   0x08002598   0x00000012   Code   RO         5115    i.Set_USBClock      main.o
    0x080025aa   0x080025aa   0x00000002   PAD
    0x080025ac   0x080025ac   0x000000b0   Code   RO         5116    i.Setup0_Process    main.o
    0x0800265c   0x0800265c   0x00000050   Code   RO         5117    i.Single_ReadI2C    main.o
    0x080026ac   0x080026ac   0x0000003c   Code   RO         5118    i.Single_WriteI2C   main.o
    0x080026e8   0x080026e8   0x0000015c   Code   RO         5119    i.Standard_ClearFeature  main.o
    0x08002844   0x08002844   0x0000002c   Code   RO         5120    i.Standard_GetConfiguration  main.o
    0x08002870   0x08002870   0x00000024   Code   RO         5121    i.Standard_GetDescriptorData  main.o
    0x08002894   0x08002894   0x0000002c   Code   RO         5122    i.Standard_GetInterface  main.o
    0x080028c0   0x080028c0   0x000000f0   Code   RO         5123    i.Standard_GetStatus  main.o
    0x080029b0   0x080029b0   0x00000048   Code   RO         5124    i.Standard_SetConfiguration  main.o
    0x080029f8   0x080029f8   0x00000028   Code   RO         5125    i.Standard_SetDeviceFeature  main.o
    0x08002a20   0x08002a20   0x000000c0   Code   RO         5126    i.Standard_SetEndPointFeature  main.o
    0x08002ae0   0x08002ae0   0x0000006c   Code   RO         5127    i.Standard_SetInterface  main.o
    0x08002b4c   0x08002b4c   0x00000042   Code   RO         4383    i.StringEndingAppend  text.o
    0x08002b8e   0x08002b8e   0x00000008   Code   RO         3083    i.SysTick_Handler   stm32f10x_it.o
    0x08002b96   0x08002b96   0x00000002   PAD
    0x08002b98   0x08002b98   0x00000058   Code   RO         3567    i.SysTick_Set       stm32_cpu.o
    0x08002bf0   0x08002bf0   0x00000060   Code   RO         3178    i.SystemInit        system_stm32f10x.o
    0x08002c50   0x08002c50   0x00000054   Code   RO         5129    i.Task0             main.o
    0x08002ca4   0x08002ca4   0x00000090   Code   RO         5131    i.Task3             main.o
    0x08002d34   0x08002d34   0x000000a4   Code   RO         4933    i.Task_Arrary       func_face.o
    0x08002dd8   0x08002dd8   0x00000040   Code   RO         5132    i.Task_GetKeyVirtual  main.o
    0x08002e18   0x08002e18   0x00000024   Code   RO         5133    i.Task_VirtualCOM   main.o
    0x08002e3c   0x08002e3c   0x00000100   Code   RO         5134    i.TempGD20          main.o
    0x08002f3c   0x08002f3c   0x0000005c   Code   RO         3847    i.Tos_ComputeCPURate  tos.o
    0x08002f98   0x08002f98   0x00000098   Code   RO         3849    i.Tos_Init          tos.o
    0x08003030   0x08003030   0x00000020   Code   RO         3850    i.Tos_ListCreate    tos.o
    0x08003050   0x08003050   0x0000001a   Code   RO         3851    i.Tos_RootTask      tos.o
    0x0800306a   0x0800306a   0x00000002   PAD
    0x0800306c   0x0800306c   0x00000038   Code   RO         4187    i.Tos_ScanTimer     tos_timer.o
    0x080030a4   0x080030a4   0x00000030   Code   RO         3853    i.Tos_Start         tos.o
    0x080030d4   0x080030d4   0x00000048   Code   RO         3854    i.Tos_SysTick       tos.o
    0x0800311c   0x0800311c   0x000000d0   Code   RO         3855    i.Tos_TaskCreate    tos.o
    0x080031ec   0x080031ec   0x00000064   Code   RO         3856    i.Tos_TaskCreateFindID  tos.o
    0x08003250   0x08003250   0x00000060   Code   RO         3857    i.Tos_TaskCreateQmsg  tos.o
    0x080032b0   0x080032b0   0x00000060   Code   RO         3858    i.Tos_TaskDelay     tos.o
    0x08003310   0x08003310   0x00000040   Code   RO         4067    i.Tos_TaskDropDev   tos_device.o
    0x08003350   0x08003350   0x0000008c   Code   RO         4068    i.Tos_TaskGetDev    tos_device.o
    0x080033dc   0x080033dc   0x00000064   Code   RO         3862    i.Tos_TaskGetQMsg   tos.o
    0x08003440   0x08003440   0x00000080   Code   RO         3865    i.Tos_TaskPutQmsg   tos.o
    0x080034c0   0x080034c0   0x000000c0   Code   RO         3867    i.Tos_TaskReady     tos.o
    0x08003580   0x08003580   0x00000034   Code   RO         3868    i.Tos_TaskRecover   tos.o
    0x080035b4   0x080035b4   0x00000054   Code   RO         3870    i.Tos_TaskRun       tos.o
    0x08003608   0x08003608   0x0000006e   Code   RO         3872    i.Tos_TaskStackInit  tos.o
    0x08003676   0x08003676   0x00000002   PAD
    0x08003678   0x08003678   0x00000024   Code   RO         3873    i.Tos_TaskStart     tos.o
    0x0800369c   0x0800369c   0x0000004c   Code   RO         3874    i.Tos_TaskStop      tos.o
    0x080036e8   0x080036e8   0x0000007c   Code   RO         3875    i.Tos_TaskSuspend   tos.o
    0x08003764   0x08003764   0x000000a0   Code   RO         3876    i.Tos_TaskSwitch    tos.o
    0x08003804   0x08003804   0x00000012   Code   RO         3877    i.Tos_TaskTcbInit   tos.o
    0x08003816   0x08003816   0x00000002   PAD
    0x08003818   0x08003818   0x00000054   Code   RO         3878    i.Tos_TaskTimeout   tos.o
    0x0800386c   0x0800386c   0x00000054   Code   RO         4188    i.Tos_TimerReady    tos_timer.o
    0x080038c0   0x080038c0   0x0000003c   Code   RO         3879    i.Tos_WaitDev       tos.o
    0x080038fc   0x080038fc   0x00000060   Code   RO         3368    i.UART4_IRQHandler  usart_driver.o
    0x0800395c   0x0800395c   0x00000060   Code   RO         3369    i.UART5_IRQHandler  usart_driver.o
    0x080039bc   0x080039bc   0x00000060   Code   RO         3370    i.USART1_IRQHandler  usart_driver.o
    0x08003a1c   0x08003a1c   0x00000060   Code   RO         3371    i.USART2_IRQHandler  usart_driver.o
    0x08003a7c   0x08003a7c   0x00000060   Code   RO         3372    i.USART3_IRQHandler  usart_driver.o
    0x08003adc   0x08003adc   0x00000012   Code   RO         2825    i.USART_ClearFlag   stm32f10x_usart.o
    0x08003aee   0x08003aee   0x0000001e   Code   RO         2826    i.USART_ClearITPendingBit  stm32f10x_usart.o
    0x08003b0c   0x08003b0c   0x00000018   Code   RO         2829    i.USART_Cmd         stm32f10x_usart.o
    0x08003b24   0x08003b24   0x000000d4   Code   RO         5138    i.USART_Config      main.o
    0x08003bf8   0x08003bf8   0x0000003c   Code   RO         5139    i.USART_Config_Default  main.o
    0x08003c34   0x08003c34   0x0000007c   Code   RO         3373    i.USART_Configuration  usart_driver.o
    0x08003cb0   0x08003cb0   0x0000006e   Code   RO         3374    i.USART_ConfigurationAll  usart_driver.o
    0x08003d1e   0x08003d1e   0x00000002   PAD
    0x08003d20   0x08003d20   0x000000c8   Code   RO         3375    i.USART_GPIO_Init   usart_driver.o
    0x08003de8   0x08003de8   0x00000056   Code   RO         3376    i.USART_GPIO_InitAll  usart_driver.o
    0x08003e3e   0x08003e3e   0x00000054   Code   RO         2833    i.USART_GetITStatus  stm32f10x_usart.o
    0x08003e92   0x08003e92   0x00000002   PAD
    0x08003e94   0x08003e94   0x00000048   Code   RO         3377    i.USART_GetIndex    usart_driver.o
    0x08003edc   0x08003edc   0x0000003c   Code   RO         3380    i.USART_GetTypeDef  usart_driver.o
    0x08003f18   0x08003f18   0x0000004a   Code   RO         2835    i.USART_ITConfig    stm32f10x_usart.o
    0x08003f62   0x08003f62   0x00000002   PAD
    0x08003f64   0x08003f64   0x000000d8   Code   RO         2836    i.USART_Init        stm32f10x_usart.o
    0x0800403c   0x0800403c   0x00000040   Code   RO         3381    i.USART_Read        usart_driver.o
    0x0800407c   0x0800407c   0x000000b8   Code   RO         3382    i.USART_ReadDatas   usart_driver.o
    0x08004134   0x08004134   0x00000020   Code   RO         3383    i.USART_Write       usart_driver.o
    0x08004154   0x08004154   0x00000022   Code   RO         3385    i.USART_WriteDatas  usart_driver.o
    0x08004176   0x08004176   0x0000000c   Code   RO         3084    i.USBWakeUp_IRQHandler  stm32f10x_it.o
    0x08004182   0x08004182   0x00000002   PAD
    0x08004184   0x08004184   0x00000024   Code   RO         5141    i.USB_Cable_Config  main.o
    0x080041a8   0x080041a8   0x0000003c   Code   RO         5142    i.USB_Init          main.o
    0x080041e4   0x080041e4   0x0000003a   Code   RO         5143    i.USB_Interrupts_Config  main.o
    0x0800421e   0x0800421e   0x00000002   PAD
    0x08004220   0x08004220   0x00000074   Code   RO         5144    i.USB_Istr          main.o
    0x08004294   0x08004294   0x00000008   Code   RO         5145    i.USB_LP_CAN1_RX0_IRQHandler  main.o
    0x0800429c   0x0800429c   0x00000004   Code   RO         3085    i.UsageFault_Handler  stm32f10x_it.o
    0x080042a0   0x080042a0   0x00000010   Code   RO         5147    i.Usart_CallBack    main.o
    0x080042b0   0x080042b0   0x00000038   Code   RO         5148    i.UserToPMABufferCopy  main.o
    0x080042e8   0x080042e8   0x00000064   Code   RO         5149    i.Virtual_Com_Port_Data_Setup  main.o
    0x0800434c   0x0800434c   0x00000014   Code   RO         5150    i.Virtual_Com_Port_GetConfigDescriptor  main.o
    0x08004360   0x08004360   0x00000014   Code   RO         5151    i.Virtual_Com_Port_GetDeviceDescriptor  main.o
    0x08004374   0x08004374   0x0000001c   Code   RO         5152    i.Virtual_Com_Port_GetLineCoding  main.o
    0x08004390   0x08004390   0x00000028   Code   RO         5153    i.Virtual_Com_Port_GetStringDescriptor  main.o
    0x080043b8   0x080043b8   0x00000016   Code   RO         5154    i.Virtual_Com_Port_Get_Interface_Setting  main.o
    0x080043ce   0x080043ce   0x00000002   PAD
    0x080043d0   0x080043d0   0x00000028   Code   RO         5155    i.Virtual_Com_Port_NoData_Setup  main.o
    0x080043f8   0x080043f8   0x000000e8   Code   RO         5156    i.Virtual_Com_Port_Reset  main.o
    0x080044e0   0x080044e0   0x00000018   Code   RO         5157    i.Virtual_Com_Port_SetConfiguration  main.o
    0x080044f8   0x080044f8   0x0000000c   Code   RO         5158    i.Virtual_Com_Port_SetDeviceAddress  main.o
    0x08004504   0x08004504   0x0000001c   Code   RO         5159    i.Virtual_Com_Port_SetLineCoding  main.o
    0x08004520   0x08004520   0x0000001c   Code   RO         5160    i.Virtual_Com_Port_Status_In  main.o
    0x0800453c   0x0800453c   0x00000002   Code   RO         5161    i.Virtual_Com_Port_Status_Out  main.o
    0x0800453e   0x0800453e   0x00000002   PAD
    0x08004540   0x08004540   0x00000048   Code   RO         5162    i.Virtual_Com_Port_init  main.o
    0x08004588   0x08004588   0x00000040   Code   RO         5163    i.VisualCOM_Reads   main.o
    0x080045c8   0x080045c8   0x0000006c   Code   RO         5165    i.VisualCOM_Writes  main.o
    0x08004634   0x08004634   0x00000024   Code   RO         6063    i.__0vsprintf       mc_w.l(printfa.o)
    0x08004658   0x08004658   0x0000000e   Code   RO         6203    i.__scatterload_copy  mc_w.l(handlers.o)
    0x08004666   0x08004666   0x00000002   Code   RO         6204    i.__scatterload_null  mc_w.l(handlers.o)
    0x08004668   0x08004668   0x0000000e   Code   RO         6205    i.__scatterload_zeroinit  mc_w.l(handlers.o)
    0x08004676   0x08004676   0x00000002   PAD
    0x08004678   0x08004678   0x00000184   Code   RO         6064    i._fp_digits        mc_w.l(printfa.o)
    0x080047fc   0x080047fc   0x000006dc   Code   RO         6065    i._printf_core      mc_w.l(printfa.o)
    0x08004ed8   0x08004ed8   0x00000024   Code   RO         6066    i._printf_post_padding  mc_w.l(printfa.o)
    0x08004efc   0x08004efc   0x0000002e   Code   RO         6067    i._printf_pre_padding  mc_w.l(printfa.o)
    0x08004f2a   0x08004f2a   0x0000000a   Code   RO         6069    i._sputc            mc_w.l(printfa.o)
    0x08004f34   0x08004f34   0x00000030   Code   RO         5166    i.main              main.o
    0x08004f64   0x08004f64   0x000001ec   Data   RO         5169    .constdata          main.o
    0x08005150   0x08005150   0x00000018   Data   RO         4938    .conststring        func_face.o
    0x08005168   0x08005168   0x0000002c   Data   RO         5170    .conststring        main.o
    0x08005194   0x08005194   0x00000020   Data   RO         6201    Region$$Table       anon$$obj.o


    Execution Region RW_IRAM1 (Exec base: 0x20000000, Load base: 0x080051b4, Size: 0x00003558, Max: 0x00005000, ABSOLUTE, COMPRESSED[0x0000009c])

    Exec Addr    Load Addr    Size         Type   Attr      Idx    E Section Name        Object

    0x20000000   COMPRESSED   0x00000014   Data   RW         1677    .data               stm32f10x_rcc.o
    0x20000014   COMPRESSED   0x00000014   Data   RW         3388    .data               usart_driver.o
    0x20000028   COMPRESSED   0x00000002   Data   RW         3758    .data               gpio_driver.o
    0x2000002a   COMPRESSED   0x00000002   PAD
    0x2000002c   COMPRESSED   0x00000025   Data   RW         3880    .data               tos.o
    0x20000051   COMPRESSED   0x00000003   PAD
    0x20000054   COMPRESSED   0x00000008   Data   RW         4069    .data               tos_device.o
    0x2000005c   COMPRESSED   0x00000004   Data   RW         4142    .data               tos_mema.o
    0x20000060   COMPRESSED   0x00000004   Data   RW         4189    .data               tos_timer.o
    0x20000064   COMPRESSED   0x00000007   Data   RW         4236    .data               debug.o
    0x2000006b   COMPRESSED   0x00000001   PAD
    0x2000006c   COMPRESSED   0x00000008   Data   RW         4939    .data               func_face.o
    0x20000074   COMPRESSED   0x00000001   Data   RW         4984    .data               comkeyboard.o
    0x20000075   COMPRESSED   0x00000003   PAD
    0x20000078   COMPRESSED   0x00000117   Data   RW         5171    .data               main.o
    0x2000018f   COMPRESSED   0x00000001   PAD
    0x20000190        -       0x0000003c   Zero   RW         3387    .bss                usart_driver.o
    0x200001cc        -       0x00002ee0   Zero   RW         4141    .bss                tos_mema.o
    0x200030ac        -       0x000000ac   Zero   RW         5168    .bss                main.o
    0x20003158        -       0x00000400   Zero   RW         3217    STACK               startup_stm32f10x_hd.o


==============================================================================

Image component sizes


      Code (inc. data)   RO Data    RW Data    ZI Data      Debug   Object Name

         0          0          0          1          0       1090   comkeyboard.o
         0          0          0          0          0         32   core_cm3.o
       536         42          0          7          0       2176   debug.o
       164         14         24          8          0       2247   func_face.o
       366         40          0          2          0       2578   gpio_driver.o
      7718        898        536        279        172      63883   main.o
       132         22          0          0          0     234443   misc.o
         0          0          0          0          0        440   spi_driver.o
        36          8        304          0       1024        792   startup_stm32f10x_hd.o
       340         36          0          0          0      18910   stm32_cpu.o
        12          6          0          0          0        533   stm32f10x_exti.o
       448          6          0          0          0       4578   stm32f10x_gpio.o
        48          0          0          0          0       5599   stm32f10x_it.o
        68         30          0          0          0       2530   stm32f10x_iwdg.o
       288         38          0         20          0       5021   stm32f10x_rcc.o
       446          6          0          0          0      11806   stm32f10x_usart.o
       328         28          0          0          0       3471   system_stm32f10x.o
       238          0          0          0          0       3851   text.o
      2146        216          0         37          0      14156   tos.o
        80         10          0          0          0        252   tos_core_a.o
       552         70          0          8          0       4127   tos_device.o
       164         14          0          4      12000       2939   tos_mema.o
       140         10          0          4          0       2063   tos_timer.o
      1920        288          0         20         60      12603   usart_driver.o

    ----------------------------------------------------------------------
     16204       1782        896        400      13256     400120   Object Totals
         0          0         32          0          0          0   (incl. Generated)
        34          0          0         10          0          0   (incl. Padding)

    ----------------------------------------------------------------------

      Code (inc. data)   RO Data    RW Data    ZI Data      Debug   Library Member Name

        86          0          0          0          0          0   __dczerorl2.o
         0          0          0          0          0          0   entry.o
         0          0          0          0          0          0   entry10a.o
         0          0          0          0          0          0   entry11a.o
         8          4          0          0          0          0   entry2.o
         4          0          0          0          0          0   entry5.o
         0          0          0          0          0          0   entry7b.o
         0          0          0          0          0          0   entry8b.o
         8          4          0          0          0          0   entry9a.o
        30          0          0          0          0          0   handlers.o
        36          8          0          0          0         68   init.o
         0          0          0          0          0          0   iusefp.o
        30          0          0          0          0         68   llshl.o
        36          0          0          0          0         68   llsshr.o
        32          0          0          0          0         68   llushr.o
      2272         86          0          0          0        516   printfa.o
        44          0          0          0          0         80   uidiv.o
        98          0          0          0          0         92   uldiv.o
        48          0          0          0          0         68   cdrcmple.o
       334          0          0          0          0        148   dadd.o
       222          0          0          0          0        100   ddiv.o
       186          0          0          0          0        176   depilogue.o
        62          0          0          0          0         80   dfixi.o
        48          0          0          0          0         68   dfixul.o
       228          0          0          0          0         96   dmul.o

    ----------------------------------------------------------------------
      3816        102          0          0          0       1696   Library Totals
         4          0          0          0          0          0   (incl. Padding)

    ----------------------------------------------------------------------

      Code (inc. data)   RO Data    RW Data    ZI Data      Debug   Library Name

      2684        102          0          0          0        960   mc_w.l
      1128          0          0          0          0        736   mf_w.l

    ----------------------------------------------------------------------
      3816        102          0          0          0       1696   Library Totals

    ----------------------------------------------------------------------

==============================================================================


      Code (inc. data)   RO Data    RW Data    ZI Data      Debug   

     20020       1884        896        400      13256     391128   Grand Totals
     20020       1884        896        156      13256     391128   ELF Image Totals (compressed)
     20020       1884        896        156          0          0   ROM Totals

==============================================================================

    Total RO  Size (Code + RO Data)                20916 (  20.43kB)
    Total RW  Size (RW Data + ZI Data)             13656 (  13.34kB)
    Total ROM Size (Code + RO Data + RW Data)      21072 (  20.58kB)

==============================================================================

