Component: ARM Compiler 5.06 update 6 (build 750) Tool: armlink [4d35ed]

==============================================================================

Section Cross References

    stm32f10x_adc.o(i.ADC_DeInit) refers to stm32f10x_rcc.o(i.RCC_APB2PeriphResetCmd) for RCC_APB2PeriphResetCmd
    stm32f10x_bkp.o(i.BKP_DeInit) refers to stm32f10x_rcc.o(i.RCC_BackupResetCmd) for RCC_BackupResetCmd
    stm32f10x_can.o(i.CAN_DeInit) refers to stm32f10x_rcc.o(i.RCC_APB1PeriphResetCmd) for RCC_APB1PeriphResetCmd
    stm32f10x_can.o(i.CAN_GetITStatus) refers to stm32f10x_can.o(i.CheckITStatus) for CheckITStatus
    stm32f10x_cec.o(i.CEC_DeInit) refers to stm32f10x_rcc.o(i.RCC_APB1PeriphResetCmd) for RCC_APB1PeriphResetCmd
    stm32f10x_dac.o(i.DAC_DeInit) refers to stm32f10x_rcc.o(i.RCC_APB1PeriphResetCmd) for RCC_APB1PeriphResetCmd
    stm32f10x_flash.o(i.FLASH_EnableWriteProtection) refers to stm32f10x_flash.o(i.FLASH_WaitForLastOperation) for FLASH_WaitForLastOperation
    stm32f10x_flash.o(i.FLASH_EraseAllBank1Pages) refers to stm32f10x_flash.o(i.FLASH_WaitForLastBank1Operation) for FLASH_WaitForLastBank1Operation
    stm32f10x_flash.o(i.FLASH_EraseAllPages) refers to stm32f10x_flash.o(i.FLASH_WaitForLastOperation) for FLASH_WaitForLastOperation
    stm32f10x_flash.o(i.FLASH_EraseOptionBytes) refers to stm32f10x_flash.o(i.FLASH_GetReadOutProtectionStatus) for FLASH_GetReadOutProtectionStatus
    stm32f10x_flash.o(i.FLASH_EraseOptionBytes) refers to stm32f10x_flash.o(i.FLASH_WaitForLastOperation) for FLASH_WaitForLastOperation
    stm32f10x_flash.o(i.FLASH_ErasePage) refers to stm32f10x_flash.o(i.FLASH_WaitForLastOperation) for FLASH_WaitForLastOperation
    stm32f10x_flash.o(i.FLASH_ProgramHalfWord) refers to stm32f10x_flash.o(i.FLASH_WaitForLastOperation) for FLASH_WaitForLastOperation
    stm32f10x_flash.o(i.FLASH_ProgramOptionByteData) refers to stm32f10x_flash.o(i.FLASH_WaitForLastOperation) for FLASH_WaitForLastOperation
    stm32f10x_flash.o(i.FLASH_ProgramWord) refers to stm32f10x_flash.o(i.FLASH_WaitForLastOperation) for FLASH_WaitForLastOperation
    stm32f10x_flash.o(i.FLASH_ReadOutProtection) refers to stm32f10x_flash.o(i.FLASH_WaitForLastOperation) for FLASH_WaitForLastOperation
    stm32f10x_flash.o(i.FLASH_UserOptionByteConfig) refers to stm32f10x_flash.o(i.FLASH_WaitForLastOperation) for FLASH_WaitForLastOperation
    stm32f10x_flash.o(i.FLASH_WaitForLastBank1Operation) refers to stm32f10x_flash.o(i.FLASH_GetBank1Status) for FLASH_GetBank1Status
    stm32f10x_flash.o(i.FLASH_WaitForLastOperation) refers to stm32f10x_flash.o(i.FLASH_GetBank1Status) for FLASH_GetBank1Status
    stm32f10x_gpio.o(i.GPIO_AFIODeInit) refers to stm32f10x_rcc.o(i.RCC_APB2PeriphResetCmd) for RCC_APB2PeriphResetCmd
    stm32f10x_gpio.o(i.GPIO_DeInit) refers to stm32f10x_rcc.o(i.RCC_APB2PeriphResetCmd) for RCC_APB2PeriphResetCmd
    stm32f10x_i2c.o(i.I2C_DeInit) refers to stm32f10x_rcc.o(i.RCC_APB1PeriphResetCmd) for RCC_APB1PeriphResetCmd
    stm32f10x_i2c.o(i.I2C_Init) refers to stm32f10x_rcc.o(i.RCC_GetClocksFreq) for RCC_GetClocksFreq
    stm32f10x_pwr.o(i.PWR_DeInit) refers to stm32f10x_rcc.o(i.RCC_APB1PeriphResetCmd) for RCC_APB1PeriphResetCmd
    stm32f10x_rcc.o(i.RCC_GetClocksFreq) refers to stm32f10x_rcc.o(.data) for APBAHBPrescTable
    stm32f10x_rcc.o(i.RCC_WaitForHSEStartUp) refers to stm32f10x_rcc.o(i.RCC_GetFlagStatus) for RCC_GetFlagStatus
    stm32f10x_rtc.o(i.RTC_SetAlarm) refers to stm32f10x_rtc.o(i.RTC_EnterConfigMode) for RTC_EnterConfigMode
    stm32f10x_rtc.o(i.RTC_SetAlarm) refers to stm32f10x_rtc.o(i.RTC_ExitConfigMode) for RTC_ExitConfigMode
    stm32f10x_rtc.o(i.RTC_SetCounter) refers to stm32f10x_rtc.o(i.RTC_EnterConfigMode) for RTC_EnterConfigMode
    stm32f10x_rtc.o(i.RTC_SetCounter) refers to stm32f10x_rtc.o(i.RTC_ExitConfigMode) for RTC_ExitConfigMode
    stm32f10x_rtc.o(i.RTC_SetPrescaler) refers to stm32f10x_rtc.o(i.RTC_EnterConfigMode) for RTC_EnterConfigMode
    stm32f10x_rtc.o(i.RTC_SetPrescaler) refers to stm32f10x_rtc.o(i.RTC_ExitConfigMode) for RTC_ExitConfigMode
    stm32f10x_spi.o(i.I2S_Init) refers to stm32f10x_rcc.o(i.RCC_GetClocksFreq) for RCC_GetClocksFreq
    stm32f10x_spi.o(i.SPI_I2S_DeInit) refers to stm32f10x_rcc.o(i.RCC_APB2PeriphResetCmd) for RCC_APB2PeriphResetCmd
    stm32f10x_spi.o(i.SPI_I2S_DeInit) refers to stm32f10x_rcc.o(i.RCC_APB1PeriphResetCmd) for RCC_APB1PeriphResetCmd
    stm32f10x_tim.o(i.TIM_DeInit) refers to stm32f10x_rcc.o(i.RCC_APB2PeriphResetCmd) for RCC_APB2PeriphResetCmd
    stm32f10x_tim.o(i.TIM_DeInit) refers to stm32f10x_rcc.o(i.RCC_APB1PeriphResetCmd) for RCC_APB1PeriphResetCmd
    stm32f10x_tim.o(i.TIM_ETRClockMode1Config) refers to stm32f10x_tim.o(i.TIM_ETRConfig) for TIM_ETRConfig
    stm32f10x_tim.o(i.TIM_ETRClockMode2Config) refers to stm32f10x_tim.o(i.TIM_ETRConfig) for TIM_ETRConfig
    stm32f10x_tim.o(i.TIM_ICInit) refers to stm32f10x_tim.o(i.TI1_Config) for TI1_Config
[...]
    __lit__00000000                          0x080050fc   Data           4  entry2.o(.ARM.Collect$$$$00002712)
    .text                                    0x08005100   Section       36  startup_stm32f10x_ld.o(.text)
    .text                                    0x08005124   Section        0  fadd.o(.text)
    .text                                    0x080051d4   Section        0  fmul.o(.text)
    .text                                    0x08005238   Section        0  dadd.o(.text)
    .text                                    0x08005386   Section        0  dmul.o(.text)
    .text                                    0x0800546a   Section        0  ddiv.o(.text)
    .text                                    0x08005548   Section        0  fflti.o(.text)
    .text                                    0x0800555a   Section        0  ffltui.o(.text)
    .text                                    0x08005564   Section        0  ffixui.o(.text)
    .text                                    0x0800558c   Section        0  dfixi.o(.text)
    .text                                    0x080055ca   Section        0  f2d.o(.text)
    .text                                    0x080055f0   Section        0  d2f.o(.text)
    .text                                    0x08005628   Section        0  uidiv.o(.text)
    .text                                    0x08005654   Section        0  uldiv.o(.text)
    .text                                    0x080056b6   Section        0  llshl.o(.text)
    .text                                    0x080056d4   Section        0  llushr.o(.text)
    .text                                    0x080056f4   Section        0  llsshr.o(.text)
    .text                                    0x08005718   Section        0  fepilogue.o(.text)
    .text                                    0x08005718   Section        0  iusefp.o(.text)
    .text                                    0x08005786   Section        0  depilogue.o(.text)
    .text                                    0x08005840   Section        0  dfixul.o(.text)
    .text                                    0x08005870   Section       48  cdrcmple.o(.text)
    .text                                    0x080058a0   Section       36  init.o(.text)
    TOS_CORE_A                               0x080058c4   Section       80  tos_core_a.o(TOS_CORE_A)
    i.App_DisCoppy                           0x08005914   Section        0  lockcode.o(i.App_DisCoppy)
    i.BOOL_LoadConfigs                       0x08005958   Section        0  main.o(i.BOOL_LoadConfigs)
    i.BRG_RGB                                0x08005994   Section        0  main.o(i.BRG_RGB)
    i.BareDelay                              0x080059aa   Section        0  stm32_cpu.o(i.BareDelay)
    i.Beep_A2BT                              0x080059c4   Section        0  main.o(i.Beep_A2BT)
    i.Beep_Dot                               0x08005a16   Section        0  main.o(i.Beep_Dot)
    i.BufferCoppy                            0x08005a50   Section        0  text.o(i.BufferCoppy)
    i.BusFault_Handler                       0x08005a72   Section        0  stm32f10x_it.o(i.BusFault_Handler)
    i.CompareWithString                      0x08005a76   Section        0  text.o(i.CompareWithString)
    i.DeBug                                  0x08005ab4   Section        0  debug.o(i.DeBug)
    i.DeBug_OutSet                           0x08005c40   Section        0  debug.o(i.DeBug_OutSet)
    i.DebugMon_Handler                       0x08005c4c   Section        0  stm32f10x_it.o(i.DebugMon_Handler)
    i.DeviceList_Init                        0x08005c50   Section        0  tos_device.o(i.DeviceList_Init)
    i.DeviceMount_GPIO                       0x08005cd0   Section        0  gpio_driver.o(i.DeviceMount_GPIO)
    i.DeviceMount_Moto                       0x08005d9c   Section        0  main.o(i.DeviceMount_Moto)
    i.DeviceMount_Uart                       0x08005e68   Section        0  usart_driver.o(i.DeviceMount_Uart)
    i.DeviceMount_Usart                      0x08006030   Section        0  usart_driver.o(i.DeviceMount_Usart)
    i.Device_Init                            0x08006040   Section        0  tos_device.o(i.Device_Init)
    i.Device_Ok                              0x080060f8   Section        0  tos_device.o(i.Device_Ok)
    i.ECHO_ADC                               0x0800611c   Section        0  main.o(i.ECHO_ADC)
    i.ECHO_CpuUsage                          0x08006178   Section        0  main.o(i.ECHO_CpuUsage)
    i.ECHO_Humidity                          0x080061a0   Section        0  main.o(i.ECHO_Humidity)
    i.ECHO_RamUsage                          0x080061e8   Section        0  main.o(i.ECHO_RamUsage)
    i.ECHO_Temp                              0x08006210   Section        0  main.o(i.ECHO_Temp)
    i.EXTI15_10_IRQHandler                   0x08006254   Section        0  main.o(i.EXTI15_10_IRQHandler)
    i.EXTI_ClearITPendingBit                 0x0800637c   Section        0  stm32f10x_exti.o(i.EXTI_ClearITPendingBit)
    i.Exti_EnableIRQ                         0x08006388   Section        0  main.o(i.Exti_EnableIRQ)
    i.FLASH_ErasePage                        0x080063cc   Section        0  stm32f10x_flash.o(i.FLASH_ErasePage)
    i.FLASH_GetBank1Status                   0x08006418   Section        0  stm32f10x_flash.o(i.FLASH_GetBank1Status)
    i.FLASH_Lock                             0x0800644c   Section        0  stm32f10x_flash.o(i.FLASH_Lock)
    i.FLASH_ProgramHalfWord                  0x08006460   Section        0  stm32f10x_flash.o(i.FLASH_ProgramHalfWord)
    i.FLASH_Unlock                           0x080064a0   Section        0  stm32f10x_flash.o(i.FLASH_Unlock)
    i.FLASH_WaitForLastOperation             0x080064b8   Section        0  stm32f10x_flash.o(i.FLASH_WaitForLastOperation)
    i.FindIntFromString                      0x080064de   Section        0  text.o(i.FindIntFromString)
    i.Flash_ReadData                         0x08006574   Section        0  appconfig.o(i.Flash_ReadData)
    i.Flash_WriteData                        0x08006590   Section        0  appconfig.o(i.Flash_WriteData)
    i.FlowPoolFilter                         0x08006606   Section        0  text.o(i.FlowPoolFilter)
    i.GIDE_Beep                              0x08006640   Section        0  main.o(i.GIDE_Beep)
    i.GIDE_Close                             0x0800665c   Section        0  main.o(i.GIDE_Close)
    i.GIDE_Delay                             0x08006690   Section        0  main.o(i.GIDE_Delay)
    i.GIDE_Echo                              0x080066a0   Section        0  main.o(i.GIDE_Echo)
    i.GIDE_Eye                               0x080066e4   Section        0  main.o(i.GIDE_Eye)
    i.GIDE_Keys                              0x08006734   Section        0  main.o(i.GIDE_Keys)
    i.GIDE_Lamp                              0x080067b0   Section        0  main.o(i.GIDE_Lamp)
    i.GIDE_Moto                              0x080067d6   Section        0  main.o(i.GIDE_Moto)
    i.GIDE_OFF                               0x080067f0   Section        0  main.o(i.GIDE_OFF)
    i.GPIO_GetIndex                          0x08006820   Section        0  gpio_driver.o(i.GPIO_GetIndex)
    i.GPIO_Init                              0x0800685c   Section        0  stm32f10x_gpio.o(i.GPIO_Init)
    i.GPIO_InitList                          0x08006974   Section        0  stm32_cpu.o(i.GPIO_InitList)
    i.GPIO_PinRemapConfig                    0x080069fc   Section        0  stm32f10x_gpio.o(i.GPIO_PinRemapConfig)
    i.GPIO_ReadInputDataBit                  0x08006a8c   Section        0  stm32f10x_gpio.o(i.GPIO_ReadInputDataBit)
    i.GPIO_ResetBits                         0x08006a9e   Section        0  stm32f10x_gpio.o(i.GPIO_ResetBits)
    i.GPIO_Set                               0x08006aa2   Section        0  gpio_driver.o(i.GPIO_Set)
    i.GPIO_SetBits                           0x08006ac0   Section        0  stm32f10x_gpio.o(i.GPIO_SetBits)
    i.GPIO_SetIndex                          0x08006ac4   Section        0  gpio_driver.o(i.GPIO_SetIndex)
    i.GetChar_List                           0x08006af8   Section        0  debug.o(i.GetChar_List)
    i.GetHmi                                 0x08006b78   Section        0  main.o(i.GetHmi)
    i.GetStringToNumber                      0x08006bcc   Section        0  text.o(i.GetStringToNumber)
    i.GetTemp                                0x08006c90   Section        0  main.o(i.GetTemp)
    i.GetTextLength                          0x08006cec   Section        0  text.o(i.GetTextLength)
    i.HHT21_Read                             0x08006d04   Section        0  main.o(i.HHT21_Read)
    i.HardFault_Handler                      0x08006de8   Section        0  stm32f10x_it.o(i.HardFault_Handler)
    i.IAP_ErasePage                          0x08006df0   Section        0  stm32_cpu.o(i.IAP_ErasePage)
    i.IAP_Lock                               0x08006dfc   Section        0  stm32_cpu.o(i.IAP_Lock)
    i.IAP_ProgramHalfWord                    0x08006e04   Section        0  stm32_cpu.o(i.IAP_ProgramHalfWord)
    i.IAP_Unlock                             0x08006e14   Section        0  stm32_cpu.o(i.IAP_Unlock)
    i.IIC_DelayUs                            0x08006e1c   Section        0  main.o(i.IIC_DelayUs)
    i.IIC_Pin_In                             0x08006e2a   Section        0  main.o(i.IIC_Pin_In)
    IIC_Pin_In                               0x08006e2b   Thumb Code    36  main.o(i.IIC_Pin_In)
    i.IIC_Pin_Out                            0x08006e4e   Section        0  main.o(i.IIC_Pin_Out)
    IIC_Pin_Out                              0x08006e4f   Thumb Code    36  main.o(i.IIC_Pin_Out)
    i.IIC_ReadAck                            0x08006e72   Section        0  main.o(i.IIC_ReadAck)
    i.IIC_RecvByte                           0x08006ebe   Section        0  main.o(i.IIC_RecvByte)
    i.IIC_SendAck                            0x08006f1e   Section        0  main.o(i.IIC_SendAck)
    i.IIC_SendByte                           0x08006f5e   Section        0  main.o(i.IIC_SendByte)
    i.IIC_Start                              0x08006fb6   Section        0  main.o(i.IIC_Start)
    i.IIC_Stop                               0x08006fee   Section        0  main.o(i.IIC_Stop)
    i.IWDG_Configuration                     0x08007026   Section        0  stm32_cpu.o(i.IWDG_Configuration)
    i.IWDG_Enable                            0x08007048   Section        0  stm32f10x_iwdg.o(i.IWDG_Enable)
    i.IWDG_ReloadCounter                     0x08007058   Section        0  stm32f10x_iwdg.o(i.IWDG_ReloadCounter)
    i.IWDG_SetPrescaler                      0x08007068   Section        0  stm32f10x_iwdg.o(i.IWDG_SetPrescaler)
    i.IWDG_SetReload                         0x08007074   Section        0  stm32f10x_iwdg.o(i.IWDG_SetReload)
    i.IWDG_WriteAccessCmd                    0x08007080   Section        0  stm32f10x_iwdg.o(i.IWDG_WriteAccessCmd)
    i.Load_AppConfig                         0x0800708c   Section        0  appconfig.o(i.Load_AppConfig)
    i.Load_VoidConfig                        0x080070a8   Section        0  appconfig.o(i.Load_VoidConfig)
    i.MCU_Reset                              0x08007110   Section        0  stm32_cpu.o(i.MCU_Reset)
    i.MemManage_Handler                      0x08007138   Section        0  stm32f10x_it.o(i.MemManage_Handler)
    i.Mema_Count                             0x0800713c   Section        0  tos_mema.o(i.Mema_Count)
    i.Mema_Free                              0x08007158   Section        0  tos_mema.o(i.Mema_Free)
    i.Mema_GetSize                           0x08007188   Section        0  tos_mema.o(i.Mema_GetSize)
    i.Mema_Init                              0x08007194   Section        0  tos_mema.o(i.Mema_Init)
    i.Mema_Malloc                            0x080071b0   Section        0  tos_mema.o(i.Mema_Malloc)
    i.Moto_A                                 0x080071fc   Section        0  main.o(i.Moto_A)
    i.Moto_B                                 0x0800722a   Section        0  main.o(i.Moto_B)
    i.NMI_Handler                            0x08007258   Section        0  stm32f10x_it.o(i.NMI_Handler)
    i.NVIC_Init                              0x0800725c   Section        0  misc.o(i.NVIC_Init)
    i.NVIC_PriorityGroupConfig               0x080072cc   Section        0  misc.o(i.NVIC_PriorityGroupConfig)
    i.NVIC_SetVectorTable                    0x080072e0   Section        0  misc.o(i.NVIC_SetVectorTable)
    i.PWM_Set                                0x080072f4   Section        0  main.o(i.PWM_Set)
    i.PendSV_Handler                         0x08007328   Section        0  stm32f10x_it.o(i.PendSV_Handler)
    i.PwmTimeInt                             0x0800732c   Section        0  main.o(i.PwmTimeInt)
    i.RCC_APB1PeriphClockCmd                 0x0800741c   Section        0  stm32f10x_rcc.o(i.RCC_APB1PeriphClockCmd)
    i.RCC_APB2PeriphClockCmd                 0x0800743c   Section        0  stm32f10x_rcc.o(i.RCC_APB2PeriphClockCmd)
    i.RCC_GetClocksFreq                      0x0800745c   Section        0  stm32f10x_rcc.o(i.RCC_GetClocksFreq)
    i.Remap_SWJ_JTAGDisable                  0x08007530   Section        0  stm32_cpu.o(i.Remap_SWJ_JTAGDisable)
    i.SVC_Handler                            0x08007540   Section        0  stm32f10x_it.o(i.SVC_Handler)
    i.Save_AppConfig                         0x08007544   Section        0  appconfig.o(i.Save_AppConfig)
    i.Save_VoidConfig                        0x08007560   Section        0  appconfig.o(i.Save_VoidConfig)
    i.SetSysClock                            0x0800758c   Section        0  system_stm32f10x.o(i.SetSysClock)
    i.SetSysClockTo72                        0x08007594   Section        0  system_stm32f10x.o(i.SetSysClockTo72)
    SetSysClockTo72                          0x08007595   Thumb Code   214  system_stm32f10x.o(i.SetSysClockTo72)
    i.StringEndingAppend                     0x08007674   Section        0  text.o(i.StringEndingAppend)
    i.Strstr                                 0x080076b6   Section        0  text.o(i.Strstr)
    i.SysTick_Handler                        0x080076e6   Section        0  stm32f10x_it.o(i.SysTick_Handler)
    i.SysTick_Set                            0x080076f0   Section        0  stm32_cpu.o(i.SysTick_Set)
    i.SystemInit                             0x08007748   Section        0  system_stm32f10x.o(i.SystemInit)
    i.System_Reset                           0x080077a8   Section        0  main.o(i.System_Reset)
    i.System_ResetDelay                      0x080077bc   Section        0  main.o(i.System_ResetDelay)
    i.System_SaveConfig                      0x080077cc   Section        0  main.o(i.System_SaveConfig)
    i.TIM_ARRPreloadConfig                   0x080077e4   Section        0  stm32f10x_tim.o(i.TIM_ARRPreloadConfig)
    i.TIM_Cmd                                0x080077fc   Section        0  stm32f10x_tim.o(i.TIM_Cmd)
    i.TIM_OC1Init                            0x08007814   Section        0  stm32f10x_tim.o(i.TIM_OC1Init)
    i.TIM_OC1PreloadConfig                   0x080078ac   Section        0  stm32f10x_tim.o(i.TIM_OC1PreloadConfig)
    i.TIM_OC2Init                            0x080078c0   Section        0  stm32f10x_tim.o(i.TIM_OC2Init)
    i.TIM_OC2PreloadConfig                   0x08007964   Section        0  stm32f10x_tim.o(i.TIM_OC2PreloadConfig)
    i.TIM_OC3Init                            0x08007980   Section        0  stm32f10x_tim.o(i.TIM_OC3Init)
    i.TIM_OC3PreloadConfig                   0x08007a20   Section        0  stm32f10x_tim.o(i.TIM_OC3PreloadConfig)
    i.TIM_OC4Init                            0x08007a34   Section        0  stm32f10x_tim.o(i.TIM_OC4Init)
    i.TIM_OC4PreloadConfig                   0x08007ab0   Section        0  stm32f10x_tim.o(i.TIM_OC4PreloadConfig)
    i.TIM_TimeBaseInit                       0x08007acc   Section        0  stm32f10x_tim.o(i.TIM_TimeBaseInit)
    i.Task0                                  0x08007b70   Section        0  main.o(i.Task0)
    i.Task_Exp1                              0x08007b8c   Section        0  main.o(i.Task_Exp1)
    i.Task_Join                              0x08007bfc   Section        0  func_face.o(i.Task_Join)
    i.Task_LoadConfigs                       0x08007c20   Section        0  main.o(i.Task_LoadConfigs)
    i.Task_SaveConfigs                       0x08007c28   Section        0  main.o(i.Task_SaveConfigs)
    i.Tools_GetCRC16                         0x08007c48   Section        0  cheakout.o(i.Tools_GetCRC16)
    i.Tos_ComputeCPURate                     0x08007c88   Section        0  tos.o(i.Tos_ComputeCPURate)
    i.Tos_GetTaskIDByName                    0x08007ce4   Section        0  tos.o(i.Tos_GetTaskIDByName)
    i.Tos_Init                               0x08007d1c   Section        0  tos.o(i.Tos_Init)
    i.Tos_ListCreate                         0x08007db4   Section        0  tos.o(i.Tos_ListCreate)
    i.Tos_RootTask                           0x08007dd4   Section        0  tos.o(i.Tos_RootTask)
    i.Tos_ScanTimer                          0x08007dfc   Section        0  tos_timer.o(i.Tos_ScanTimer)
    i.Tos_Start                              0x08007e34   Section        0  tos.o(i.Tos_Start)
    i.Tos_SysTick                            0x08007e64   Section        0  tos.o(i.Tos_SysTick)
    i.Tos_TaskCreate                         0x08007eac   Section        0  tos.o(i.Tos_TaskCreate)
    i.Tos_TaskCreateFindID                   0x08007f7c   Section        0  tos.o(i.Tos_TaskCreateFindID)
    i.Tos_TaskDelay                          0x08007fe0   Section        0  tos.o(i.Tos_TaskDelay)
    i.Tos_TaskDelete                         0x08008040   Section        0  tos.o(i.Tos_TaskDelete)
    i.Tos_TaskDropDev                        0x080080d0   Section        0  tos_device.o(i.Tos_TaskDropDev)
    i.Tos_TaskGetDev                         0x08008110   Section        0  tos_device.o(i.Tos_TaskGetDev)
    i.Tos_TaskPutQmsg                        0x0800819c   Section        0  tos.o(i.Tos_TaskPutQmsg)
    i.Tos_TaskReady                          0x0800821c   Section        0  tos.o(i.Tos_TaskReady)
    i.Tos_TaskRecover                        0x080082dc   Section        0  tos.o(i.Tos_TaskRecover)
    i.Tos_TaskRun                            0x08008310   Section        0  tos.o(i.Tos_TaskRun)
    i.Tos_TaskStackInit                      0x08008364   Section        0  tos.o(i.Tos_TaskStackInit)
    i.Tos_TaskStart                          0x080083d4   Section        0  tos.o(i.Tos_TaskStart)
    i.Tos_TaskSuspend                        0x080083f8   Section        0  tos.o(i.Tos_TaskSuspend)
    i.Tos_TaskSwitch                         0x08008474   Section        0  tos.o(i.Tos_TaskSwitch)
    i.Tos_TaskTcbInit                        0x08008514   Section        0  tos.o(i.Tos_TaskTcbInit)
    i.Tos_TaskTimeout                        0x08008528   Section        0  tos.o(i.Tos_TaskTimeout)
    i.Tos_TimerReady                         0x0800857c   Section        0  tos_timer.o(i.Tos_TimerReady)
    i.Tos_WaitDev                            0x080085d0   Section        0  tos.o(i.Tos_WaitDev)
    i.USART1_IRQHandler                      0x0800860c   Section        0  usart_driver.o(i.USART1_IRQHandler)
    i.USART2_IRQHandler                      0x0800866c   Section        0  usart_driver.o(i.USART2_IRQHandler)
    i.USART_ClearFlag                        0x080086cc   Section        0  stm32f10x_usart.o(i.USART_ClearFlag)
    i.USART_ClearITPendingBit                0x080086de   Section        0  stm32f10x_usart.o(i.USART_ClearITPendingBit)
    i.USART_Cmd                              0x080086fc   Section        0  stm32f10x_usart.o(i.USART_Cmd)
    i.USART_Configuration                    0x08008714   Section        0  usart_driver.o(i.USART_Configuration)
    i.USART_ConfigurationAll                 0x08008790   Section        0  usart_driver.o(i.USART_ConfigurationAll)
    i.USART_GPIO_Init                        0x08008800   Section        0  usart_driver.o(i.USART_GPIO_Init)
    i.USART_GPIO_InitAll                     0x080088c8   Section        0  usart_driver.o(i.USART_GPIO_InitAll)
    i.USART_GetITStatus                      0x0800891e   Section        0  stm32f10x_usart.o(i.USART_GetITStatus)
    i.USART_GetIndex                         0x08008974   Section        0  usart_driver.o(i.USART_GetIndex)
    i.USART_GetTypeDef                       0x080089bc   Section        0  usart_driver.o(i.USART_GetTypeDef)
    i.USART_ITConfig                         0x080089f8   Section        0  stm32f10x_usart.o(i.USART_ITConfig)
    i.USART_Init                             0x08008a44   Section        0  stm32f10x_usart.o(i.USART_Init)
    i.USART_Read                             0x08008b1c   Section        0  usart_driver.o(i.USART_Read)
    i.USART_ReadDatas                        0x08008b5c   Section        0  usart_driver.o(i.USART_ReadDatas)
    i.USART_Write                            0x08008c14   Section        0  usart_driver.o(i.USART_Write)
    i.USART_WriteDatas                       0x08008c34   Section        0  usart_driver.o(i.USART_WriteDatas)
    i.USBWakeUp_IRQHandler                   0x08008c56   Section        0  stm32f10x_it.o(i.USBWakeUp_IRQHandler)
    i.UsageFault_Handler                     0x08008c62   Section        0  stm32f10x_it.o(i.UsageFault_Handler)
    i.WS_Delay                               0x08008c66   Section        0  main.o(i.WS_Delay)
    i.WS_SetDot                              0x08008c74   Section        0  main.o(i.WS_SetDot)
    i.WS_Write                               0x08008c8c   Section        0  main.o(i.WS_Write)
    i.WS_WriteList                           0x08008cb4   Section        0  main.o(i.WS_WriteList)
    i.__0vsprintf                            0x08008d24   Section        0  printfa.o(i.__0vsprintf)
    i.__scatterload_copy                     0x08008d48   Section       14  handlers.o(i.__scatterload_copy)
    i.__scatterload_null                     0x08008d56   Section        2  handlers.o(i.__scatterload_null)
    i.__scatterload_zeroinit                 0x08008d58   Section       14  handlers.o(i.__scatterload_zeroinit)
    i._fp_digits                             0x08008d68   Section        0  printfa.o(i._fp_digits)
    _fp_digits                               0x08008d69   Thumb Code   366  printfa.o(i._fp_digits)
    i._printf_core                           0x08008eec   Section        0  printfa.o(i._printf_core)
    _printf_core                             0x08008eed   Thumb Code  1744  printfa.o(i._printf_core)
    i._printf_post_padding                   0x080095c8   Section        0  printfa.o(i._printf_post_padding)
    _printf_post_padding                     0x080095c9   Thumb Code    36  printfa.o(i._printf_post_padding)
    i._printf_pre_padding                    0x080095ec   Section        0  printfa.o(i._printf_pre_padding)
    _printf_pre_padding                      0x080095ed   Thumb Code    46  printfa.o(i._printf_pre_padding)
    i._sputc                                 0x0800961a   Section        0  printfa.o(i._sputc)
    _sputc                                   0x0800961b   Thumb Code    10  printfa.o(i._sputc)
    i.main                                   0x08009624   Section        0  main.o(i.main)
    .constdata                               0x08009664   Section       34  lockcode.o(.constdata)
    .constdata                               0x08009686   Section      512  cheakout.o(.constdata)
    .constdata                               0x08009888   Section      452  main.o(.constdata)
    .conststring                             0x08009a4c   Section       24  func_face.o(.conststring)
    .conststring                             0x08009a64   Section      245  main.o(.conststring)
    .data                                    0x20000000   Section       20  stm32f10x_rcc.o(.data)
    APBAHBPrescTable                         0x20000000   Data          16  stm32f10x_rcc.o(.data)
    ADCPrescTable                            0x20000010   Data           4  stm32f10x_rcc.o(.data)
    .data                                    0x20000014   Section       20  usart_driver.o(.data)
    .data                                    0x20000028   Section        2  gpio_driver.o(.data)
    .data                                    0x2000002c   Section       37  tos.o(.data)
    Count                                    0x20000048   Data           1  tos.o(.data)
    i                                        0x20000049   Data           1  tos.o(.data)
    Pool                                     0x2000004c   Data           4  tos.o(.data)
    Use                                      0x20000050   Data           1  tos.o(.data)
    .data                                    0x20000054   Section        8  tos_device.o(.data)
    .data                                    0x2000005c   Section        4  tos_mema.o(.data)
    .data                                    0x20000060   Section        4  tos_timer.o(.data)
    .data                                    0x20000064   Section        7  debug.o(.data)
    .data                                    0x2000006c   Section        8  func_face.o(.data)
    .data                                    0x20000074   Section       37  main.o(.data)
    L                                        0x20000098   Data           1  main.o(.data)
    .bss                                     0x2000009c   Section       60  usart_driver.o(.bss)
    .bss                                     0x200000d8   Section    14000  tos_mema.o(.bss)
    .bss                                     0x20003788   Section       72  main.o(.bss)
    STACK                                    0x200037d0   Section     1024  startup_stm32f10x_ld.o(STACK)

    Global Symbols

    Symbol Name                              Value     Ov Type        Size  Object(Section)

    BuildAttributes$$THM_ISAv4$P$D$K$B$S$PE$A:L22UL41UL21$X:L11$S22US41US21$IEEE1$IW$USESV6$~STKCKD$USESV7$~SHL$OTIME$ROPI$IEEEX$EBA8$MICROLIB$REQ8$PRES8$EABIv2 0x00000000   Number         0  anon$$obj.o ABSOLUTE
    __ARM_use_no_argv                        0x00000000   Number         0  main.o ABSOLUTE
    __cpp_initialize__aeabi_                  - Undefined Weak Reference
    __cxa_finalize                            - Undefined Weak Reference
    __decompress                              - Undefined Weak Reference
    _clock_init                               - Undefined Weak Reference
    _microlib_exit                            - Undefined Weak Reference
    __Vectors_Size                           0x000000ec   Number         0  startup_stm32f10x_ld.o ABSOLUTE
    __Vectors                                0x08005000   Data           4  startup_stm32f10x_ld.o(RESET)
    __Vectors_End                            0x080050ec   Data           0  startup_stm32f10x_ld.o(RESET)
    __main                                   0x080050ed   Thumb Code     0  entry.o(.ARM.Collect$$$$00000000)
    _main_stk                                0x080050ed   Thumb Code     0  entry2.o(.ARM.Collect$$$$00000001)
    _main_scatterload                        0x080050f1   Thumb Code     0  entry5.o(.ARM.Collect$$$$00000004)
    __main_after_scatterload                 0x080050f5   Thumb Code     0  entry5.o(.ARM.Collect$$$$00000004)
    _main_clock                              0x080050f5   Thumb Code     0  entry7b.o(.ARM.Collect$$$$00000008)
    _main_cpp_init                           0x080050f5   Thumb Code     0  entry8b.o(.ARM.Collect$$$$0000000A)
    _main_init                               0x080050f5   Thumb Code     0  entry9a.o(.ARM.Collect$$$$0000000B)
    __rt_final_cpp                           0x080050fd   Thumb Code     0  entry10a.o(.ARM.Collect$$$$0000000D)
    __rt_final_exit                          0x080050fd   Thumb Code     0  entry11a.o(.ARM.Collect$$$$0000000F)
    Reset_Handler                            0x08005101   Thumb Code     8  startup_stm32f10x_ld.o(.text)
    ADC1_2_IRQHandler                        0x0800511b   Thumb Code     0  startup_stm32f10x_ld.o(.text)
    CAN1_RX1_IRQHandler                      0x0800511b   Thumb Code     0  startup_stm32f10x_ld.o(.text)
    CAN1_SCE_IRQHandler                      0x0800511b   Thumb Code     0  startup_stm32f10x_ld.o(.text)
    DMA1_Channel1_IRQHandler                 0x0800511b   Thumb Code     0  startup_stm32f10x_ld.o(.text)
    DMA1_Channel2_IRQHandler                 0x0800511b   Thumb Code     0  startup_stm32f10x_ld.o(.text)
    DMA1_Channel3_IRQHandler                 0x0800511b   Thumb Code     0  startup_stm32f10x_ld.o(.text)
    DMA1_Channel4_IRQHandler                 0x0800511b   Thumb Code     0  startup_stm32f10x_ld.o(.text)
    DMA1_Channel5_IRQHandler                 0x0800511b   Thumb Code     0  startup_stm32f10x_ld.o(.text)
    DMA1_Channel6_IRQHandler                 0x0800511b   Thumb Code     0  startup_stm32f10x_ld.o(.text)
    DMA1_Channel7_IRQHandler                 0x0800511b   Thumb Code     0  startup_stm32f10x_ld.o(.text)
    EXTI0_IRQHandler                         0x0800511b   Thumb Code     0  startup_stm32f10x_ld.o(.text)
    EXTI1_IRQHandler                         0x0800511b   Thumb Code     0  startup_stm32f10x_ld.o(.text)
    EXTI2_IRQHandler                         0x0800511b   Thumb Code     0  startup_stm32f10x_ld.o(.text)
    EXTI3_IRQHandler                         0x0800511b   Thumb Code     0  startup_stm32f10x_ld.o(.text)
    EXTI4_IRQHandler                         0x0800511b   Thumb Code     0  startup_stm32f10x_ld.o(.text)
    EXTI9_5_IRQHandler                       0x0800511b   Thumb Code     0  startup_stm32f10x_ld.o(.text)
    FLASH_IRQHandler                         0x0800511b   Thumb Code     0  startup_stm32f10x_ld.o(.text)
    I2C1_ER_IRQHandler                       0x0800511b   Thumb Code     0  startup_stm32f10x_ld.o(.text)
    I2C1_EV_IRQHandler                       0x0800511b   Thumb Code     0  startup_stm32f10x_ld.o(.text)
    PVD_IRQHandler                           0x0800511b   Thumb Code     0  startup_stm32f10x_ld.o(.text)
    RCC_IRQHandler                           0x0800511b   Thumb Code     0  startup_stm32f10x_ld.o(.text)
    RTCAlarm_IRQHandler                      0x0800511b   Thumb Code     0  startup_stm32f10x_ld.o(.text)
    RTC_IRQHandler                           0x0800511b   Thumb Code     0  startup_stm32f10x_ld.o(.text)
    SPI1_IRQHandler                          0x0800511b   Thumb Code     0  startup_stm32f10x_ld.o(.text)
    TAMPER_IRQHandler                        0x0800511b   Thumb Code     0  startup_stm32f10x_ld.o(.text)
    TIM1_BRK_IRQHandler                      0x0800511b   Thumb Code     0  startup_stm32f10x_ld.o(.text)
    TIM1_CC_IRQHandler                       0x0800511b   Thumb Code     0  startup_stm32f10x_ld.o(.text)
    TIM1_TRG_COM_IRQHandler                  0x0800511b   Thumb Code     0  startup_stm32f10x_ld.o(.text)
    TIM1_UP_IRQHandler                       0x0800511b   Thumb Code     0  startup_stm32f10x_ld.o(.text)
    TIM2_IRQHandler                          0x0800511b   Thumb Code     0  startup_stm32f10x_ld.o(.text)
    TIM3_IRQHandler                          0x0800511b   Thumb Code     0  startup_stm32f10x_ld.o(.text)
    USB_HP_CAN1_TX_IRQHandler                0x0800511b   Thumb Code     0  startup_stm32f10x_ld.o(.text)
    USB_LP_CAN1_RX0_IRQHandler               0x0800511b   Thumb Code     0  startup_stm32f10x_ld.o(.text)
    WWDG_IRQHandler                          0x0800511b   Thumb Code     0  startup_stm32f10x_ld.o(.text)
    __aeabi_fadd                             0x08005125   Thumb Code   164  fadd.o(.text)
    __aeabi_fsub                             0x080051c9   Thumb Code     6  fadd.o(.text)
    __aeabi_frsub                            0x080051cf   Thumb Code     6  fadd.o(.text)
    __aeabi_fmul                             0x080051d5   Thumb Code   100  fmul.o(.text)
    __aeabi_dadd                             0x08005239   Thumb Code   322  dadd.o(.text)
    __aeabi_dsub                             0x0800537b   Thumb Code     6  dadd.o(.text)
    __aeabi_drsub                            0x08005381   Thumb Code     6  dadd.o(.text)
    __aeabi_dmul                             0x08005387   Thumb Code   228  dmul.o(.text)
    __aeabi_ddiv                             0x0800546b   Thumb Code   222  ddiv.o(.text)
    __aeabi_i2f                              0x08005549   Thumb Code    18  fflti.o(.text)
    __aeabi_ui2f                             0x0800555b   Thumb Code    10  ffltui.o(.text)
    __aeabi_f2uiz                            0x08005565   Thumb Code    40  ffixui.o(.text)
    __aeabi_d2iz                             0x0800558d   Thumb Code    62  dfixi.o(.text)
    __aeabi_f2d                              0x080055cb   Thumb Code    38  f2d.o(.text)
    __aeabi_d2f                              0x080055f1   Thumb Code    56  d2f.o(.text)
    __aeabi_uidiv                            0x08005629   Thumb Code     0  uidiv.o(.text)
    __aeabi_uidivmod                         0x08005629   Thumb Code    44  uidiv.o(.text)
    __aeabi_uldivmod                         0x08005655   Thumb Code    98  uldiv.o(.text)
    __aeabi_llsl                             0x080056b7   Thumb Code    30  llshl.o(.text)
    _ll_shift_l                              0x080056b7   Thumb Code     0  llshl.o(.text)
    __aeabi_llsr                             0x080056d5   Thumb Code    32  llushr.o(.text)
    _ll_ushift_r                             0x080056d5   Thumb Code     0  llushr.o(.text)
    __aeabi_lasr                             0x080056f5   Thumb Code    36  llsshr.o(.text)
    _ll_sshift_r                             0x080056f5   Thumb Code     0  llsshr.o(.text)
    __I$use$fp                               0x08005719   Thumb Code     0  iusefp.o(.text)
    _float_round                             0x08005719   Thumb Code    18  fepilogue.o(.text)
    _float_epilogue                          0x0800572b   Thumb Code    92  fepilogue.o(.text)
    _double_round                            0x08005787   Thumb Code    30  depilogue.o(.text)
    _double_epilogue                         0x080057a5   Thumb Code   156  depilogue.o(.text)
    __aeabi_d2ulz                            0x08005841   Thumb Code    48  dfixul.o(.text)
    __aeabi_cdrcmple                         0x08005871   Thumb Code    48  cdrcmple.o(.text)
    __scatterload                            0x080058a1   Thumb Code    28  init.o(.text)
    __scatterload_rt2                        0x080058a1   Thumb Code     0  init.o(.text)
    TOS_ContextSwitch                        0x080058c5   Thumb Code     0  tos_core_a.o(TOS_CORE_A)
    TOS_SwitchToTask                         0x080058f7   Thumb Code     0  tos_core_a.o(TOS_CORE_A)
    App_DisCoppy                             0x08005915   Thumb Code    58  lockcode.o(i.App_DisCoppy)
    BOOL_LoadConfigs                         0x08005959   Thumb Code    36  main.o(i.BOOL_LoadConfigs)
    BRG_RGB                                  0x08005995   Thumb Code    22  main.o(i.BRG_RGB)
    BareDelay                                0x080059ab   Thumb Code    26  stm32_cpu.o(i.BareDelay)
    Beep_A2BT                                0x080059c5   Thumb Code    82  main.o(i.Beep_A2BT)
    Beep_Dot                                 0x08005a17   Thumb Code    58  main.o(i.Beep_Dot)
    BufferCoppy                              0x08005a51   Thumb Code    34  text.o(i.BufferCoppy)
    BusFault_Handler                         0x08005a73   Thumb Code     4  stm32f10x_it.o(i.BusFault_Handler)
    CompareWithString                        0x08005a77   Thumb Code    60  text.o(i.CompareWithString)
    DeBug                                    0x08005ab5   Thumb Code   360  debug.o(i.DeBug)
    DeBug_OutSet                             0x08005c41   Thumb Code     6  debug.o(i.DeBug_OutSet)
    DebugMon_Handler                         0x08005c4d   Thumb Code     2  stm32f10x_it.o(i.DebugMon_Handler)
    DeviceList_Init                          0x08005c51   Thumb Code   112  tos_device.o(i.DeviceList_Init)
    DeviceMount_GPIO                         0x08005cd1   Thumb Code   180  gpio_driver.o(i.DeviceMount_GPIO)
    DeviceMount_Moto                         0x08005d9d   Thumb Code   180  main.o(i.DeviceMount_Moto)
    DeviceMount_Uart                         0x08005e69   Thumb Code   398  usart_driver.o(i.DeviceMount_Uart)
    DeviceMount_Usart                        0x08006031   Thumb Code    16  usart_driver.o(i.DeviceMount_Usart)
    Device_Init                              0x08006041   Thumb Code   152  tos_device.o(i.Device_Init)
    Device_Ok                                0x080060f9   Thumb Code    30  tos_device.o(i.Device_Ok)
    ECHO_ADC                                 0x0800611d   Thumb Code    62  main.o(i.ECHO_ADC)
    ECHO_CpuUsage                            0x08006179   Thumb Code    18  main.o(i.ECHO_CpuUsage)
    ECHO_Humidity                            0x080061a1   Thumb Code    46  main.o(i.ECHO_Humidity)
    ECHO_RamUsage                            0x080061e9   Thumb Code    22  main.o(i.ECHO_RamUsage)
    ECHO_Temp                                0x08006211   Thumb Code    48  main.o(i.ECHO_Temp)
    EXTI15_10_IRQHandler                     0x08006255   Thumb Code   264  main.o(i.EXTI15_10_IRQHandler)
    EXTI_ClearITPendingBit                   0x0800637d   Thumb Code     6  stm32f10x_exti.o(i.EXTI_ClearITPendingBit)
    Exti_EnableIRQ                           0x08006389   Thumb Code    62  main.o(i.Exti_EnableIRQ)
    FLASH_ErasePage                          0x080063cd   Thumb Code    72  stm32f10x_flash.o(i.FLASH_ErasePage)
    FLASH_GetBank1Status                     0x08006419   Thumb Code    48  stm32f10x_flash.o(i.FLASH_GetBank1Status)
    FLASH_Lock                               0x0800644d   Thumb Code    14  stm32f10x_flash.o(i.FLASH_Lock)
    FLASH_ProgramHalfWord                    0x08006461   Thumb Code    60  stm32f10x_flash.o(i.FLASH_ProgramHalfWord)
    FLASH_Unlock                             0x080064a1   Thumb Code    12  stm32f10x_flash.o(i.FLASH_Unlock)
    FLASH_WaitForLastOperation               0x080064b9   Thumb Code    38  stm32f10x_flash.o(i.FLASH_WaitForLastOperation)
    FindIntFromString                        0x080064df   Thumb Code   150  text.o(i.FindIntFromString)
    Flash_ReadData                           0x08006575   Thumb Code    28  appconfig.o(i.Flash_ReadData)
    Flash_WriteData                          0x08006591   Thumb Code   118  appconfig.o(i.Flash_WriteData)
    FlowPoolFilter                           0x08006607   Thumb Code    58  text.o(i.FlowPoolFilter)
    GIDE_Beep                                0x08006641   Thumb Code    26  main.o(i.GIDE_Beep)
    GIDE_Close                               0x0800665d   Thumb Code    32  main.o(i.GIDE_Close)
    GIDE_Delay                               0x08006691   Thumb Code    14  main.o(i.GIDE_Delay)
    GIDE_Echo                                0x080066a1   Thumb Code    50  main.o(i.GIDE_Echo)
    GIDE_Eye                                 0x080066e5   Thumb Code    78  main.o(i.GIDE_Eye)
    GIDE_Keys                                0x08006735   Thumb Code   108  main.o(i.GIDE_Keys)
    GIDE_Lamp                                0x080067b1   Thumb Code    38  main.o(i.GIDE_Lamp)
    GIDE_Moto                                0x080067d7   Thumb Code    26  main.o(i.GIDE_Moto)
    GIDE_OFF                                 0x080067f1   Thumb Code    32  main.o(i.GIDE_OFF)
    GPIO_GetIndex                            0x08006821   Thumb Code    52  gpio_driver.o(i.GPIO_GetIndex)
    GPIO_Init                                0x0800685d   Thumb Code   278  stm32f10x_gpio.o(i.GPIO_Init)
    GPIO_InitList                            0x08006975   Thumb Code   126  stm32_cpu.o(i.GPIO_InitList)
    GPIO_PinRemapConfig                      0x080069fd   Thumb Code   138  stm32f10x_gpio.o(i.GPIO_PinRemapConfig)
    GPIO_ReadInputDataBit                    0x08006a8d   Thumb Code    18  stm32f10x_gpio.o(i.GPIO_ReadInputDataBit)
    GPIO_ResetBits                           0x08006a9f   Thumb Code     4  stm32f10x_gpio.o(i.GPIO_ResetBits)
    GPIO_Set                                 0x08006aa3   Thumb Code    30  gpio_driver.o(i.GPIO_Set)
    GPIO_SetBits                             0x08006ac1   Thumb Code     4  stm32f10x_gpio.o(i.GPIO_SetBits)
    GPIO_SetIndex                            0x08006ac5   Thumb Code    44  gpio_driver.o(i.GPIO_SetIndex)
    GetChar_List                             0x08006af9   Thumb Code   128  debug.o(i.GetChar_List)
    GetHmi                                   0x08006b79   Thumb Code    76  main.o(i.GetHmi)
    GetStringToNumber                        0x08006bcd   Thumb Code   178  text.o(i.GetStringToNumber)
    GetTemp                                  0x08006c91   Thumb Code    76  main.o(i.GetTemp)
    GetTextLength                            0x08006ced   Thumb Code    24  text.o(i.GetTextLength)
    HHT21_Read                               0x08006d05   Thumb Code   228  main.o(i.HHT21_Read)
    HardFault_Handler                        0x08006de9   Thumb Code     8  stm32f10x_it.o(i.HardFault_Handler)
    IAP_ErasePage                            0x08006df1   Thumb Code    12  stm32_cpu.o(i.IAP_ErasePage)
    IAP_Lock                                 0x08006dfd   Thumb Code     8  stm32_cpu.o(i.IAP_Lock)
    IAP_ProgramHalfWord                      0x08006e05   Thumb Code    16  stm32_cpu.o(i.IAP_ProgramHalfWord)
    IAP_Unlock                               0x08006e15   Thumb Code     8  stm32_cpu.o(i.IAP_Unlock)
    IIC_DelayUs                              0x08006e1d   Thumb Code    14  main.o(i.IIC_DelayUs)
    IIC_ReadAck                              0x08006e73   Thumb Code    76  main.o(i.IIC_ReadAck)
    IIC_RecvByte                             0x08006ebf   Thumb Code    96  main.o(i.IIC_RecvByte)
    IIC_SendAck                              0x08006f1f   Thumb Code    64  main.o(i.IIC_SendAck)
    IIC_SendByte                             0x08006f5f   Thumb Code    88  main.o(i.IIC_SendByte)
    IIC_Start                                0x08006fb7   Thumb Code    56  main.o(i.IIC_Start)
    IIC_Stop                                 0x08006fef   Thumb Code    56  main.o(i.IIC_Stop)
    IWDG_Configuration                       0x08007027   Thumb Code    34  stm32_cpu.o(i.IWDG_Configuration)
    IWDG_Enable                              0x08007049   Thumb Code    10  stm32f10x_iwdg.o(i.IWDG_Enable)
    IWDG_ReloadCounter                       0x08007059   Thumb Code    10  stm32f10x_iwdg.o(i.IWDG_ReloadCounter)
    IWDG_SetPrescaler                        0x08007069   Thumb Code     6  stm32f10x_iwdg.o(i.IWDG_SetPrescaler)
    IWDG_SetReload                           0x08007075   Thumb Code     6  stm32f10x_iwdg.o(i.IWDG_SetReload)
    IWDG_WriteAccessCmd                      0x08007081   Thumb Code     6  stm32f10x_iwdg.o(i.IWDG_WriteAccessCmd)
    Load_AppConfig                           0x0800708d   Thumb Code    20  appconfig.o(i.Load_AppConfig)
    Load_VoidConfig                          0x080070a9   Thumb Code   102  appconfig.o(i.Load_VoidConfig)
    MCU_Reset                                0x08007111   Thumb Code    32  stm32_cpu.o(i.MCU_Reset)
    MemManage_Handler                        0x08007139   Thumb Code     4  stm32f10x_it.o(i.MemManage_Handler)
    Mema_Count                               0x0800713d   Thumb Code    22  tos_mema.o(i.Mema_Count)
    Mema_Free                                0x08007159   Thumb Code    44  tos_mema.o(i.Mema_Free)
    Mema_GetSize                             0x08007189   Thumb Code    12  tos_mema.o(i.Mema_GetSize)
    Mema_Init                                0x08007195   Thumb Code    22  tos_mema.o(i.Mema_Init)
    Mema_Malloc                              0x080071b1   Thumb Code    72  tos_mema.o(i.Mema_Malloc)
    Moto_A                                   0x080071fd   Thumb Code    46  main.o(i.Moto_A)
    Moto_B                                   0x0800722b   Thumb Code    46  main.o(i.Moto_B)
    NMI_Handler                              0x08007259   Thumb Code     2  stm32f10x_it.o(i.NMI_Handler)
    NVIC_Init                                0x0800725d   Thumb Code   100  misc.o(i.NVIC_Init)
    NVIC_PriorityGroupConfig                 0x080072cd   Thumb Code    10  misc.o(i.NVIC_PriorityGroupConfig)
    NVIC_SetVectorTable                      0x080072e1   Thumb Code    12  misc.o(i.NVIC_SetVectorTable)
    PWM_Set                                  0x080072f5   Thumb Code    46  main.o(i.PWM_Set)
    PendSV_Handler                           0x08007329   Thumb Code     2  stm32f10x_it.o(i.PendSV_Handler)
    PwmTimeInt                               0x0800732d   Thumb Code   230  main.o(i.PwmTimeInt)
    RCC_APB1PeriphClockCmd                   0x0800741d   Thumb Code    26  stm32f10x_rcc.o(i.RCC_APB1PeriphClockCmd)
    RCC_APB2PeriphClockCmd                   0x0800743d   Thumb Code    26  stm32f10x_rcc.o(i.RCC_APB2PeriphClockCmd)
    RCC_GetClocksFreq                        0x0800745d   Thumb Code   192  stm32f10x_rcc.o(i.RCC_GetClocksFreq)
    Remap_SWJ_JTAGDisable                    0x08007531   Thumb Code    12  stm32_cpu.o(i.Remap_SWJ_JTAGDisable)
    SVC_Handler                              0x08007541   Thumb Code     2  stm32f10x_it.o(i.SVC_Handler)
    Save_AppConfig                           0x08007545   Thumb Code    20  appconfig.o(i.Save_AppConfig)
    Save_VoidConfig                          0x08007561   Thumb Code    44  appconfig.o(i.Save_VoidConfig)
    SetSysClock                              0x0800758d   Thumb Code     8  system_stm32f10x.o(i.SetSysClock)
    StringEndingAppend                       0x08007675   Thumb Code    66  text.o(i.StringEndingAppend)
    Strstr                                   0x080076b7   Thumb Code    48  text.o(i.Strstr)
    SysTick_Handler                          0x080076e7   Thumb Code     8  stm32f10x_it.o(i.SysTick_Handler)
    SysTick_Set                              0x080076f1   Thumb Code    74  stm32_cpu.o(i.SysTick_Set)
    SystemInit                               0x08007749   Thumb Code    78  system_stm32f10x.o(i.SystemInit)
    System_Reset                             0x080077a9   Thumb Code    14  main.o(i.System_Reset)
    System_ResetDelay                        0x080077bd   Thumb Code    14  main.o(i.System_ResetDelay)
    System_SaveConfig                        0x080077cd   Thumb Code    20  main.o(i.System_SaveConfig)
    TIM_ARRPreloadConfig                     0x080077e5   Thumb Code    24  stm32f10x_tim.o(i.TIM_ARRPreloadConfig)
    TIM_Cmd                                  0x080077fd   Thumb Code    24  stm32f10x_tim.o(i.TIM_Cmd)
    TIM_OC1Init                              0x08007815   Thumb Code   132  stm32f10x_tim.o(i.TIM_OC1Init)
    TIM_OC1PreloadConfig                     0x080078ad   Thumb Code    18  stm32f10x_tim.o(i.TIM_OC1PreloadConfig)
    TIM_OC2Init                              0x080078c1   Thumb Code   154  stm32f10x_tim.o(i.TIM_OC2Init)
    TIM_OC2PreloadConfig                     0x08007965   Thumb Code    26  stm32f10x_tim.o(i.TIM_OC2PreloadConfig)
    TIM_OC3Init                              0x08007981   Thumb Code   150  stm32f10x_tim.o(i.TIM_OC3Init)
    TIM_OC3PreloadConfig                     0x08007a21   Thumb Code    18  stm32f10x_tim.o(i.TIM_OC3PreloadConfig)
    TIM_OC4Init                              0x08007a35   Thumb Code   114  stm32f10x_tim.o(i.TIM_OC4Init)
    TIM_OC4PreloadConfig                     0x08007ab1   Thumb Code    26  stm32f10x_tim.o(i.TIM_OC4PreloadConfig)
    TIM_TimeBaseInit                         0x08007acd   Thumb Code   122  stm32f10x_tim.o(i.TIM_TimeBaseInit)
    Task0                                    0x08007b71   Thumb Code    26  main.o(i.Task0)
    Task_Exp1                                0x08007b8d   Thumb Code   108  main.o(i.Task_Exp1)
    Task_Join                                0x08007bfd   Thumb Code    32  func_face.o(i.Task_Join)
    Task_LoadConfigs                         0x08007c21   Thumb Code     8  main.o(i.Task_LoadConfigs)
    Task_SaveConfigs                         0x08007c29   Thumb Code    26  main.o(i.Task_SaveConfigs)
    Tools_GetCRC16                           0x08007c49   Thumb Code    56  cheakout.o(i.Tools_GetCRC16)
    Tos_ComputeCPURate                       0x08007c89   Thumb Code    68  tos.o(i.Tos_ComputeCPURate)
    Tos_GetTaskIDByName                      0x08007ce5   Thumb Code    50  tos.o(i.Tos_GetTaskIDByName)
    Tos_Init                                 0x08007d1d   Thumb Code   132  tos.o(i.Tos_Init)
    Tos_ListCreate                           0x08007db5   Thumb Code    32  tos.o(i.Tos_ListCreate)
    Tos_RootTask                             0x08007dd5   Thumb Code    38  tos.o(i.Tos_RootTask)
    Tos_ScanTimer                            0x08007dfd   Thumb Code    52  tos_timer.o(i.Tos_ScanTimer)
    Tos_Start                                0x08007e35   Thumb Code    32  tos.o(i.Tos_Start)
    Tos_SysTick                              0x08007e65   Thumb Code    42  tos.o(i.Tos_SysTick)
    Tos_TaskCreate                           0x08007ead   Thumb Code   204  tos.o(i.Tos_TaskCreate)
    Tos_TaskCreateFindID                     0x08007f7d   Thumb Code    94  tos.o(i.Tos_TaskCreateFindID)
    Tos_TaskDelay                            0x08007fe1   Thumb Code    84  tos.o(i.Tos_TaskDelay)
    Tos_TaskDelete                           0x08008041   Thumb Code   140  tos.o(i.Tos_TaskDelete)
    Tos_TaskDropDev                          0x080080d1   Thumb Code    56  tos_device.o(i.Tos_TaskDropDev)
    Tos_TaskGetDev                           0x08008111   Thumb Code   132  tos_device.o(i.Tos_TaskGetDev)
    Tos_TaskPutQmsg                          0x0800819d   Thumb Code   124  tos.o(i.Tos_TaskPutQmsg)
    Tos_TaskReady                            0x0800821d   Thumb Code   184  tos.o(i.Tos_TaskReady)
    Tos_TaskRecover                          0x080082dd   Thumb Code    46  tos.o(i.Tos_TaskRecover)
    Tos_TaskRun                              0x08008311   Thumb Code    66  tos.o(i.Tos_TaskRun)
    Tos_TaskStackInit                        0x08008365   Thumb Code   110  tos.o(i.Tos_TaskStackInit)
    Tos_TaskStart                            0x080083d5   Thumb Code    28  tos.o(i.Tos_TaskStart)
    Tos_TaskSuspend                          0x080083f9   Thumb Code   118  tos.o(i.Tos_TaskSuspend)
    Tos_TaskSwitch                           0x08008475   Thumb Code   148  tos.o(i.Tos_TaskSwitch)
    Tos_TaskTcbInit                          0x08008515   Thumb Code    18  tos.o(i.Tos_TaskTcbInit)
    Tos_TaskTimeout                          0x08008529   Thumb Code    78  tos.o(i.Tos_TaskTimeout)
    Tos_TimerReady                           0x0800857d   Thumb Code    78  tos_timer.o(i.Tos_TimerReady)
    Tos_WaitDev                              0x080085d1   Thumb Code    50  tos.o(i.Tos_WaitDev)
    USART1_IRQHandler                        0x0800860d   Thumb Code    76  usart_driver.o(i.USART1_IRQHandler)
    USART2_IRQHandler                        0x0800866d   Thumb Code    76  usart_driver.o(i.USART2_IRQHandler)
    USART_ClearFlag                          0x080086cd   Thumb Code    18  stm32f10x_usart.o(i.USART_ClearFlag)
    USART_ClearITPendingBit                  0x080086df   Thumb Code    30  stm32f10x_usart.o(i.USART_ClearITPendingBit)
    USART_Cmd                                0x080086fd   Thumb Code    24  stm32f10x_usart.o(i.USART_Cmd)
    USART_Configuration                      0x08008715   Thumb Code   104  usart_driver.o(i.USART_Configuration)
    USART_ConfigurationAll                   0x08008791   Thumb Code   110  usart_driver.o(i.USART_ConfigurationAll)
    USART_GPIO_Init                          0x08008801   Thumb Code   164  usart_driver.o(i.USART_GPIO_Init)
    USART_GPIO_InitAll                       0x080088c9   Thumb Code    86  usart_driver.o(i.USART_GPIO_InitAll)
    USART_GetITStatus                        0x0800891f   Thumb Code    84  stm32f10x_usart.o(i.USART_GetITStatus)
    USART_GetIndex                           0x08008975   Thumb Code    62  usart_driver.o(i.USART_GetIndex)
    USART_GetTypeDef                         0x080089bd   Thumb Code    40  usart_driver.o(i.USART_GetTypeDef)
    USART_ITConfig                           0x080089f9   Thumb Code    74  stm32f10x_usart.o(i.USART_ITConfig)
    USART_Init                               0x08008a45   Thumb Code   210  stm32f10x_usart.o(i.USART_Init)
    USART_Read                               0x08008b1d   Thumb Code    58  usart_driver.o(i.USART_Read)
    USART_ReadDatas                          0x08008b5d   Thumb Code   160  usart_driver.o(i.USART_ReadDatas)
    USART_Write                              0x08008c15   Thumb Code    32  usart_driver.o(i.USART_Write)
    USART_WriteDatas                         0x08008c35   Thumb Code    34  usart_driver.o(i.USART_WriteDatas)
    USBWakeUp_IRQHandler                     0x08008c57   Thumb Code    12  stm32f10x_it.o(i.USBWakeUp_IRQHandler)
    UsageFault_Handler                       0x08008c63   Thumb Code     4  stm32f10x_it.o(i.UsageFault_Handler)
    WS_Delay                                 0x08008c67   Thumb Code    14  main.o(i.WS_Delay)
    WS_SetDot                                0x08008c75   Thumb Code    18  main.o(i.WS_SetDot)
    WS_Write                                 0x08008c8d   Thumb Code    32  main.o(i.WS_Write)
    WS_WriteList                             0x08008cb5   Thumb Code   110  main.o(i.WS_WriteList)
    __0vsprintf                              0x08008d25   Thumb Code    30  printfa.o(i.__0vsprintf)
    __1vsprintf                              0x08008d25   Thumb Code     0  printfa.o(i.__0vsprintf)
    __2vsprintf                              0x08008d25   Thumb Code     0  printfa.o(i.__0vsprintf)
    __c89vsprintf                            0x08008d25   Thumb Code     0  printfa.o(i.__0vsprintf)
    vsprintf                                 0x08008d25   Thumb Code     0  printfa.o(i.__0vsprintf)
    __scatterload_copy                       0x08008d49   Thumb Code    14  handlers.o(i.__scatterload_copy)
    __scatterload_null                       0x08008d57   Thumb Code     2  handlers.o(i.__scatterload_null)
    __scatterload_zeroinit                   0x08008d59   Thumb Code    14  handlers.o(i.__scatterload_zeroinit)
    main                                     0x08009625   Thumb Code    48  main.o(i.main)
    CodeTab                                  0x08009664   Data          32  lockcode.o(.constdata)
    DisCode                                  0x08009684   Data           2  lockcode.o(.constdata)
    Crc16_TableH                             0x08009686   Data         256  cheakout.o(.constdata)
    Crc16_TableL                             0x08009786   Data         256  cheakout.o(.constdata)
    IIC_Maps                                 0x08009888   Data          36  main.o(.constdata)
    MPU_IIC_List                             0x080098ac   Data          36  main.o(.constdata)
    MenuList                                 0x080098d0   Data         120  main.o(.constdata)
    EchoList                                 0x08009948   Data          48  main.o(.constdata)
    GIDEList                                 0x08009978   Data         132  main.o(.constdata)
    BoolString                               0x080099fc   Data          12  main.o(.constdata)
    TaskList                                 0x08009a08   Data          32  main.o(.constdata)
    IO_Control_List                          0x08009a28   Data          36  main.o(.constdata)
    Region$$Table$$Base                      0x08009b5c   Number         0  anon$$obj.o(Region$$Table)
    Region$$Table$$Limit                     0x08009b7c   Number         0  anon$$obj.o(Region$$Table)
    DeviceId_USART_TX                        0x20000014   Data           5  usart_driver.o(.data)
    DeviceId_USART_RX                        0x20000019   Data           5  usart_driver.o(.data)
    USART_TX_TaskID                          0x2000001e   Data           5  usart_driver.o(.data)
    USART_RX_TaskID                          0x20000023   Data           5  usart_driver.o(.data)
    DeviceId_GPIO                            0x20000028   Data           1  gpio_driver.o(.data)
    SelectPin                                0x20000029   Data           1  gpio_driver.o(.data)
    guiNextTaskSp                            0x2000002c   Data           4  tos.o(.data)
    gpuiCurTaskSpAddr                        0x20000030   Data           4  tos.o(.data)
    Tos_CPUInfor                             0x20000034   Data           8  tos.o(.data)
    Tos_TaskCurrent                          0x2000003c   Data           1  tos.o(.data)
    Tos_TaskTcb                              0x20000040   Data           4  tos.o(.data)
    Tos_TaskStackIndex                       0x20000044   Data           4  tos.o(.data)
    DeviceId_Index                           0x20000054   Data           1  tos_device.o(.data)
    Tos_Device_Tab                           0x20000058   Data           4  tos_device.o(.data)
    RootMema                                 0x2000005c   Data           4  tos_mema.o(.data)
    Tos_Timer_P                              0x20000060   Data           4  tos_timer.o(.data)
    DeBug_CB                                 0x20000064   Data           4  debug.o(.data)
    DeBug_EN                                 0x20000068   Data           1  debug.o(.data)
    DeBug_Out                                0x20000069   Data           1  debug.o(.data)
    DeBug_Type                               0x2000006a   Data           1  debug.o(.data)
    TaskArray_Tos_TaskID                     0x2000006c   Data           1  func_face.o(.data)
    SEGCharList                              0x20000070   Data           4  func_face.o(.data)
    KeyCode_Tos_TaskID                       0x20000074   Data           1  main.o(.data)
    DeviceId_MOTO                            0x20000075   Data           1  main.o(.data)
    q0                                       0x20000078   Data           4  main.o(.data)
    q1                                       0x2000007c   Data           4  main.o(.data)
    q2                                       0x20000080   Data           4  main.o(.data)
    q3                                       0x20000084   Data           4  main.o(.data)
    exInt                                    0x20000088   Data           4  main.o(.data)
    eyInt                                    0x2000008c   Data           4  main.o(.data)
    ezInt                                    0x20000090   Data           4  main.o(.data)
    String_Ok                                0x20000094   Data           4  main.o(.data)
    USART_RX_Buffer                          0x2000009c   Data          20  usart_driver.o(.bss)
    USART_TX_Buffer                          0x200000b0   Data          20  usart_driver.o(.bss)
    USART_RX_Count                           0x200000c4   Data          10  usart_driver.o(.bss)
    USART_RX_Index                           0x200000ce   Data          10  usart_driver.o(.bss)
    MemBuf                                   0x200000d8   Data       14000  tos_mema.o(.bss)
    UIShowValue                              0x20003788   Data          72  main.o(.bss)
    __initial_sp                             0x20003bd0   Data           0  startup_stm32f10x_ld.o(STACK)



==============================================================================

Memory Map of the image

  Image Entry point : 0x080050ed

  Load Region LR_IROM1 (Base: 0x08005000, Size: 0x00004c18, Max: 0x00010000, ABSOLUTE)

    Execution Region ER_IROM1 (Exec base: 0x08005000, Load base: 0x08005000, Size: 0x00004b7c, Max: 0x00010000, ABSOLUTE)

    Exec Addr    Load Addr    Size         Type   Attr      Idx    E Section Name        Object

    0x08005000   0x08005000   0x000000ec   Data   RO         3219    RESET               startup_stm32f10x_ld.o
    0x080050ec   0x080050ec   0x00000000   Code   RO         5844  * .ARM.Collect$$$$00000000  mc_w.l(entry.o)
    0x080050ec   0x080050ec   0x00000004   Code   RO         5957    .ARM.Collect$$$$00000001  mc_w.l(entry2.o)
    0x080050f0   0x080050f0   0x00000004   Code   RO         5960    .ARM.Collect$$$$00000004  mc_w.l(entry5.o)
    0x080050f4   0x080050f4   0x00000000   Code   RO         5962    .ARM.Collect$$$$00000008  mc_w.l(entry7b.o)
    0x080050f4   0x080050f4   0x00000000   Code   RO         5964    .ARM.Collect$$$$0000000A  mc_w.l(entry8b.o)
    0x080050f4   0x080050f4   0x00000008   Code   RO         5965    .ARM.Collect$$$$0000000B  mc_w.l(entry9a.o)
    0x080050fc   0x080050fc   0x00000000   Code   RO         5967    .ARM.Collect$$$$0000000D  mc_w.l(entry10a.o)
    0x080050fc   0x080050fc   0x00000000   Code   RO         5969    .ARM.Collect$$$$0000000F  mc_w.l(entry11a.o)
    0x080050fc   0x080050fc   0x00000004   Code   RO         5958    .ARM.Collect$$$$00002712  mc_w.l(entry2.o)
    0x08005100   0x08005100   0x00000024   Code   RO         3220    .text               startup_stm32f10x_ld.o
    0x08005124   0x08005124   0x000000b0   Code   RO         5878    .text               mf_w.l(fadd.o)
    0x080051d4   0x080051d4   0x00000064   Code   RO         5880    .text               mf_w.l(fmul.o)
    0x08005238   0x08005238   0x0000014e   Code   RO         5884    .text               mf_w.l(dadd.o)
    0x08005386   0x08005386   0x000000e4   Code   RO         5886    .text               mf_w.l(dmul.o)
    0x0800546a   0x0800546a   0x000000de   Code   RO         5888    .text               mf_w.l(ddiv.o)
    0x08005548   0x08005548   0x00000012   Code   RO         5890    .text               mf_w.l(fflti.o)
    0x0800555a   0x0800555a   0x0000000a   Code   RO         5892    .text               mf_w.l(ffltui.o)
    0x08005564   0x08005564   0x00000028   Code   RO         5900    .text               mf_w.l(ffixui.o)
    0x0800558c   0x0800558c   0x0000003e   Code   RO         5902    .text               mf_w.l(dfixi.o)
    0x080055ca   0x080055ca   0x00000026   Code   RO         5906    .text               mf_w.l(f2d.o)
    0x080055f0   0x080055f0   0x00000038   Code   RO         5908    .text               mf_w.l(d2f.o)
    0x08005628   0x08005628   0x0000002c   Code   RO         5974    .text               mc_w.l(uidiv.o)
    0x08005654   0x08005654   0x00000062   Code   RO         5976    .text               mc_w.l(uldiv.o)
    0x080056b6   0x080056b6   0x0000001e   Code   RO         5978    .text               mc_w.l(llshl.o)
    0x080056d4   0x080056d4   0x00000020   Code   RO         5980    .text               mc_w.l(llushr.o)
    0x080056f4   0x080056f4   0x00000024   Code   RO         5982    .text               mc_w.l(llsshr.o)
    0x08005718   0x08005718   0x00000000   Code   RO         5991    .text               mc_w.l(iusefp.o)
    0x08005718   0x08005718   0x0000006e   Code   RO         5992    .text               mf_w.l(fepilogue.o)
    0x08005786   0x08005786   0x000000ba   Code   RO         5994    .text               mf_w.l(depilogue.o)
    0x08005840   0x08005840   0x00000030   Code   RO         6000    .text               mf_w.l(dfixul.o)
    0x08005870   0x08005870   0x00000030   Code   RO         6004    .text               mf_w.l(cdrcmple.o)
    0x080058a0   0x080058a0   0x00000024   Code   RO         6006    .text               mc_w.l(init.o)
    0x080058c4   0x080058c4   0x00000050   Code   RO         4226    TOS_CORE_A          tos_core_a.o
    0x08005914   0x08005914   0x00000044   Code   RO         3818    i.App_DisCoppy      lockcode.o
    0x08005958   0x08005958   0x0000003c   Code   RO         5020    i.BOOL_LoadConfigs  main.o
    0x08005994   0x08005994   0x00000016   Code   RO         5021    i.BRG_RGB           main.o
    0x080059aa   0x080059aa   0x0000001a   Code   RO         3540    i.BareDelay         stm32_cpu.o
    0x080059c4   0x080059c4   0x00000052   Code   RO         5023    i.Beep_A2BT         main.o
    0x08005a16   0x08005a16   0x0000003a   Code   RO         5026    i.Beep_Dot          main.o
    0x08005a50   0x08005a50   0x00000022   Code   RO         4332    i.BufferCoppy       text.o
    0x08005a72   0x08005a72   0x00000004   Code   RO         3076    i.BusFault_Handler  stm32f10x_it.o
    0x08005a76   0x08005a76   0x0000003c   Code   RO         4338    i.CompareWithString  text.o
    0x08005ab2   0x08005ab2   0x00000002   PAD
    0x08005ab4   0x08005ab4   0x0000018c   Code   RO         4229    i.DeBug             debug.o
    0x08005c40   0x08005c40   0x0000000c   Code   RO         4232    i.DeBug_OutSet      debug.o
    0x08005c4c   0x08005c4c   0x00000002   Code   RO         3077    i.DebugMon_Handler  stm32f10x_it.o
    0x08005c4e   0x08005c4e   0x00000002   PAD
    0x08005c50   0x08005c50   0x00000080   Code   RO         4061    i.DeviceList_Init   tos_device.o
    0x08005cd0   0x08005cd0   0x000000cc   Code   RO         3748    i.DeviceMount_GPIO  gpio_driver.o
    0x08005d9c   0x08005d9c   0x000000cc   Code   RO         5034    i.DeviceMount_Moto  main.o
    0x08005e68   0x08005e68   0x000001c8   Code   RO         3366    i.DeviceMount_Uart  usart_driver.o
    0x08006030   0x08006030   0x00000010   Code   RO         3367    i.DeviceMount_Usart  usart_driver.o
    0x08006040   0x08006040   0x000000b8   Code   RO         4065    i.Device_Init       tos_device.o
    0x080060f8   0x080060f8   0x00000024   Code   RO         4066    i.Device_Ok         tos_device.o
    0x0800611c   0x0800611c   0x0000005c   Code   RO         5035    i.ECHO_ADC          main.o
    0x08006178   0x08006178   0x00000028   Code   RO         5036    i.ECHO_CpuUsage     main.o
    0x080061a0   0x080061a0   0x00000048   Code   RO         5037    i.ECHO_Humidity     main.o
    0x080061e8   0x080061e8   0x00000028   Code   RO         5038    i.ECHO_RamUsage     main.o
    0x08006210   0x08006210   0x00000044   Code   RO         5039    i.ECHO_Temp         main.o
    0x08006254   0x08006254   0x00000128   Code   RO         5040    i.EXTI15_10_IRQHandler  main.o
    0x0800637c   0x0800637c   0x0000000c   Code   RO          860    i.EXTI_ClearITPendingBit  stm32f10x_exti.o
    0x08006388   0x08006388   0x00000044   Code   RO         5041    i.Exti_EnableIRQ    main.o
    0x080063cc   0x080063cc   0x0000004c   Code   RO          921    i.FLASH_ErasePage   stm32f10x_flash.o
    0x08006418   0x08006418   0x00000034   Code   RO          922    i.FLASH_GetBank1Status  stm32f10x_flash.o
    0x0800644c   0x0800644c   0x00000014   Code   RO          931    i.FLASH_Lock        stm32f10x_flash.o
    0x08006460   0x08006460   0x00000040   Code   RO          934    i.FLASH_ProgramHalfWord  stm32f10x_flash.o
    0x080064a0   0x080064a0   0x00000018   Code   RO          939    i.FLASH_Unlock      stm32f10x_flash.o
    0x080064b8   0x080064b8   0x00000026   Code   RO          943    i.FLASH_WaitForLastOperation  stm32f10x_flash.o
    0x080064de   0x080064de   0x00000096   Code   RO         4351    i.FindIntFromString  text.o
    0x08006574   0x08006574   0x0000001c   Code   RO         4879    i.Flash_ReadData    appconfig.o
    0x08006590   0x08006590   0x00000076   Code   RO         4880    i.Flash_WriteData   appconfig.o
    0x08006606   0x08006606   0x0000003a   Code   RO         4356    i.FlowPoolFilter    text.o
    0x08006640   0x08006640   0x0000001a   Code   RO         5043    i.GIDE_Beep         main.o
    0x0800665a   0x0800665a   0x00000002   PAD
    0x0800665c   0x0800665c   0x00000034   Code   RO         5044    i.GIDE_Close        main.o
    0x08006690   0x08006690   0x0000000e   Code   RO         5046    i.GIDE_Delay        main.o
    0x0800669e   0x0800669e   0x00000002   PAD
    0x080066a0   0x080066a0   0x00000044   Code   RO         5047    i.GIDE_Echo         main.o
    0x080066e4   0x080066e4   0x0000004e   Code   RO         5050    i.GIDE_Eye          main.o
    0x08006732   0x08006732   0x00000002   PAD
    0x08006734   0x08006734   0x0000007c   Code   RO         5051    i.GIDE_Keys         main.o
    0x080067b0   0x080067b0   0x00000026   Code   RO         5052    i.GIDE_Lamp         main.o
    0x080067d6   0x080067d6   0x0000001a   Code   RO         5054    i.GIDE_Moto         main.o
    0x080067f0   0x080067f0   0x00000030   Code   RO         5055    i.GIDE_OFF          main.o
    0x08006820   0x08006820   0x0000003c   Code   RO         3752    i.GPIO_GetIndex     gpio_driver.o
    0x0800685c   0x0800685c   0x00000116   Code   RO         1222    i.GPIO_Init         stm32f10x_gpio.o
    0x08006972   0x08006972   0x00000002   PAD
    0x08006974   0x08006974   0x00000088   Code   RO         3542    i.GPIO_InitList     stm32_cpu.o
    0x080069fc   0x080069fc   0x00000090   Code   RO         1224    i.GPIO_PinRemapConfig  stm32f10x_gpio.o
    0x08006a8c   0x08006a8c   0x00000012   Code   RO         1226    i.GPIO_ReadInputDataBit  stm32f10x_gpio.o
    0x08006a9e   0x08006a9e   0x00000004   Code   RO         1229    i.GPIO_ResetBits    stm32f10x_gpio.o
    0x08006aa2   0x08006aa2   0x0000001e   Code   RO         3753    i.GPIO_Set          gpio_driver.o
    0x08006ac0   0x08006ac0   0x00000004   Code   RO         1230    i.GPIO_SetBits      stm32f10x_gpio.o
    0x08006ac4   0x08006ac4   0x00000034   Code   RO         3755    i.GPIO_SetIndex     gpio_driver.o
    0x08006af8   0x08006af8   0x00000080   Code   RO         4235    i.GetChar_List      debug.o
    0x08006b78   0x08006b78   0x00000054   Code   RO         5060    i.GetHmi            main.o
    0x08006bcc   0x08006bcc   0x000000c4   Code   RO         4367    i.GetStringToNumber  text.o
    0x08006c90   0x08006c90   0x0000005c   Code   RO         5062    i.GetTemp           main.o
    0x08006cec   0x08006cec   0x00000018   Code   RO         4368    i.GetTextLength     text.o
    0x08006d04   0x08006d04   0x000000e4   Code   RO         5063    i.HHT21_Read        main.o
    0x08006de8   0x08006de8   0x00000008   Code   RO         3078    i.HardFault_Handler  stm32f10x_it.o
    0x08006df0   0x08006df0   0x0000000c   Code   RO         3549    i.IAP_ErasePage     stm32_cpu.o
    0x08006dfc   0x08006dfc   0x00000008   Code   RO         3550    i.IAP_Lock          stm32_cpu.o
    0x08006e04   0x08006e04   0x00000010   Code   RO         3551    i.IAP_ProgramHalfWord  stm32_cpu.o
    0x08006e14   0x08006e14   0x00000008   Code   RO         3552    i.IAP_Unlock        stm32_cpu.o
    0x08006e1c   0x08006e1c   0x0000000e   Code   RO         5064    i.IIC_DelayUs       main.o
    0x08006e2a   0x08006e2a   0x00000024   Code   RO         5066    i.IIC_Pin_In        main.o
    0x08006e4e   0x08006e4e   0x00000024   Code   RO         5067    i.IIC_Pin_Out       main.o
    0x08006e72   0x08006e72   0x0000004c   Code   RO         5068    i.IIC_ReadAck       main.o
    0x08006ebe   0x08006ebe   0x00000060   Code   RO         5070    i.IIC_RecvByte      main.o
    0x08006f1e   0x08006f1e   0x00000040   Code   RO         5072    i.IIC_SendAck       main.o
    0x08006f5e   0x08006f5e   0x00000058   Code   RO         5073    i.IIC_SendByte      main.o
    0x08006fb6   0x08006fb6   0x00000038   Code   RO         5075    i.IIC_Start         main.o
    0x08006fee   0x08006fee   0x00000038   Code   RO         5076    i.IIC_Stop          main.o
    0x08007026   0x08007026   0x00000022   Code   RO         3553    i.IWDG_Configuration  stm32_cpu.o
    0x08007048   0x08007048   0x00000010   Code   RO         1537    i.IWDG_Enable       stm32f10x_iwdg.o
    0x08007058   0x08007058   0x00000010   Code   RO         1539    i.IWDG_ReloadCounter  stm32f10x_iwdg.o
    0x08007068   0x08007068   0x0000000c   Code   RO         1540    i.IWDG_SetPrescaler  stm32f10x_iwdg.o
    0x08007074   0x08007074   0x0000000c   Code   RO         1541    i.IWDG_SetReload    stm32f10x_iwdg.o
    0x08007080   0x08007080   0x0000000c   Code   RO         1542    i.IWDG_WriteAccessCmd  stm32f10x_iwdg.o
    0x0800708c   0x0800708c   0x0000001c   Code   RO         4881    i.Load_AppConfig    appconfig.o
    0x080070a8   0x080070a8   0x00000066   Code   RO         4882    i.Load_VoidConfig   appconfig.o
    0x0800710e   0x0800710e   0x00000002   PAD
    0x08007110   0x08007110   0x00000028   Code   RO         3555    i.MCU_Reset         stm32_cpu.o
    0x08007138   0x08007138   0x00000004   Code   RO         3079    i.MemManage_Handler  stm32f10x_it.o
    0x0800713c   0x0800713c   0x0000001c   Code   RO         4135    i.Mema_Count        tos_mema.o
    0x08007158   0x08007158   0x00000030   Code   RO         4137    i.Mema_Free         tos_mema.o
    0x08007188   0x08007188   0x0000000c   Code   RO         4138    i.Mema_GetSize      tos_mema.o
    0x08007194   0x08007194   0x0000001c   Code   RO         4139    i.Mema_Init         tos_mema.o
    0x080071b0   0x080071b0   0x0000004c   Code   RO         4140    i.Mema_Malloc       tos_mema.o
    0x080071fc   0x080071fc   0x0000002e   Code   RO         5086    i.Moto_A            main.o
    0x0800722a   0x0800722a   0x0000002e   Code   RO         5089    i.Moto_B            main.o
    0x08007258   0x08007258   0x00000002   Code   RO         3080    i.NMI_Handler       stm32f10x_it.o
    0x0800725a   0x0800725a   0x00000002   PAD
    0x0800725c   0x0800725c   0x00000070   Code   RO            1    i.NVIC_Init         misc.o
    0x080072cc   0x080072cc   0x00000014   Code   RO            2    i.NVIC_PriorityGroupConfig  misc.o
    0x080072e0   0x080072e0   0x00000014   Code   RO            3    i.NVIC_SetVectorTable  misc.o
    0x080072f4   0x080072f4   0x00000034   Code   RO         5091    i.PWM_Set           main.o
    0x08007328   0x08007328   0x00000002   Code   RO         3081    i.PendSV_Handler    stm32f10x_it.o
    0x0800732a   0x0800732a   0x00000002   PAD
    0x0800732c   0x0800732c   0x000000f0   Code   RO         5093    i.PwmTimeInt        main.o
    0x0800741c   0x0800741c   0x00000020   Code   RO         1647    i.RCC_APB1PeriphClockCmd  stm32f10x_rcc.o
    0x0800743c   0x0800743c   0x00000020   Code   RO         1649    i.RCC_APB2PeriphClockCmd  stm32f10x_rcc.o
    0x0800745c   0x0800745c   0x000000d4   Code   RO         1657    i.RCC_GetClocksFreq  stm32f10x_rcc.o
    0x08007530   0x08007530   0x00000010   Code   RO         3565    i.Remap_SWJ_JTAGDisable  stm32_cpu.o
    0x08007540   0x08007540   0x00000002   Code   RO         3082    i.SVC_Handler       stm32f10x_it.o
    0x08007542   0x08007542   0x00000002   PAD
    0x08007544   0x08007544   0x0000001c   Code   RO         4883    i.Save_AppConfig    appconfig.o
    0x08007560   0x08007560   0x0000002c   Code   RO         4884    i.Save_VoidConfig   appconfig.o
    0x0800758c   0x0800758c   0x00000008   Code   RO         3175    i.SetSysClock       system_stm32f10x.o
    0x08007594   0x08007594   0x000000e0   Code   RO         3176    i.SetSysClockTo72   system_stm32f10x.o
    0x08007674   0x08007674   0x00000042   Code   RO         4383    i.StringEndingAppend  text.o
    0x080076b6   0x080076b6   0x00000030   Code   RO         4391    i.Strstr            text.o
    0x080076e6   0x080076e6   0x00000008   Code   RO         3083    i.SysTick_Handler   stm32f10x_it.o
    0x080076ee   0x080076ee   0x00000002   PAD
    0x080076f0   0x080076f0   0x00000058   Code   RO         3567    i.SysTick_Set       stm32_cpu.o
    0x08007748   0x08007748   0x00000060   Code   RO         3178    i.SystemInit        system_stm32f10x.o
    0x080077a8   0x080077a8   0x00000014   Code   RO         5104    i.System_Reset      main.o
    0x080077bc   0x080077bc   0x0000000e   Code   RO         5105    i.System_ResetDelay  main.o
    0x080077ca   0x080077ca   0x00000002   PAD
    0x080077cc   0x080077cc   0x00000018   Code   RO         5106    i.System_SaveConfig  main.o
    0x080077e4   0x080077e4   0x00000018   Code   RO         2278    i.TIM_ARRPreloadConfig  stm32f10x_tim.o
    0x080077fc   0x080077fc   0x00000018   Code   RO         2290    i.TIM_Cmd           stm32f10x_tim.o
    0x08007814   0x08007814   0x00000098   Code   RO         2319    i.TIM_OC1Init       stm32f10x_tim.o
    0x080078ac   0x080078ac   0x00000012   Code   RO         2322    i.TIM_OC1PreloadConfig  stm32f10x_tim.o
    0x080078be   0x080078be   0x00000002   PAD
    0x080078c0   0x080078c0   0x000000a4   Code   RO         2324    i.TIM_OC2Init       stm32f10x_tim.o
    0x08007964   0x08007964   0x0000001a   Code   RO         2327    i.TIM_OC2PreloadConfig  stm32f10x_tim.o
    0x0800797e   0x0800797e   0x00000002   PAD
    0x08007980   0x08007980   0x000000a0   Code   RO         2329    i.TIM_OC3Init       stm32f10x_tim.o
    0x08007a20   0x08007a20   0x00000012   Code   RO         2332    i.TIM_OC3PreloadConfig  stm32f10x_tim.o
    0x08007a32   0x08007a32   0x00000002   PAD
    0x08007a34   0x08007a34   0x0000007c   Code   RO         2334    i.TIM_OC4Init       stm32f10x_tim.o
    0x08007ab0   0x08007ab0   0x0000001a   Code   RO         2336    i.TIM_OC4PreloadConfig  stm32f10x_tim.o
    0x08007aca   0x08007aca   0x00000002   PAD
    0x08007acc   0x08007acc   0x000000a4   Code   RO         2361    i.TIM_TimeBaseInit  stm32f10x_tim.o
    0x08007b70   0x08007b70   0x0000001a   Code   RO         5107    i.Task0             main.o
    0x08007b8a   0x08007b8a   0x00000002   PAD
    0x08007b8c   0x08007b8c   0x00000070   Code   RO         5109    i.Task_Exp1         main.o
    0x08007bfc   0x08007bfc   0x00000024   Code   RO         4934    i.Task_Join         func_face.o
    0x08007c20   0x08007c20   0x00000008   Code   RO         5115    i.Task_LoadConfigs  main.o
    0x08007c28   0x08007c28   0x00000020   Code   RO         5121    i.Task_SaveConfigs  main.o
    0x08007c48   0x08007c48   0x00000040   Code   RO         4784    i.Tools_GetCRC16    cheakout.o
    0x08007c88   0x08007c88   0x0000005c   Code   RO         3847    i.Tos_ComputeCPURate  tos.o
    0x08007ce4   0x08007ce4   0x00000038   Code   RO         3848    i.Tos_GetTaskIDByName  tos.o
    0x08007d1c   0x08007d1c   0x00000098   Code   RO         3849    i.Tos_Init          tos.o
    0x08007db4   0x08007db4   0x00000020   Code   RO         3850    i.Tos_ListCreate    tos.o
    0x08007dd4   0x08007dd4   0x00000026   Code   RO         3851    i.Tos_RootTask      tos.o
    0x08007dfa   0x08007dfa   0x00000002   PAD
    0x08007dfc   0x08007dfc   0x00000038   Code   RO         4187    i.Tos_ScanTimer     tos_timer.o
    0x08007e34   0x08007e34   0x00000030   Code   RO         3853    i.Tos_Start         tos.o
    0x08007e64   0x08007e64   0x00000048   Code   RO         3854    i.Tos_SysTick       tos.o
    0x08007eac   0x08007eac   0x000000d0   Code   RO         3855    i.Tos_TaskCreate    tos.o
    0x08007f7c   0x08007f7c   0x00000064   Code   RO         3856    i.Tos_TaskCreateFindID  tos.o
    0x08007fe0   0x08007fe0   0x00000060   Code   RO         3858    i.Tos_TaskDelay     tos.o
    0x08008040   0x08008040   0x00000090   Code   RO         3860    i.Tos_TaskDelete    tos.o
    0x080080d0   0x080080d0   0x00000040   Code   RO         4067    i.Tos_TaskDropDev   tos_device.o
    0x08008110   0x08008110   0x0000008c   Code   RO         4068    i.Tos_TaskGetDev    tos_device.o
    0x0800819c   0x0800819c   0x00000080   Code   RO         3865    i.Tos_TaskPutQmsg   tos.o
    0x0800821c   0x0800821c   0x000000c0   Code   RO         3867    i.Tos_TaskReady     tos.o
    0x080082dc   0x080082dc   0x00000034   Code   RO         3868    i.Tos_TaskRecover   tos.o
    0x08008310   0x08008310   0x00000054   Code   RO         3870    i.Tos_TaskRun       tos.o
    0x08008364   0x08008364   0x0000006e   Code   RO         3872    i.Tos_TaskStackInit  tos.o
    0x080083d2   0x080083d2   0x00000002   PAD
    0x080083d4   0x080083d4   0x00000024   Code   RO         3873    i.Tos_TaskStart     tos.o
    0x080083f8   0x080083f8   0x0000007c   Code   RO         3875    i.Tos_TaskSuspend   tos.o
    0x08008474   0x08008474   0x000000a0   Code   RO         3876    i.Tos_TaskSwitch    tos.o
    0x08008514   0x08008514   0x00000012   Code   RO         3877    i.Tos_TaskTcbInit   tos.o
    0x08008526   0x08008526   0x00000002   PAD
    0x08008528   0x08008528   0x00000054   Code   RO         3878    i.Tos_TaskTimeout   tos.o
    0x0800857c   0x0800857c   0x00000054   Code   RO         4188    i.Tos_TimerReady    tos_timer.o
    0x080085d0   0x080085d0   0x0000003c   Code   RO         3879    i.Tos_WaitDev       tos.o
    0x0800860c   0x0800860c   0x00000060   Code   RO         3370    i.USART1_IRQHandler  usart_driver.o
    0x0800866c   0x0800866c   0x00000060   Code   RO         3371    i.USART2_IRQHandler  usart_driver.o
    0x080086cc   0x080086cc   0x00000012   Code   RO         2825    i.USART_ClearFlag   stm32f10x_usart.o
    0x080086de   0x080086de   0x0000001e   Code   RO         2826    i.USART_ClearITPendingBit  stm32f10x_usart.o
    0x080086fc   0x080086fc   0x00000018   Code   RO         2829    i.USART_Cmd         stm32f10x_usart.o
    0x08008714   0x08008714   0x0000007c   Code   RO         3373    i.USART_Configuration  usart_driver.o
    0x08008790   0x08008790   0x0000006e   Code   RO         3374    i.USART_ConfigurationAll  usart_driver.o
    0x080087fe   0x080087fe   0x00000002   PAD
    0x08008800   0x08008800   0x000000c8   Code   RO         3375    i.USART_GPIO_Init   usart_driver.o
    0x080088c8   0x080088c8   0x00000056   Code   RO         3376    i.USART_GPIO_InitAll  usart_driver.o
    0x0800891e   0x0800891e   0x00000054   Code   RO         2833    i.USART_GetITStatus  stm32f10x_usart.o
    0x08008972   0x08008972   0x00000002   PAD
    0x08008974   0x08008974   0x00000048   Code   RO         3377    i.USART_GetIndex    usart_driver.o
    0x080089bc   0x080089bc   0x0000003c   Code   RO         3380    i.USART_GetTypeDef  usart_driver.o
    0x080089f8   0x080089f8   0x0000004a   Code   RO         2835    i.USART_ITConfig    stm32f10x_usart.o
    0x08008a42   0x08008a42   0x00000002   PAD
    0x08008a44   0x08008a44   0x000000d8   Code   RO         2836    i.USART_Init        stm32f10x_usart.o
    0x08008b1c   0x08008b1c   0x00000040   Code   RO         3381    i.USART_Read        usart_driver.o
    0x08008b5c   0x08008b5c   0x000000b8   Code   RO         3382    i.USART_ReadDatas   usart_driver.o
    0x08008c14   0x08008c14   0x00000020   Code   RO         3383    i.USART_Write       usart_driver.o
    0x08008c34   0x08008c34   0x00000022   Code   RO         3385    i.USART_WriteDatas  usart_driver.o
    0x08008c56   0x08008c56   0x0000000c   Code   RO         3084    i.USBWakeUp_IRQHandler  stm32f10x_it.o
    0x08008c62   0x08008c62   0x00000004   Code   RO         3085    i.UsageFault_Handler  stm32f10x_it.o
    0x08008c66   0x08008c66   0x0000000e   Code   RO         5126    i.WS_Delay          main.o
    0x08008c74   0x08008c74   0x00000018   Code   RO         5130    i.WS_SetDot         main.o
    0x08008c8c   0x08008c8c   0x00000028   Code   RO         5132    i.WS_Write          main.o
    0x08008cb4   0x08008cb4   0x0000006e   Code   RO         5133    i.WS_WriteList      main.o
    0x08008d22   0x08008d22   0x00000002   PAD
    0x08008d24   0x08008d24   0x00000024   Code   RO         5857    i.__0vsprintf       mc_w.l(printfa.o)
    0x08008d48   0x08008d48   0x0000000e   Code   RO         6012    i.__scatterload_copy  mc_w.l(handlers.o)
    0x08008d56   0x08008d56   0x00000002   Code   RO         6013    i.__scatterload_null  mc_w.l(handlers.o)
    0x08008d58   0x08008d58   0x0000000e   Code   RO         6014    i.__scatterload_zeroinit  mc_w.l(handlers.o)
    0x08008d66   0x08008d66   0x00000002   PAD
    0x08008d68   0x08008d68   0x00000184   Code   RO         5858    i._fp_digits        mc_w.l(printfa.o)
    0x08008eec   0x08008eec   0x000006dc   Code   RO         5859    i._printf_core      mc_w.l(printfa.o)
    0x080095c8   0x080095c8   0x00000024   Code   RO         5860    i._printf_post_padding  mc_w.l(printfa.o)
    0x080095ec   0x080095ec   0x0000002e   Code   RO         5861    i._printf_pre_padding  mc_w.l(printfa.o)
    0x0800961a   0x0800961a   0x0000000a   Code   RO         5863    i._sputc            mc_w.l(printfa.o)
    0x08009624   0x08009624   0x00000040   Code   RO         5134    i.main              main.o
    0x08009664   0x08009664   0x00000022   Data   RO         3820    .constdata          lockcode.o
    0x08009686   0x08009686   0x00000200   Data   RO         4788    .constdata          cheakout.o
    0x08009886   0x08009886   0x00000002   PAD
    0x08009888   0x08009888   0x000001c4   Data   RO         5137    .constdata          main.o
    0x08009a4c   0x08009a4c   0x00000018   Data   RO         4938    .conststring        func_face.o
    0x08009a64   0x08009a64   0x000000f5   Data   RO         5138    .conststring        main.o
    0x08009b59   0x08009b59   0x00000003   PAD
    0x08009b5c   0x08009b5c   0x00000020   Data   RO         6010    Region$$Table       anon$$obj.o


    Execution Region RW_IRAM1 (Exec base: 0x20000000, Load base: 0x08009b7c, Size: 0x00003bd0, Max: 0x00005000, ABSOLUTE)

    Exec Addr    Load Addr    Size         Type   Attr      Idx    E Section Name        Object

    0x20000000   0x08009b7c   0x00000014   Data   RW         1677    .data               stm32f10x_rcc.o
    0x20000014   0x08009b90   0x00000014   Data   RW         3388    .data               usart_driver.o
    0x20000028   0x08009ba4   0x00000002   Data   RW         3758    .data               gpio_driver.o
    0x2000002a   0x08009ba6   0x00000002   PAD
    0x2000002c   0x08009ba8   0x00000025   Data   RW         3880    .data               tos.o
    0x20000051   0x08009bcd   0x00000003   PAD
    0x20000054   0x08009bd0   0x00000008   Data   RW         4069    .data               tos_device.o
    0x2000005c   0x08009bd8   0x00000004   Data   RW         4142    .data               tos_mema.o
    0x20000060   0x08009bdc   0x00000004   Data   RW         4189    .data               tos_timer.o
    0x20000064   0x08009be0   0x00000007   Data   RW         4236    .data               debug.o
    0x2000006b   0x08009be7   0x00000001   PAD
    0x2000006c   0x08009be8   0x00000008   Data   RW         4939    .data               func_face.o
    0x20000074   0x08009bf0   0x00000025   Data   RW         5139    .data               main.o
    0x20000099   0x08009c15   0x00000003   PAD
    0x2000009c        -       0x0000003c   Zero   RW         3387    .bss                usart_driver.o
    0x200000d8        -       0x000036b0   Zero   RW         4141    .bss                tos_mema.o
    0x20003788        -       0x00000048   Zero   RW         5136    .bss                main.o
    0x200037d0        -       0x00000400   Zero   RW         3217    STACK               startup_stm32f10x_ld.o


==============================================================================

Image component sizes


      Code (inc. data)   RO Data    RW Data    ZI Data      Debug   Object Name

       348         16          0          0          0       4181   appconfig.o
        64          8        512          0          0       1233   cheakout.o
         0          0          0          0          0         32   core_cm3.o
       536         42          0          7          0       2171   debug.o
        36          4         24          8          0       1837   func_face.o
       346         40          0          2          0       2604   gpio_driver.o
        68         10         34          0          0       1137   lockcode.o
      3374        362        697         37         72      35078   main.o
       152         30          0          0          0     234989   misc.o
         0          0          0          0          0        440   spi_driver.o
        36          8        236          0       1024        792   startup_stm32f10x_ld.o
       384         36          0          0          0      20748   stm32_cpu.o
        12          6          0          0          0        533   stm32f10x_exti.o
       274         30          0          0          0       9902   stm32f10x_flash.o
       448          6          0          0          0       4578   stm32f10x_gpio.o
        48          0          0          0          0       5599   stm32f10x_it.o
        68         30          0          0          0       2530   stm32f10x_iwdg.o
       276         32          0         20          0       4494   stm32f10x_rcc.o
       900         92          0          0          0      28080   stm32f10x_tim.o
       446          6          0          0          0      11806   stm32f10x_usart.o
       328         28          0          0          0       3471   system_stm32f10x.o
       636         18          0          0          0       5609   text.o
      2086        200          0         37          0      13745   tos.o
        80         10          0          0          0        252   tos_core_a.o
       552         70          0          8          0       4127   tos_device.o
       192         20          0          4      14000       3392   tos_mema.o
       140         10          0          4          0       2063   tos_timer.o
      1630        226          0         20         60      11557   usart_driver.o

    ----------------------------------------------------------------------
     13508       1340       1540        156      15156     416980   Object Totals
         0          0         32          0          0          0   (incl. Generated)
        48          0          5          9          0          0   (incl. Padding)

    ----------------------------------------------------------------------

      Code (inc. data)   RO Data    RW Data    ZI Data      Debug   Library Member Name

         0          0          0          0          0          0   entry.o
         0          0          0          0          0          0   entry10a.o
         0          0          0          0          0          0   entry11a.o
         8          4          0          0          0          0   entry2.o
         4          0          0          0          0          0   entry5.o
         0          0          0          0          0          0   entry7b.o
         0          0          0          0          0          0   entry8b.o
         8          4          0          0          0          0   entry9a.o
        30          0          0          0          0          0   handlers.o
        36          8          0          0          0         68   init.o
         0          0          0          0          0          0   iusefp.o
        30          0          0          0          0         68   llshl.o
        36          0          0          0          0         68   llsshr.o
        32          0          0          0          0         68   llushr.o
      2272         86          0          0          0        516   printfa.o
        44          0          0          0          0         80   uidiv.o
        98          0          0          0          0         92   uldiv.o
        48          0          0          0          0         68   cdrcmple.o
        56          0          0          0          0         88   d2f.o
       334          0          0          0          0        148   dadd.o
       222          0          0          0          0        100   ddiv.o
       186          0          0          0          0        176   depilogue.o
        62          0          0          0          0         80   dfixi.o
        48          0          0          0          0         68   dfixul.o
       228          0          0          0          0         96   dmul.o
        38          0          0          0          0         68   f2d.o
       176          0          0          0          0        140   fadd.o
       110          0          0          0          0        168   fepilogue.o
        40          0          0          0          0         68   ffixui.o
        18          0          0          0          0         68   fflti.o
        10          0          0          0          0         68   ffltui.o
       100          0          0          0          0         76   fmul.o

    ----------------------------------------------------------------------
      4276        102          0          0          0       2440   Library Totals
         2          0          0          0          0          0   (incl. Padding)

    ----------------------------------------------------------------------

      Code (inc. data)   RO Data    RW Data    ZI Data      Debug   Library Name

      2598        102          0          0          0        960   mc_w.l
      1676          0          0          0          0       1480   mf_w.l

    ----------------------------------------------------------------------
      4276        102          0          0          0       2440   Library Totals

    ----------------------------------------------------------------------

==============================================================================


      Code (inc. data)   RO Data    RW Data    ZI Data      Debug   

     17784       1442       1540        156      15156     408912   Grand Totals
     17784       1442       1540        156      15156     408912   ELF Image Totals
     17784       1442       1540        156          0          0   ROM Totals

==============================================================================

    Total RO  Size (Code + RO Data)                19324 (  18.87kB)
    Total RW  Size (RW Data + ZI Data)             15312 (  14.95kB)
    Total ROM Size (Code + RO Data + RW Data)      19480 (  19.02kB)

==============================================================================

