Component: ARM Compiler 5.06 update 6 (build 750) Tool: armlink [4d35ed]

==============================================================================

Section Cross References

    stm32f10x_adc.o(i.ADC_DeInit) refers to stm32f10x_rcc.o(i.RCC_APB2PeriphResetCmd) for RCC_APB2PeriphResetCmd
    stm32f10x_bkp.o(i.BKP_DeInit) refers to stm32f10x_rcc.o(i.RCC_BackupResetCmd) for RCC_BackupResetCmd
    stm32f10x_can.o(i.CAN_DeInit) refers to stm32f10x_rcc.o(i.RCC_APB1PeriphResetCmd) for RCC_APB1PeriphResetCmd
    stm32f10x_can.o(i.CAN_GetITStatus) refers to stm32f10x_can.o(i.CheckITStatus) for CheckITStatus
    stm32f10x_cec.o(i.CEC_DeInit) refers to stm32f10x_rcc.o(i.RCC_APB1PeriphResetCmd) for RCC_APB1PeriphResetCmd
    stm32f10x_dac.o(i.DAC_DeInit) refers to stm32f10x_rcc.o(i.RCC_APB1PeriphResetCmd) for RCC_APB1PeriphResetCmd
    stm32f10x_flash.o(i.FLASH_EnableWriteProtection) refers to stm32f10x_flash.o(i.FLASH_WaitForLastOperation) for FLASH_WaitForLastOperation
    stm32f10x_flash.o(i.FLASH_EraseAllBank1Pages) refers to stm32f10x_flash.o(i.FLASH_WaitForLastBank1Operation) for FLASH_WaitForLastBank1Operation
    stm32f10x_flash.o(i.FLASH_EraseAllPages) refers to stm32f10x_flash.o(i.FLASH_WaitForLastOperation) for FLASH_WaitForLastOperation
    stm32f10x_flash.o(i.FLASH_EraseOptionBytes) refers to stm32f10x_flash.o(i.FLASH_GetReadOutProtectionStatus) for FLASH_GetReadOutProtectionStatus
    stm32f10x_flash.o(i.FLASH_EraseOptionBytes) refers to stm32f10x_flash.o(i.FLASH_WaitForLastOperation) for FLASH_WaitForLastOperation
    stm32f10x_flash.o(i.FLASH_ErasePage) refers to stm32f10x_flash.o(i.FLASH_WaitForLastOperation) for FLASH_WaitForLastOperation
    stm32f10x_flash.o(i.FLASH_ProgramHalfWord) refers to stm32f10x_flash.o(i.FLASH_WaitForLastOperation) for FLASH_WaitForLastOperation
    stm32f10x_flash.o(i.FLASH_ProgramOptionByteData) refers to stm32f10x_flash.o(i.FLASH_WaitForLastOperation) for FLASH_WaitForLastOperation
    stm32f10x_flash.o(i.FLASH_ProgramWord) refers to stm32f10x_flash.o(i.FLASH_WaitForLastOperation) for FLASH_WaitForLastOperation
    stm32f10x_flash.o(i.FLASH_ReadOutProtection) refers to stm32f10x_flash.o(i.FLASH_WaitForLastOperation) for FLASH_WaitForLastOperation
    stm32f10x_flash.o(i.FLASH_UserOptionByteConfig) refers to stm32f10x_flash.o(i.FLASH_WaitForLastOperation) for FLASH_WaitForLastOperation
    stm32f10x_flash.o(i.FLASH_WaitForLastBank1Operation) refers to stm32f10x_flash.o(i.FLASH_GetBank1Status) for FLASH_GetBank1Status
    stm32f10x_flash.o(i.FLASH_WaitForLastOperation) refers to stm32f10x_flash.o(i.FLASH_GetBank1Status) for FLASH_GetBank1Status
    stm32f10x_gpio.o(i.GPIO_AFIODeInit) refers to stm32f10x_rcc.o(i.RCC_APB2PeriphResetCmd) for RCC_APB2PeriphResetCmd
    stm32f10x_gpio.o(i.GPIO_DeInit) refers to stm32f10x_rcc.o(i.RCC_APB2PeriphResetCmd) for RCC_APB2PeriphResetCmd
    stm32f10x_i2c.o(i.I2C_DeInit) refers to stm32f10x_rcc.o(i.RCC_APB1PeriphResetCmd) for RCC_APB1PeriphResetCmd
    stm32f10x_i2c.o(i.I2C_Init) refers to stm32f10x_rcc.o(i.RCC_GetClocksFreq) for RCC_GetClocksFreq
    stm32f10x_pwr.o(i.PWR_DeInit) refers to stm32f10x_rcc.o(i.RCC_APB1PeriphResetCmd) for RCC_APB1PeriphResetCmd
    stm32f10x_rcc.o(i.RCC_GetClocksFreq) refers to stm32f10x_rcc.o(.data) for APBAHBPrescTable
    stm32f10x_rcc.o(i.RCC_WaitForHSEStartUp) refers to stm32f10x_rcc.o(i.RCC_GetFlagStatus) for RCC_GetFlagStatus
    stm32f10x_rtc.o(i.RTC_SetAlarm) refers to stm32f10x_rtc.o(i.RTC_EnterConfigMode) for RTC_EnterConfigMode
    stm32f10x_rtc.o(i.RTC_SetAlarm) refers to stm32f10x_rtc.o(i.RTC_ExitConfigMode) for RTC_ExitConfigMode
    stm32f10x_rtc.o(i.RTC_SetCounter) refers to stm32f10x_rtc.o(i.RTC_EnterConfigMode) for RTC_EnterConfigMode
    stm32f10x_rtc.o(i.RTC_SetCounter) refers to stm32f10x_rtc.o(i.RTC_ExitConfigMode) for RTC_ExitConfigMode
    stm32f10x_rtc.o(i.RTC_SetPrescaler) refers to stm32f10x_rtc.o(i.RTC_EnterConfigMode) for RTC_EnterConfigMode
    stm32f10x_rtc.o(i.RTC_SetPrescaler) refers to stm32f10x_rtc.o(i.RTC_ExitConfigMode) for RTC_ExitConfigMode
    stm32f10x_spi.o(i.I2S_Init) refers to stm32f10x_rcc.o(i.RCC_GetClocksFreq) for RCC_GetClocksFreq
    stm32f10x_spi.o(i.SPI_I2S_DeInit) refers to stm32f10x_rcc.o(i.RCC_APB2PeriphResetCmd) for RCC_APB2PeriphResetCmd
    stm32f10x_spi.o(i.SPI_I2S_DeInit) refers to stm32f10x_rcc.o(i.RCC_APB1PeriphResetCmd) for RCC_APB1PeriphResetCmd
    stm32f10x_tim.o(i.TIM_DeInit) refers to stm32f10x_rcc.o(i.RCC_APB2PeriphResetCmd) for RCC_APB2PeriphResetCmd
    stm32f10x_tim.o(i.TIM_DeInit) refers to stm32f10x_rcc.o(i.RCC_APB1PeriphResetCmd) for RCC_APB1PeriphResetCmd
    stm32f10x_tim.o(i.TIM_ETRClockMode1Config) refers to stm32f10x_tim.o(i.TIM_ETRConfig) for TIM_ETRConfig
    stm32f10x_tim.o(i.TIM_ETRClockMode2Config) refers to stm32f10x_tim.o(i.TIM_ETRConfig) for TIM_ETRConfig
    stm32f10x_tim.o(i.TIM_ICInit) refers to stm32f10x_tim.o(i.TI1_Config) for TI1_Config
[...]
    Removing stm32f10x_tim.o(i.TIM_ITConfig), (18 bytes).
    Removing stm32f10x_tim.o(i.TIM_ITRxExternalClockConfig), (24 bytes).
    Removing stm32f10x_tim.o(i.TIM_InternalClockConfig), (12 bytes).
    Removing stm32f10x_tim.o(i.TIM_OC1FastConfig), (18 bytes).
    Removing stm32f10x_tim.o(i.TIM_OC1Init), (152 bytes).
    Removing stm32f10x_tim.o(i.TIM_OC1NPolarityConfig), (18 bytes).
    Removing stm32f10x_tim.o(i.TIM_OC1PolarityConfig), (18 bytes).
    Removing stm32f10x_tim.o(i.TIM_OC1PreloadConfig), (18 bytes).
    Removing stm32f10x_tim.o(i.TIM_OC2FastConfig), (26 bytes).
    Removing stm32f10x_tim.o(i.TIM_OC2Init), (164 bytes).
    Removing stm32f10x_tim.o(i.TIM_OC2NPolarityConfig), (26 bytes).
    Removing stm32f10x_tim.o(i.TIM_OC2PolarityConfig), (26 bytes).
    Removing stm32f10x_tim.o(i.TIM_OC2PreloadConfig), (26 bytes).
    Removing stm32f10x_tim.o(i.TIM_OC3FastConfig), (18 bytes).
    Removing stm32f10x_tim.o(i.TIM_OC3Init), (160 bytes).
    Removing stm32f10x_tim.o(i.TIM_OC3NPolarityConfig), (26 bytes).
    Removing stm32f10x_tim.o(i.TIM_OC3PolarityConfig), (26 bytes).
    Removing stm32f10x_tim.o(i.TIM_OC3PreloadConfig), (18 bytes).
    Removing stm32f10x_tim.o(i.TIM_OC4FastConfig), (26 bytes).
    Removing stm32f10x_tim.o(i.TIM_OC4Init), (124 bytes).
    Removing stm32f10x_tim.o(i.TIM_OC4PolarityConfig), (26 bytes).
    Removing stm32f10x_tim.o(i.TIM_OC4PreloadConfig), (26 bytes).
    Removing stm32f10x_tim.o(i.TIM_OCStructInit), (20 bytes).
    Removing stm32f10x_tim.o(i.TIM_PWMIConfig), (124 bytes).
    Removing stm32f10x_tim.o(i.TIM_PrescalerConfig), (6 bytes).
    Removing stm32f10x_tim.o(i.TIM_SelectCCDMA), (24 bytes).
    Removing stm32f10x_tim.o(i.TIM_SelectCOM), (24 bytes).
    Removing stm32f10x_tim.o(i.TIM_SelectHallSensor), (24 bytes).
    Removing stm32f10x_tim.o(i.TIM_SelectInputTrigger), (18 bytes).
    Removing stm32f10x_tim.o(i.TIM_SelectMasterSlaveMode), (18 bytes).
    Removing stm32f10x_tim.o(i.TIM_SelectOCxM), (82 bytes).
    Removing stm32f10x_tim.o(i.TIM_SelectOnePulseMode), (18 bytes).
    Removing stm32f10x_tim.o(i.TIM_SelectOutputTrigger), (18 bytes).
    Removing stm32f10x_tim.o(i.TIM_SelectSlaveMode), (18 bytes).
    Removing stm32f10x_tim.o(i.TIM_SetAutoreload), (4 bytes).
    Removing stm32f10x_tim.o(i.TIM_SetClockDivision), (18 bytes).
    Removing stm32f10x_tim.o(i.TIM_SetCompare1), (4 bytes).
    Removing stm32f10x_tim.o(i.TIM_SetCompare2), (4 bytes).
    Removing stm32f10x_tim.o(i.TIM_SetCompare3), (4 bytes).
    Removing stm32f10x_tim.o(i.TIM_SetCompare4), (6 bytes).
    Removing stm32f10x_tim.o(i.TIM_SetCounter), (4 bytes).
    Removing stm32f10x_tim.o(i.TIM_SetIC1Prescaler), (18 bytes).
    Removing stm32f10x_tim.o(i.TIM_SetIC2Prescaler), (26 bytes).
    Removing stm32f10x_tim.o(i.TIM_SetIC3Prescaler), (18 bytes).
    Removing stm32f10x_tim.o(i.TIM_SetIC4Prescaler), (26 bytes).
    Removing stm32f10x_tim.o(i.TIM_TIxExternalClockConfig), (62 bytes).
    Removing stm32f10x_tim.o(i.TIM_TimeBaseInit), (164 bytes).
    Removing stm32f10x_tim.o(i.TIM_TimeBaseStructInit), (18 bytes).
    Removing stm32f10x_tim.o(i.TIM_UpdateDisableConfig), (24 bytes).
    Removing stm32f10x_tim.o(i.TIM_UpdateRequestConfig), (24 bytes).
    Removing stm32f10x_usart.o(i.USART_ClearFlag), (18 bytes).
    Removing stm32f10x_usart.o(i.USART_ClockInit), (34 bytes).
    Removing stm32f10x_usart.o(i.USART_ClockStructInit), (12 bytes).
    Removing stm32f10x_usart.o(i.USART_Cmd), (24 bytes).
    Removing stm32f10x_usart.o(i.USART_DMACmd), (18 bytes).
    Removing stm32f10x_usart.o(i.USART_DeInit), (156 bytes).
    Removing stm32f10x_usart.o(i.USART_GetFlagStatus), (26 bytes).
    Removing stm32f10x_usart.o(i.USART_HalfDuplexCmd), (24 bytes).
    Removing stm32f10x_usart.o(i.USART_ITConfig), (74 bytes).
    Removing stm32f10x_usart.o(i.USART_Init), (216 bytes).
    Removing stm32f10x_usart.o(i.USART_IrDACmd), (24 bytes).
    Removing stm32f10x_usart.o(i.USART_IrDAConfig), (18 bytes).
    Removing stm32f10x_usart.o(i.USART_LINBreakDetectLengthConfig), (18 bytes).
    Removing stm32f10x_usart.o(i.USART_LINCmd), (24 bytes).
    Removing stm32f10x_usart.o(i.USART_OneBitMethodCmd), (24 bytes).
    Removing stm32f10x_usart.o(i.USART_OverSampling8Cmd), (22 bytes).
    Removing stm32f10x_usart.o(i.USART_ReceiveData), (10 bytes).
    Removing stm32f10x_usart.o(i.USART_ReceiverWakeUpCmd), (24 bytes).
    Removing stm32f10x_usart.o(i.USART_SendBreak), (10 bytes).
    Removing stm32f10x_usart.o(i.USART_SendData), (8 bytes).
    Removing stm32f10x_usart.o(i.USART_SetAddress), (18 bytes).
    Removing stm32f10x_usart.o(i.USART_SetGuardTime), (16 bytes).
    Removing stm32f10x_usart.o(i.USART_SetPrescaler), (16 bytes).
    Removing stm32f10x_usart.o(i.USART_SmartCardCmd), (24 bytes).
    Removing stm32f10x_usart.o(i.USART_SmartCardNACKCmd), (24 bytes).
    Removing stm32f10x_usart.o(i.USART_StructInit), (24 bytes).
    Removing stm32f10x_usart.o(i.USART_WakeUpConfig), (18 bytes).
    Removing stm32f10x_wwdg.o(i.WWDG_ClearFlag), (12 bytes).
    Removing stm32f10x_wwdg.o(i.WWDG_DeInit), (22 bytes).
    Removing stm32f10x_wwdg.o(i.WWDG_Enable), (16 bytes).
    Removing stm32f10x_wwdg.o(i.WWDG_EnableIT), (12 bytes).
    Removing stm32f10x_wwdg.o(i.WWDG_GetFlagStatus), (12 bytes).
    Removing stm32f10x_wwdg.o(i.WWDG_SetCounter), (16 bytes).
    Removing stm32f10x_wwdg.o(i.WWDG_SetPrescaler), (24 bytes).
    Removing stm32f10x_wwdg.o(i.WWDG_SetWindowValue), (40 bytes).
    Removing core_cm3.o(.emb_text), (32 bytes).
    Removing system_stm32f10x.o(i.SystemCoreClockUpdate), (164 bytes).
    Removing system_stm32f10x.o(.data), (20 bytes).
    Removing startup_stm32f10x_ld.o(HEAP), (512 bytes).
    Removing spi_driver.o(i.DeviceMount_SPI), (200 bytes).
    Removing spi_driver.o(i.SpiReads), (124 bytes).
    Removing spi_driver.o(i.Spi_Delay), (22 bytes).
    Removing spi_driver.o(i.Spi_InOut), (148 bytes).
    Removing spi_driver.o(i.Spi_Init), (72 bytes).
    Removing spi_driver.o(i.Spi_Read), (108 bytes).
    Removing spi_driver.o(i.Spi_ReadReg), (60 bytes).
    Removing spi_driver.o(i.Spi_Write), (108 bytes).
    Removing spi_driver.o(i.Spi_WriteReg), (60 bytes).
    Removing spi_driver.o(i.Spi_Writes), (124 bytes).
    Removing spi_driver.o(.constdata), (84 bytes).
    Removing spi_driver.o(.data), (8 bytes).
    Removing i2c_driver.o(i.I2C_Drop), (14 bytes).
    Removing i2c_driver.o(i.I2C_ReadDatas), (124 bytes).
    Removing i2c_driver.o(i.I2C_RecvBytes), (112 bytes).
    Removing i2c_driver.o(i.I2C_SendAck), (44 bytes).
    Removing i2c_driver.o(i.I2C_SendBytes), (138 bytes).
    Removing i2c_driver.o(i.I2C_Start), (46 bytes).
    Removing i2c_driver.o(i.I2C_Stop), (36 bytes).
    Removing i2c_driver.o(i.I2C_WriteDatas), (92 bytes).
    Removing i2c_driver.o(i.delay_us), (16 bytes).
    Removing usart_driver.o(i.DeviceMount_Uart), (456 bytes).
    Removing usart_driver.o(i.DeviceMount_Usart), (16 bytes).
    Removing usart_driver.o(i.UART4_IRQHandler), (96 bytes).
    Removing usart_driver.o(i.UART5_IRQHandler), (96 bytes).
    Removing usart_driver.o(i.USART3_IRQHandler), (96 bytes).
    Removing usart_driver.o(i.USART_Configuration), (124 bytes).
    Removing usart_driver.o(i.USART_ConfigurationAll), (110 bytes).
    Removing usart_driver.o(i.USART_GPIO_Init), (200 bytes).
    Removing usart_driver.o(i.USART_GPIO_InitAll), (86 bytes).
    Removing usart_driver.o(i.USART_GetIndex), (72 bytes).
    Removing usart_driver.o(i.USART_GetRXBufSize), (32 bytes).
    Removing usart_driver.o(i.USART_GetTXBufSize), (32 bytes).
    Removing usart_driver.o(i.USART_GetTypeDef), (60 bytes).
    Removing usart_driver.o(i.USART_Read), (64 bytes).
    Removing usart_driver.o(i.USART_ReadDatas), (184 bytes).
    Removing usart_driver.o(i.USART_Write), (32 bytes).
    Removing usart_driver.o(i.USART_WriteData), (20 bytes).
    Removing usart_driver.o(i.USART_WriteLine), (54 bytes).
    Removing stm32_cpu.o(i.EXTI0_IRQHandler_), (10 bytes).
    Removing stm32_cpu.o(i.GetCodeStr64), (112 bytes).
    Removing stm32_cpu.o(i.GetLockCode), (20 bytes).
    Removing stm32_cpu.o(i.GetLockCode8), (68 bytes).
    Removing stm32_cpu.o(i.GetTosTask_Count), (44 bytes).
    Removing stm32_cpu.o(i.Get_CPUID), (48 bytes).
    Removing stm32_cpu.o(i.Get_FlashSize), (12 bytes).
    Removing stm32_cpu.o(i.IAP_ErasePage), (12 bytes).
    Removing stm32_cpu.o(i.IWDG_Reload), (8 bytes).
    Removing stm32_cpu.o(i.Printf_BoardInfor), (144 bytes).
    Removing stm32_cpu.o(i.Printf_Bytes), (48 bytes).
    Removing stm32_cpu.o(i.Printf_DateTime), (64 bytes).
    Removing stm32_cpu.o(i.Printf_LcdType), (2 bytes).
    Removing stm32_cpu.o(i.Printf_LockCode), (36 bytes).
    Removing stm32_cpu.o(i.Printf_NandInfor), (2 bytes).
    Removing stm32_cpu.o(i.Printf_SysInfor), (68 bytes).
    Removing stm32_cpu.o(i.Printf_TaskInfor), (64 bytes).
    Removing stm32_cpu.o(i.Printf_TosInfor), (148 bytes).
    Removing stm32_cpu.o(i.Standby_Init), (108 bytes).
    Removing stm32_cpu.o(i.Sys_Enter_Standby), (22 bytes).
    Removing stm32_cpu.o(i.Sys_Standby), (42 bytes).
    Removing stm32_cpu.o(i.SystemHSIInit), (102 bytes).
    Removing stm32_cpu.o(.bss), (12 bytes).
    Removing stm32_cpu.o(.data), (4 bytes).
    Removing gpio_driver.o(i.GPIO_ExitInit), (102 bytes).
    Removing gpio_driver.o(i.GPIO_Get), (22 bytes).
    Removing gpio_driver.o(i.GPIO_GetAll), (96 bytes).
    Removing gpio_driver.o(i.GPIO_GetIndex), (60 bytes).
    Removing gpio_driver.o(i.GPIO_SetAll), (80 bytes).
    Removing gpio_driver.o(i.GPIO_SetMode), (76 bytes).
    Removing gpio_driver.o(i.GPIO_Set_Mode), (36 bytes).
    Removing lockcode.o(i.AppLicense), (44 bytes).
    Removing lockcode.o(i.GetLockCrcCode), (20 bytes).
    Removing tos.o(i.Tos_GetTaskIDByName), (56 bytes).
    Removing tos.o(i.Tos_SetTimeout), (20 bytes).
    Removing tos.o(i.Tos_TaskCreateQmsg), (96 bytes).
    Removing tos.o(i.Tos_TaskDelayHMSM), (48 bytes).
    Removing tos.o(i.Tos_TaskDelete), (144 bytes).
    Removing tos.o(i.Tos_TaskDeleteQmsg), (92 bytes).
    Removing tos.o(i.Tos_TaskGetQMsg), (100 bytes).
    Removing tos.o(i.Tos_TaskGetQMsgDelay), (100 bytes).
    Removing tos.o(i.Tos_TaskGetState), (32 bytes).
    Removing tos.o(i.Tos_TaskPutQmsg), (128 bytes).
    Removing tos.o(i.Tos_TaskQmail), (28 bytes).
    Removing tos.o(i.Tos_TaskRecover), (52 bytes).
    Removing tos.o(i.Tos_TaskResume), (108 bytes).
    Removing tos.o(i.Tos_TaskSmail), (56 bytes).
    Removing tos.o(i.Tos_TaskStop), (76 bytes).
    Removing tos.o(i.Tos_TaskSuspend), (124 bytes).
    Removing tos.o(i.Tos_WaitDev), (60 bytes).
    Removing tos_device.o(i.DeviceList_Printf), (232 bytes).
    Removing tos_device.o(i.DeviceUnMount), (40 bytes).
    Removing tos_device.o(i.Device_Count), (36 bytes).
    Removing tos_device.o(i.Tos_TaskDropDev), (64 bytes).
    Removing tos_device.o(i.Tos_TaskGetDev), (140 bytes).
    Removing tos_mema.o(i.Mema_Count), (28 bytes).
    Removing tos_mema.o(i.Mema_Extend), (46 bytes).
    Removing tos_mema.o(i.Mema_GetSize), (12 bytes).
    Removing tos_timer.o(i.Tos_CreateTimer), (116 bytes).
    Removing tos_timer.o(i.Tos_DeleteTimer), (88 bytes).
    Removing tos_timer.o(i.Tos_ExecuteTimer), (96 bytes).
    Removing debug.o(i.DeBug_Drop), (12 bytes).
    Removing debug.o(i.DeBug_Get), (20 bytes).
    Removing debug.o(i.DeBug_OutSet), (12 bytes).
    Removing debug.o(i.DeBug_SetCallBack), (12 bytes).
    Removing debug.o(i.DeBug_SetType), (12 bytes).
    Removing modbus.o(i.ModBus_Clear), (14 bytes).
    Removing modbus.o(i.ModBus_Create), (22 bytes).
    Removing modbus.o(i.ModBus_CreateMsg), (280 bytes).
    Removing modbus.o(i.ModBus_Expend), (364 bytes).
    Removing modbus.o(i.MyCom_AppendCrc), (36 bytes).
    Removing modbus.o(i.MyCom_CheckCrc), (48 bytes).
    Removing modbus.o(i.MyCom_SendMsg), (84 bytes).
    Removing text.o(i.ALL_TFT), (40 bytes).
    Removing text.o(i.Abs), (28 bytes).
    Removing text.o(i.AvrFilter_ByWords), (36 bytes).
    Removing text.o(i.Bcd_Decimal), (16 bytes).
    Removing text.o(i.BufferCoppy), (34 bytes).
    Removing text.o(i.BufferFill), (22 bytes).
    Removing text.o(i.BytesFindString), (84 bytes).
    Removing text.o(i.CharToUpperLower), (66 bytes).
    Removing text.o(i.ClearWithBuffer), (20 bytes).
    Removing text.o(i.CompareWithBuffer), (36 bytes).
    Removing text.o(i.CompareWithString), (60 bytes).
    Removing text.o(i.Coppy_FromConst), (24 bytes).
    Removing text.o(i.CreateTrueString), (48 bytes).
    Removing text.o(i.D16FromArray), (46 bytes).
    Removing text.o(i.D16ToArray), (36 bytes).
    Removing text.o(i.D32FromArray), (104 bytes).
    Removing text.o(i.D32ToArray), (60 bytes).
    Removing text.o(i.Decimal_Bcd), (20 bytes).
    Removing text.o(i.DispersionRatioByWords), (86 bytes).
    Removing text.o(i.F32FromArray), (68 bytes).
    Removing text.o(i.FindChar_Count), (28 bytes).
    Removing text.o(i.FindFloatFromString), (162 bytes).
    Removing text.o(i.FindHexFromString), (162 bytes).
    Removing text.o(i.FindIntFromString), (150 bytes).
    Removing text.o(i.FindNumFromString), (138 bytes).
    Removing text.o(i.FindStrFromString), (116 bytes).
    Removing text.o(i.Float32FromByte), (8 bytes).
    Removing text.o(i.Float32ToByte), (46 bytes).
    Removing text.o(i.FmtToBuf), (30 bytes).
    Removing text.o(i.FromHex64), (36 bytes).
    Removing text.o(i.GPRS_CheckIpTrue), (92 bytes).
    Removing text.o(i.GetArraySum), (38 bytes).
    Removing text.o(i.GetCountSize), (30 bytes).
    Removing text.o(i.GetFileNameFormat), (86 bytes).
    Removing text.o(i.GetHexFromString), (228 bytes).
    Removing text.o(i.GetStringByFmt), (36 bytes).
    Removing text.o(i.GetStringFromNumber), (320 bytes).
    Removing text.o(i.GetStringToBool), (36 bytes).
    Removing text.o(i.GetStringToNumber), (196 bytes).
    Removing text.o(i.GetVoidData), (24 bytes).
    Removing text.o(i.GetWordFromBytes), (38 bytes).
    Removing text.o(i.HtmlGetGB2312), (48 bytes).
    Removing text.o(i.IPUint32ToString), (80 bytes).
    Removing text.o(i.IpPortFromString), (118 bytes).
    Removing text.o(i.IpPortToString), (102 bytes).
    Removing text.o(i.MQTT_GetLength), (42 bytes).
    Removing text.o(i.MQTT_LegnthToByte), (34 bytes).
    Removing text.o(i.MidFilter_ByWords), (86 bytes).
    Removing text.o(i.RGB_TFT), (48 bytes).
    Removing text.o(i.SerchKeyFromBytes), (36 bytes).
    Removing text.o(i.SetWordToBytes), (22 bytes).
    Removing text.o(i.SplitWithString), (48 bytes).
    Removing text.o(i.StringCoppy), (36 bytes).
    Removing text.o(i.StringHeadAppend), (36 bytes).
    Removing text.o(i.StringReplaceChar), (26 bytes).
    Removing text.o(i.StringSearchKey), (36 bytes).
    Removing text.o(i.StringToIPUint32), (106 bytes).
    Removing text.o(i.StringToUpperLower), (26 bytes).
    Removing text.o(i.StringTrim), (46 bytes).
    Removing text.o(i.StringTrmChar), (36 bytes).
    Removing text.o(i.Strstr), (48 bytes).
    Removing text.o(i.SwitchEndian), (118 bytes).
    Removing text.o(i.TFT_RGB), (48 bytes).
    Removing text.o(i.ToHex64), (42 bytes).
    Removing text.o(i.Uint16ToByte), (32 bytes).
    Removing text.o(i.Uint32FromByte), (8 bytes).
    Removing text.o(i.Uint32ToByte), (32 bytes).
    Removing text.o(i.UniteNameFormat), (42 bytes).
    Removing text.o(i.VoidGetBool), (10 bytes).
    Removing text.o(i.VoidGetF32), (6 bytes).
    Removing text.o(i.VoidGetU32), (6 bytes).
    Removing text.o(i._GetStringToNumber), (176 bytes).
    Removing cheakout.o(i.Tools_GetCRC8), (56 bytes).
    Removing cheakout.o(i.Tools_GetXOR16), (26 bytes).
    Removing cheakout.o(i.Tools_GetXOR8), (26 bytes).
    Removing operation.o(i.Fulye), (696 bytes).
    Removing operation.o(i.LP_LifePlan), (292 bytes).
    Removing operation.o(i.Opera_WhithADC), (118 bytes).
    Removing operation.o(i.Opera_WhithADCFloat), (394 bytes).
    Removing standardmodbus.o(i.MB_AppendCrc), (38 bytes).
    Removing standardmodbus.o(i.MB_CheckCrc), (52 bytes).
    Removing standardmodbus.o(i.MB_CreateReadMsg), (80 bytes).
    Removing appconfig.o(i.Create_Message), (26 bytes).
    Removing appconfig.o(i.Export_Message), (58 bytes).
    Removing appconfig.o(i.Flash_ReadData), (28 bytes).
    Removing appconfig.o(i.Flash_WriteData), (118 bytes).
    Removing appconfig.o(i.Load_AppConfig), (28 bytes).
    Removing appconfig.o(i.Load_VoidConfig), (102 bytes).
    Removing appconfig.o(i.Save_AppConfig), (28 bytes).
    Removing appconfig.o(i.Save_VoidConfig), (44 bytes).
    Removing func_face.o(i.SEEGet), (168 bytes).
    Removing func_face.o(i.SEGTrun), (20 bytes).
    Removing func_face.o(i.Task_Arrary), (164 bytes).
    Removing func_face.o(i.Task_Join), (36 bytes).
    Removing func_face.o(i.Usart_Terminal), (64 bytes).
    Removing func_face.o(i.Usart_Usart), (64 bytes).
    Removing func_face.o(.constdata), (39 bytes).
    Removing func_face.o(.conststring), (24 bytes).
    Removing func_face.o(.data), (8 bytes).
    Removing comkeyboard.o(i.Task_GetKeyBoard), (212 bytes).
    Removing comkeyboard.o(i.Task_GetKeyBoardZigbee), (132 bytes).
    Removing comkeyboard.o(i.Tos_TaskGetKeyBoard), (20 bytes).
    Removing comkeyboard.o(.data), (1 bytes).
    Removing main.o(i.IIC_DelayUs), (14 bytes).
    Removing main.o(i.IIC_Drop), (22 bytes).
    Removing main.o(i.IIC_Pin_In), (36 bytes).
    Removing main.o(i.IIC_Pin_Out), (36 bytes).
    Removing main.o(i.IIC_ReadAck), (76 bytes).
    Removing main.o(i.IIC_ReadDatas), (128 bytes).
    Removing main.o(i.IIC_RecvByte), (96 bytes).
    Removing main.o(i.IIC_RecvBytes), (158 bytes).
    Removing main.o(i.IIC_SendAck), (64 bytes).
    Removing main.o(i.IIC_SendByte), (88 bytes).
    Removing main.o(i.IIC_SendBytes), (202 bytes).
    Removing main.o(i.IIC_Start), (56 bytes).
    Removing main.o(i.IIC_Stop), (56 bytes).
    Removing main.o(i.IIC_WriteDatas), (92 bytes).
    Removing main.o(i.LCD_WriteData_16Bit), (18 bytes).
    Removing main.o(i.MUI_GetKey), (34 bytes).
    Removing main.o(i.SPI_SendByteND), (36 bytes).
    Removing main.o(i.Task_KeyBoard), (144 bytes).
    Removing main.o(i.Tos_TaskGetHandKey), (20 bytes).
    Removing main.o(i.tos_main), (4 bytes).
    Removing fadd.o(.text), (176 bytes).
    Removing fmul.o(.text), (100 bytes).
    Removing fdiv.o(.text), (124 bytes).
    Removing fflti.o(.text), (18 bytes).
    Removing ffltui.o(.text), (10 bytes).
    Removing dflti.o(.text), (34 bytes).
    Removing dfltui.o(.text), (26 bytes).
    Removing ffixi.o(.text), (50 bytes).
    Removing ffixui.o(.text), (40 bytes).
    Removing dfixui.o(.text), (50 bytes).
    Removing f2d.o(.text), (38 bytes).
    Removing d2f.o(.text), (56 bytes).
    Removing cfcmple.o(.text), (20 bytes).
    Removing cfrcmple.o(.text), (20 bytes).
    Removing fepilogue.o(.text), (110 bytes).
    Removing dscalb.o(.text), (46 bytes).

705 unused section(s) (total 37362 bytes) removed from the image.

==============================================================================

Image Symbol Table

    Local Symbols

    Symbol Name                              Value     Ov Type        Size  Object(Section)

    ../clib/microlib/division.c              0x00000000   Number         0  uidiv.o ABSOLUTE
    ../clib/microlib/division.c              0x00000000   Number         0  uldiv.o ABSOLUTE
    ../clib/microlib/errno.c                 0x00000000   Number         0  errno.o ABSOLUTE
    ../clib/microlib/init/entry.s            0x00000000   Number         0  entry7b.o ABSOLUTE
    ../clib/microlib/init/entry.s            0x00000000   Number         0  entry5.o ABSOLUTE
    ../clib/microlib/init/entry.s            0x00000000   Number         0  entry8a.o ABSOLUTE
    ../clib/microlib/init/entry.s            0x00000000   Number         0  entry2.o ABSOLUTE
    ../clib/microlib/init/entry.s            0x00000000   Number         0  entry.o ABSOLUTE
    ../clib/microlib/init/entry.s            0x00000000   Number         0  entry8b.o ABSOLUTE
    ../clib/microlib/init/entry.s            0x00000000   Number         0  entry9a.o ABSOLUTE
    ../clib/microlib/init/entry.s            0x00000000   Number         0  entry9b.o ABSOLUTE
    ../clib/microlib/init/entry.s            0x00000000   Number         0  entry10a.o ABSOLUTE
    ../clib/microlib/init/entry.s            0x00000000   Number         0  entry11b.o ABSOLUTE
    ../clib/microlib/init/entry.s            0x00000000   Number         0  entry10b.o ABSOLUTE
    ../clib/microlib/init/entry.s            0x00000000   Number         0  entry11a.o ABSOLUTE
    ../clib/microlib/init/entry.s            0x00000000   Number         0  entry7a.o ABSOLUTE
    ../clib/microlib/longlong.c              0x00000000   Number         0  llushr.o ABSOLUTE
    ../clib/microlib/longlong.c              0x00000000   Number         0  llshl.o ABSOLUTE
    ../clib/microlib/longlong.c              0x00000000   Number         0  llsshr.o ABSOLUTE
    ../clib/microlib/printf/printf.c         0x00000000   Number         0  printfa.o ABSOLUTE
    ../clib/microlib/stdio/fputc.c           0x00000000   Number         0  fputc.o ABSOLUTE
    ../clib/microlib/stdio/semi.s            0x00000000   Number         0  semi.o ABSOLUTE
    ../clib/microlib/stdio/streams.c         0x00000000   Number         0  stdout.o ABSOLUTE
    ../clib/microlib/stubs.s                 0x00000000   Number         0  iusefp.o ABSOLUTE
    ../clib/microlib/stubs.s                 0x00000000   Number         0  iusesemip.o ABSOLUTE
    ../fplib/microlib/d2f.c                  0x00000000   Number         0  d2f.o ABSOLUTE
    ../fplib/microlib/f2d.c                  0x00000000   Number         0  f2d.o ABSOLUTE
    ../fplib/microlib/fpadd.c                0x00000000   Number         0  dadd.o ABSOLUTE
    ../fplib/microlib/fpadd.c                0x00000000   Number         0  fadd.o ABSOLUTE
    ../fplib/microlib/fpdiv.c                0x00000000   Number         0  fdiv.o ABSOLUTE
    ../fplib/microlib/fpdiv.c                0x00000000   Number         0  ddiv.o ABSOLUTE
    ../fplib/microlib/fpepilogue.c           0x00000000   Number         0  fepilogue.o ABSOLUTE
    ../fplib/microlib/fpepilogue.c           0x00000000   Number         0  depilogue.o ABSOLUTE
    ../fplib/microlib/fpfix.c                0x00000000   Number         0  dfixui.o ABSOLUTE
    ../fplib/microlib/fpfix.c                0x00000000   Number         0  dfixi.o ABSOLUTE
    ../fplib/microlib/fpfix.c                0x00000000   Number         0  ffixui.o ABSOLUTE
    ../fplib/microlib/fpfix.c                0x00000000   Number         0  dfixul.o ABSOLUTE
    ../fplib/microlib/fpfix.c                0x00000000   Number         0  ffixi.o ABSOLUTE
    ../fplib/microlib/fpflt.c                0x00000000   Number         0  fflti.o ABSOLUTE
    ../fplib/microlib/fpflt.c                0x00000000   Number         0  ffltui.o ABSOLUTE
    ../fplib/microlib/fpflt.c                0x00000000   Number         0  dfltui.o ABSOLUTE
    ../fplib/microlib/fpflt.c                0x00000000   Number         0  dflti.o ABSOLUTE
    ../fplib/microlib/fpmul.c                0x00000000   Number         0  fmul.o ABSOLUTE
    ../fplib/microlib/fpmul.c                0x00000000   Number         0  dmul.o ABSOLUTE
    ../fplib/microlib/fpscalb.c              0x00000000   Number         0  dscalb.o ABSOLUTE
    ../mathlib/cos_i.c                       0x00000000   Number         0  cos_i.o ABSOLUTE
    ../mathlib/dunder.c                      0x00000000   Number         0  dunder.o ABSOLUTE
    ../mathlib/fpclassify.c                  0x00000000   Number         0  fpclassify.o ABSOLUTE
    ../mathlib/poly.c                        0x00000000   Number         0  poly.o ABSOLUTE
    ../mathlib/rred.c                        0x00000000   Number         0  rred.o ABSOLUTE
    ../mathlib/sin.c                         0x00000000   Number         0  sin.o ABSOLUTE
    ../mathlib/sin.c                         0x00000000   Number         0  sin_x.o ABSOLUTE
    ../mathlib/sin_i.c                       0x00000000   Number         0  sin_i.o ABSOLUTE
    ../mathlib/sin_i.c                       0x00000000   Number         0  sin_i_x.o ABSOLUTE
    ..\Driver\GPIO_Driver.c                  0x00000000   Number         0  gpio_driver.o ABSOLUTE
    ..\Driver\I2C_Driver.c                   0x00000000   Number         0  i2c_driver.o ABSOLUTE
    ..\Driver\SPI_Driver.c                   0x00000000   Number         0  spi_driver.o ABSOLUTE
    ..\Driver\STM32_CPU.c                    0x00000000   Number         0  stm32_cpu.o ABSOLUTE
    ..\Driver\Usart_Driver.c                 0x00000000   Number         0  usart_driver.o ABSOLUTE
    ..\FuncTask\ComKeyBoard.c                0x00000000   Number         0  comkeyboard.o ABSOLUTE
    ..\FuncTask\Func_Face.c                  0x00000000   Number         0  func_face.o ABSOLUTE
    ..\Libraries\CMSIS\CM3\CoreSupport\core_cm3.c 0x00000000   Number         0  core_cm3.o ABSOLUTE
    ..\Libraries\CMSIS\CM3\DeviceSupport\ST\STM32F10x\stm32f10x_it.c 0x00000000   Number         0  stm32f10x_it.o ABSOLUTE
    ..\Libraries\CMSIS\CM3\DeviceSupport\ST\STM32F10x\system_stm32f10x.c 0x00000000   Number         0  system_stm32f10x.o ABSOLUTE
    ..\Libraries\STM32F10x_StdPeriph_Driver\src\misc.c 0x00000000   Number         0  misc.o ABSOLUTE
    ..\Libraries\STM32F10x_StdPeriph_Driver\src\stm32f10x_adc.c 0x00000000   Number         0  stm32f10x_adc.o ABSOLUTE
    ..\Libraries\STM32F10x_StdPeriph_Driver\src\stm32f10x_bkp.c 0x00000000   Number         0  stm32f10x_bkp.o ABSOLUTE
    ..\Libraries\STM32F10x_StdPeriph_Driver\src\stm32f10x_can.c 0x00000000   Number         0  stm32f10x_can.o ABSOLUTE
    ..\Libraries\STM32F10x_StdPeriph_Driver\src\stm32f10x_cec.c 0x00000000   Number         0  stm32f10x_cec.o ABSOLUTE
    ..\Libraries\STM32F10x_StdPeriph_Driver\src\stm32f10x_crc.c 0x00000000   Number         0  stm32f10x_crc.o ABSOLUTE
    ..\Libraries\STM32F10x_StdPeriph_Driver\src\stm32f10x_dac.c 0x00000000   Number         0  stm32f10x_dac.o ABSOLUTE
    ..\Libraries\STM32F10x_StdPeriph_Driver\src\stm32f10x_dbgmcu.c 0x00000000   Number         0  stm32f10x_dbgmcu.o ABSOLUTE
    ..\Libraries\STM32F10x_StdPeriph_Driver\src\stm32f10x_dma.c 0x00000000   Number         0  stm32f10x_dma.o ABSOLUTE
    ..\Libraries\STM32F10x_StdPeriph_Driver\src\stm32f10x_exti.c 0x00000000   Number         0  stm32f10x_exti.o ABSOLUTE
    ..\Libraries\STM32F10x_StdPeriph_Driver\src\stm32f10x_flash.c 0x00000000   Number         0  stm32f10x_flash.o ABSOLUTE
    ..\Libraries\STM32F10x_StdPeriph_Driver\src\stm32f10x_fsmc.c 0x00000000   Number         0  stm32f10x_fsmc.o ABSOLUTE
    ..\Libraries\STM32F10x_StdPeriph_Driver\src\stm32f10x_gpio.c 0x00000000   Number         0  stm32f10x_gpio.o ABSOLUTE
    ..\Libraries\STM32F10x_StdPeriph_Driver\src\stm32f10x_i2c.c 0x00000000   Number         0  stm32f10x_i2c.o ABSOLUTE
    ..\Libraries\STM32F10x_StdPeriph_Driver\src\stm32f10x_iwdg.c 0x00000000   Number         0  stm32f10x_iwdg.o ABSOLUTE
    ..\Libraries\STM32F10x_StdPeriph_Driver\src\stm32f10x_pwr.c 0x00000000   Number         0  stm32f10x_pwr.o ABSOLUTE
    ..\Libraries\STM32F10x_StdPeriph_Driver\src\stm32f10x_rcc.c 0x00000000   Number         0  stm32f10x_rcc.o ABSOLUTE
    ..\Libraries\STM32F10x_StdPeriph_Driver\src\stm32f10x_rtc.c 0x00000000   Number         0  stm32f10x_rtc.o ABSOLUTE
    ..\Libraries\STM32F10x_StdPeriph_Driver\src\stm32f10x_sdio.c 0x00000000   Number         0  stm32f10x_sdio.o ABSOLUTE
    ..\Libraries\STM32F10x_StdPeriph_Driver\src\stm32f10x_spi.c 0x00000000   Number         0  stm32f10x_spi.o ABSOLUTE
    ..\Libraries\STM32F10x_StdPeriph_Driver\src\stm32f10x_tim.c 0x00000000   Number         0  stm32f10x_tim.o ABSOLUTE
    ..\Libraries\STM32F10x_StdPeriph_Driver\src\stm32f10x_usart.c 0x00000000   Number         0  stm32f10x_usart.o ABSOLUTE
    ..\Libraries\STM32F10x_StdPeriph_Driver\src\stm32f10x_wwdg.c 0x00000000   Number         0  stm32f10x_wwdg.o ABSOLUTE
    ..\Libraries\Startup\startup_stm32f10x_ld.s 0x00000000   Number         0  startup_stm32f10x_ld.o ABSOLUTE
    ..\Tools\AppConfig.c                     0x00000000   Number         0  appconfig.o ABSOLUTE
    ..\Tools\CheakOut.c                      0x00000000   Number         0  cheakout.o ABSOLUTE
    ..\Tools\DeBug.c                         0x00000000   Number         0  debug.o ABSOLUTE
    ..\Tools\ModBus.c                        0x00000000   Number         0  modbus.o ABSOLUTE
    ..\Tools\Operation.c                     0x00000000   Number         0  operation.o ABSOLUTE
    ..\Tools\StandardModBus.c                0x00000000   Number         0  standardmodbus.o ABSOLUTE
    ..\Tools\Text.c                          0x00000000   Number         0  text.o ABSOLUTE
    ..\Tos\LockCode.c                        0x00000000   Number         0  lockcode.o ABSOLUTE
    ..\Tos\Tos.c                             0x00000000   Number         0  tos.o ABSOLUTE
    ..\Tos\Tos_Device.c                      0x00000000   Number         0  tos_device.o ABSOLUTE
    ..\Tos\Tos_Mema.c                        0x00000000   Number         0  tos_mema.o ABSOLUTE
    ..\Tos\Tos_timer.c                       0x00000000   Number         0  tos_timer.o ABSOLUTE
    ..\Tos\tos_core_a.asm                    0x00000000   Number         0  tos_core_a.o ABSOLUTE
    ..\USER\Main.c                           0x00000000   Number         0  main.o ABSOLUTE
    ..\\Libraries\\CMSIS\\CM3\\CoreSupport\\core_cm3.c 0x00000000   Number         0  core_cm3.o ABSOLUTE
    cdrcmple.s                               0x00000000   Number         0  cdrcmple.o ABSOLUTE
    cfcmple.s                                0x00000000   Number         0  cfcmple.o ABSOLUTE
    cfrcmple.s                               0x00000000   Number         0  cfrcmple.o ABSOLUTE
    dc.s                                     0x00000000   Number         0  dc.o ABSOLUTE
    handlers.s                               0x00000000   Number         0  handlers.o ABSOLUTE
    init.s                                   0x00000000   Number         0  init.o ABSOLUTE
    RESET                                    0x08000000   Section      236  startup_stm32f10x_ld.o(RESET)
    .ARM.Collect$$$$00000000                 0x080000ec   Section        0  entry.o(.ARM.Collect$$$$00000000)
    .ARM.Collect$$$$00000001                 0x080000ec   Section        4  entry2.o(.ARM.Collect$$$$00000001)
    .ARM.Collect$$$$00000004                 0x080000f0   Section        4  entry5.o(.ARM.Collect$$$$00000004)
    .ARM.Collect$$$$00000008                 0x080000f4   Section        0  entry7b.o(.ARM.Collect$$$$00000008)
    .ARM.Collect$$$$0000000A                 0x080000f4   Section        0  entry8b.o(.ARM.Collect$$$$0000000A)
    .ARM.Collect$$$$0000000B                 0x080000f4   Section        8  entry9a.o(.ARM.Collect$$$$0000000B)
    .ARM.Collect$$$$0000000D                 0x080000fc   Section        0  entry10a.o(.ARM.Collect$$$$0000000D)
    .ARM.Collect$$$$0000000F                 0x080000fc   Section        0  entry11a.o(.ARM.Collect$$$$0000000F)
    .ARM.Collect$$$$00002712                 0x080000fc   Section        4  entry2.o(.ARM.Collect$$$$00002712)
    __lit__00000000                          0x080000fc   Data           4  entry2.o(.ARM.Collect$$$$00002712)
    .text                                    0x08000100   Section       36  startup_stm32f10x_ld.o(.text)
    .text                                    0x08000124   Section        0  dadd.o(.text)
    .text                                    0x08000272   Section        0  dmul.o(.text)
    .text                                    0x08000356   Section        0  ddiv.o(.text)
    .text                                    0x08000434   Section        0  dfixi.o(.text)
    .text                                    0x08000472   Section        0  uidiv.o(.text)
    .text                                    0x0800049e   Section        0  uldiv.o(.text)
    .text                                    0x08000500   Section        0  llshl.o(.text)
    .text                                    0x0800051e   Section        0  llushr.o(.text)
    .text                                    0x0800053e   Section        0  llsshr.o(.text)
    .text                                    0x08000562   Section        0  iusefp.o(.text)
    .text                                    0x08000562   Section        0  depilogue.o(.text)
    .text                                    0x0800061c   Section        0  dfixul.o(.text)
    .text                                    0x0800064c   Section       48  cdrcmple.o(.text)
    .text                                    0x0800067c   Section       36  init.o(.text)
    TOS_CORE_A                               0x080006a0   Section       80  tos_core_a.o(TOS_CORE_A)
    i.App_DisCoppy                           0x080006f0   Section        0  lockcode.o(i.App_DisCoppy)
    i.BareDelay                              0x08000734   Section        0  stm32_cpu.o(i.BareDelay)
    i.BusFault_Handler                       0x0800074e   Section        0  stm32f10x_it.o(i.BusFault_Handler)
    i.DeBug                                  0x08000754   Section        0  debug.o(i.DeBug)
    i.DebugMon_Handler                       0x080008e0   Section        0  stm32f10x_it.o(i.DebugMon_Handler)
    i.DeviceList_Init                        0x080008e4   Section        0  tos_device.o(i.DeviceList_Init)
    i.DeviceMount_GPIO                       0x08000964   Section        0  gpio_driver.o(i.DeviceMount_GPIO)
    i.DeviceMount_LCD                        0x08000a30   Section        0  main.o(i.DeviceMount_LCD)
    i.Device_Init                            0x08000ac8   Section        0  tos_device.o(i.Device_Init)
    i.Device_Ok                              0x08000b80   Section        0  tos_device.o(i.Device_Ok)
    i.EXTI_ClearITPendingBit                 0x08000ba4   Section        0  stm32f10x_exti.o(i.EXTI_ClearITPendingBit)
    i.FLASH_GetBank1Status                   0x08000bb0   Section        0  stm32f10x_flash.o(i.FLASH_GetBank1Status)
    i.FLASH_Lock                             0x08000be4   Section        0  stm32f10x_flash.o(i.FLASH_Lock)
    i.FLASH_ProgramHalfWord                  0x08000bf8   Section        0  stm32f10x_flash.o(i.FLASH_ProgramHalfWord)
    i.FLASH_Unlock                           0x08000c38   Section        0  stm32f10x_flash.o(i.FLASH_Unlock)
    i.FLASH_WaitForLastOperation             0x08000c50   Section        0  stm32f10x_flash.o(i.FLASH_WaitForLastOperation)
    i.FlowPoolFilter                         0x08000c76   Section        0  text.o(i.FlowPoolFilter)
    i.GPIO_Init                              0x08000cb0   Section        0  stm32f10x_gpio.o(i.GPIO_Init)
    i.GPIO_InitList                          0x08000dc8   Section        0  stm32_cpu.o(i.GPIO_InitList)
    i.GPIO_PinRemapConfig                    0x08000e50   Section        0  stm32f10x_gpio.o(i.GPIO_PinRemapConfig)
    i.GPIO_ResetBits                         0x08000ee0   Section        0  stm32f10x_gpio.o(i.GPIO_ResetBits)
    i.GPIO_Set                               0x08000ee4   Section        0  gpio_driver.o(i.GPIO_Set)
    i.GPIO_SetBits                           0x08000f02   Section        0  stm32f10x_gpio.o(i.GPIO_SetBits)
    i.GPIO_SetIndex                          0x08000f08   Section        0  gpio_driver.o(i.GPIO_SetIndex)
    i.GetChar_List                           0x08000f3c   Section        0  debug.o(i.GetChar_List)
    i.GetTextLength                          0x08000fbc   Section        0  text.o(i.GetTextLength)
    i.HardFault_Handler                      0x08000fd4   Section        0  stm32f10x_it.o(i.HardFault_Handler)
    i.IAP_Lock                               0x08000fdc   Section        0  stm32_cpu.o(i.IAP_Lock)
    i.IAP_ProgramHalfWord                    0x08000fe4   Section        0  stm32_cpu.o(i.IAP_ProgramHalfWord)
    i.IAP_Unlock                             0x08000ff4   Section        0  stm32_cpu.o(i.IAP_Unlock)
    i.IWDG_Configuration                     0x08000ffc   Section        0  stm32_cpu.o(i.IWDG_Configuration)
    i.IWDG_Enable                            0x08001020   Section        0  stm32f10x_iwdg.o(i.IWDG_Enable)
    i.IWDG_ReloadCounter                     0x08001030   Section        0  stm32f10x_iwdg.o(i.IWDG_ReloadCounter)
    i.IWDG_SetPrescaler                      0x08001040   Section        0  stm32f10x_iwdg.o(i.IWDG_SetPrescaler)
    i.IWDG_SetReload                         0x0800104c   Section        0  stm32f10x_iwdg.o(i.IWDG_SetReload)
    i.IWDG_WriteAccessCmd                    0x08001058   Section        0  stm32f10x_iwdg.o(i.IWDG_WriteAccessCmd)
    i.LCD_Init                               0x08001064   Section        0  main.o(i.LCD_Init)
    i.Lcd_Clear                              0x0800127c   Section        0  main.o(i.Lcd_Clear)
    i.Lcd_DrawBMP                            0x080012cc   Section        0  main.o(i.Lcd_DrawBMP)
    i.Lcd_SetRegion                          0x08001354   Section        0  main.o(i.Lcd_SetRegion)
    i.Lcd_WriteData                          0x080013b2   Section        0  main.o(i.Lcd_WriteData)
    i.Lcd_WriteIndex                         0x080013c0   Section        0  main.o(i.Lcd_WriteIndex)
    i.MCU_Reset                              0x080013d0   Section        0  stm32_cpu.o(i.MCU_Reset)
    i.MemManage_Handler                      0x080013f8   Section        0  stm32f10x_it.o(i.MemManage_Handler)
    i.Mema_Free                              0x080013fc   Section        0  tos_mema.o(i.Mema_Free)
    i.Mema_Init                              0x0800142c   Section        0  tos_mema.o(i.Mema_Init)
    i.Mema_Malloc                            0x08001448   Section        0  tos_mema.o(i.Mema_Malloc)
    i.NMI_Handler                            0x08001494   Section        0  stm32f10x_it.o(i.NMI_Handler)
    i.PendSV_Handler                         0x08001496   Section        0  stm32f10x_it.o(i.PendSV_Handler)
    i.RCC_APB2PeriphClockCmd                 0x08001498   Section        0  stm32f10x_rcc.o(i.RCC_APB2PeriphClockCmd)
    i.Remap_SWJ_JTAGDisable                  0x080014b8   Section        0  stm32_cpu.o(i.Remap_SWJ_JTAGDisable)
    i.SPI_Cmd                                0x080014c8   Section        0  stm32f10x_spi.o(i.SPI_Cmd)
    i.SPI_Delay                              0x080014e0   Section        0  main.o(i.SPI_Delay)
    i.SPI_Hand_Init                          0x080014ec   Section        0  main.o(i.SPI_Hand_Init)
    i.SPI_I2S_GetFlagStatus                  0x08001590   Section        0  stm32f10x_spi.o(i.SPI_I2S_GetFlagStatus)
    i.SPI_I2S_SendData                       0x080015a2   Section        0  stm32f10x_spi.o(i.SPI_I2S_SendData)
    i.SPI_Init                               0x080015a6   Section        0  stm32f10x_spi.o(i.SPI_Init)
    i.SPI_SSOutputCmd                        0x080015e2   Section        0  stm32f10x_spi.o(i.SPI_SSOutputCmd)
    i.SPI_SendByte                           0x080015fc   Section        0  main.o(i.SPI_SendByte)
    i.SVC_Handler                            0x08001644   Section        0  stm32f10x_it.o(i.SVC_Handler)
    i.SetSysClock                            0x08001646   Section        0  system_stm32f10x.o(i.SetSysClock)
    i.SetSysClockTo72                        0x08001650   Section        0  system_stm32f10x.o(i.SetSysClockTo72)
    SetSysClockTo72                          0x08001651   Thumb Code   214  system_stm32f10x.o(i.SetSysClockTo72)
    i.StringEndingAppend                     0x08001730   Section        0  text.o(i.StringEndingAppend)
    i.SysTick_Handler                        0x08001772   Section        0  stm32f10x_it.o(i.SysTick_Handler)
    i.SysTick_Set                            0x0800177c   Section        0  stm32_cpu.o(i.SysTick_Set)
    i.SystemInit                             0x080017d4   Section        0  system_stm32f10x.o(i.SystemInit)
    i.Task0                                  0x08001834   Section        0  main.o(i.Task0)
    i.Task1                                  0x08001868   Section        0  main.o(i.Task1)
    i.Task2                                  0x08001888   Section        0  main.o(i.Task2)
    i.Task3                                  0x08001910   Section        0  main.o(i.Task3)
    i.Task4                                  0x08001950   Section        0  main.o(i.Task4)
    i.Task5                                  0x08001a2c   Section        0  main.o(i.Task5)
    i.Tools_GetCRC16                         0x08001a58   Section        0  cheakout.o(i.Tools_GetCRC16)
    i.Tos_ComputeCPURate                     0x08001a98   Section        0  tos.o(i.Tos_ComputeCPURate)
    i.Tos_Init                               0x08001af4   Section        0  tos.o(i.Tos_Init)
    i.Tos_ListCreate                         0x08001b8c   Section        0  tos.o(i.Tos_ListCreate)
    i.Tos_RootTask                           0x08001bac   Section        0  tos.o(i.Tos_RootTask)
    i.Tos_ScanTimer                          0x08001bd4   Section        0  tos_timer.o(i.Tos_ScanTimer)
    i.Tos_Start                              0x08001c0c   Section        0  tos.o(i.Tos_Start)
    i.Tos_SysTick                            0x08001c3c   Section        0  tos.o(i.Tos_SysTick)
    i.Tos_TaskCreate                         0x08001c84   Section        0  tos.o(i.Tos_TaskCreate)
    i.Tos_TaskCreateFindID                   0x08001d54   Section        0  tos.o(i.Tos_TaskCreateFindID)
    i.Tos_TaskDelay                          0x08001db8   Section        0  tos.o(i.Tos_TaskDelay)
    i.Tos_TaskReady                          0x08001e18   Section        0  tos.o(i.Tos_TaskReady)
    i.Tos_TaskRun                            0x08001ed8   Section        0  tos.o(i.Tos_TaskRun)
    i.Tos_TaskStackInit                      0x08001f2c   Section        0  tos.o(i.Tos_TaskStackInit)
    i.Tos_TaskStart                          0x08001f9c   Section        0  tos.o(i.Tos_TaskStart)
    i.Tos_TaskSwitch                         0x08001fc0   Section        0  tos.o(i.Tos_TaskSwitch)
    i.Tos_TaskTcbInit                        0x08002060   Section        0  tos.o(i.Tos_TaskTcbInit)
    i.Tos_TaskTimeout                        0x08002074   Section        0  tos.o(i.Tos_TaskTimeout)
    i.Tos_TimerReady                         0x080020c8   Section        0  tos_timer.o(i.Tos_TimerReady)
    i.USART1_IRQHandler                      0x0800211c   Section        0  usart_driver.o(i.USART1_IRQHandler)
    i.USART2_IRQHandler                      0x0800217c   Section        0  usart_driver.o(i.USART2_IRQHandler)
    i.USART_ClearITPendingBit                0x080021dc   Section        0  stm32f10x_usart.o(i.USART_ClearITPendingBit)
    i.USART_GetITStatus                      0x080021fa   Section        0  stm32f10x_usart.o(i.USART_GetITStatus)
    i.USART_WriteDatas                       0x0800224e   Section        0  usart_driver.o(i.USART_WriteDatas)
    i.USBWakeUp_IRQHandler                   0x08002270   Section        0  stm32f10x_it.o(i.USBWakeUp_IRQHandler)
    i.UsageFault_Handler                     0x0800227c   Section        0  stm32f10x_it.o(i.UsageFault_Handler)
    i.__0vsprintf                            0x08002280   Section        0  printfa.o(i.__0vsprintf)
    i.__scatterload_copy                     0x080022a4   Section       14  handlers.o(i.__scatterload_copy)
    i.__scatterload_null                     0x080022b2   Section        2  handlers.o(i.__scatterload_null)
    i.__scatterload_zeroinit                 0x080022b4   Section       14  handlers.o(i.__scatterload_zeroinit)
    i._fp_digits                             0x080022c4   Section        0  printfa.o(i._fp_digits)
    _fp_digits                               0x080022c5   Thumb Code   366  printfa.o(i._fp_digits)
    i._printf_core                           0x08002448   Section        0  printfa.o(i._printf_core)
    _printf_core                             0x08002449   Thumb Code  1744  printfa.o(i._printf_core)
    i._printf_post_padding                   0x08002b24   Section        0  printfa.o(i._printf_post_padding)
    _printf_post_padding                     0x08002b25   Thumb Code    36  printfa.o(i._printf_post_padding)
    i._printf_pre_padding                    0x08002b48   Section        0  printfa.o(i._printf_pre_padding)
    _printf_pre_padding                      0x08002b49   Thumb Code    46  printfa.o(i._printf_pre_padding)
    i._sputc                                 0x08002b76   Section        0  printfa.o(i._sputc)
    _sputc                                   0x08002b77   Thumb Code    10  printfa.o(i._sputc)
    i.main                                   0x08002b80   Section        0  main.o(i.main)
    .constdata                               0x08002bac   Section       34  lockcode.o(.constdata)
    .constdata                               0x08002bce   Section      512  cheakout.o(.constdata)
    .constdata                               0x08002dd0   Section    53244  main.o(.constdata)
    .conststring                             0x0800fdcc   Section       46  main.o(.conststring)
    .data                                    0x20000000   Section       20  usart_driver.o(.data)
    .data                                    0x20000014   Section        2  gpio_driver.o(.data)
    .data                                    0x20000018   Section       37  tos.o(.data)
    Count                                    0x20000034   Data           1  tos.o(.data)
    i                                        0x20000035   Data           1  tos.o(.data)
    Pool                                     0x20000038   Data           4  tos.o(.data)
    Use                                      0x2000003c   Data           1  tos.o(.data)
    .data                                    0x20000040   Section        8  tos_device.o(.data)
    .data                                    0x20000048   Section        4  tos_mema.o(.data)
    .data                                    0x2000004c   Section        4  tos_timer.o(.data)
    .data                                    0x20000050   Section        7  debug.o(.data)
    .data                                    0x20000057   Section        2  main.o(.data)
    .bss                                     0x2000005c   Section       60  usart_driver.o(.bss)
    .bss                                     0x20000098   Section    14000  tos_mema.o(.bss)
    STACK                                    0x20003748   Section     1024  startup_stm32f10x_ld.o(STACK)

    Global Symbols

    Symbol Name                              Value     Ov Type        Size  Object(Section)

    BuildAttributes$$THM_ISAv4$P$D$K$B$S$PE$A:L22UL41UL21$X:L11$S22US41US21$IEEE1$IW$USESV6$~STKCKD$USESV7$~SHL$OTIME$ROPI$IEEEX$EBA8$MICROLIB$REQ8$PRES8$EABIv2 0x00000000   Number         0  anon$$obj.o ABSOLUTE
    __ARM_use_no_argv                        0x00000000   Number         0  main.o ABSOLUTE
    __cpp_initialize__aeabi_                  - Undefined Weak Reference
    __cxa_finalize                            - Undefined Weak Reference
    __decompress                              - Undefined Weak Reference
    _clock_init                               - Undefined Weak Reference
    _microlib_exit                            - Undefined Weak Reference
    __Vectors_Size                           0x000000ec   Number         0  startup_stm32f10x_ld.o ABSOLUTE
    __Vectors                                0x08000000   Data           4  startup_stm32f10x_ld.o(RESET)
    __Vectors_End                            0x080000ec   Data           0  startup_stm32f10x_ld.o(RESET)
    __main                                   0x080000ed   Thumb Code     0  entry.o(.ARM.Collect$$$$00000000)
    _main_stk                                0x080000ed   Thumb Code     0  entry2.o(.ARM.Collect$$$$00000001)
    _main_scatterload                        0x080000f1   Thumb Code     0  entry5.o(.ARM.Collect$$$$00000004)
    __main_after_scatterload                 0x080000f5   Thumb Code     0  entry5.o(.ARM.Collect$$$$00000004)
    _main_clock                              0x080000f5   Thumb Code     0  entry7b.o(.ARM.Collect$$$$00000008)
    _main_cpp_init                           0x080000f5   Thumb Code     0  entry8b.o(.ARM.Collect$$$$0000000A)
    _main_init                               0x080000f5   Thumb Code     0  entry9a.o(.ARM.Collect$$$$0000000B)
    __rt_final_cpp                           0x080000fd   Thumb Code     0  entry10a.o(.ARM.Collect$$$$0000000D)
    __rt_final_exit                          0x080000fd   Thumb Code     0  entry11a.o(.ARM.Collect$$$$0000000F)
    Reset_Handler                            0x08000101   Thumb Code     8  startup_stm32f10x_ld.o(.text)
    ADC1_2_IRQHandler                        0x0800011b   Thumb Code     0  startup_stm32f10x_ld.o(.text)
    CAN1_RX1_IRQHandler                      0x0800011b   Thumb Code     0  startup_stm32f10x_ld.o(.text)
    CAN1_SCE_IRQHandler                      0x0800011b   Thumb Code     0  startup_stm32f10x_ld.o(.text)
    DMA1_Channel1_IRQHandler                 0x0800011b   Thumb Code     0  startup_stm32f10x_ld.o(.text)
    DMA1_Channel2_IRQHandler                 0x0800011b   Thumb Code     0  startup_stm32f10x_ld.o(.text)
    DMA1_Channel3_IRQHandler                 0x0800011b   Thumb Code     0  startup_stm32f10x_ld.o(.text)
    DMA1_Channel4_IRQHandler                 0x0800011b   Thumb Code     0  startup_stm32f10x_ld.o(.text)
    DMA1_Channel5_IRQHandler                 0x0800011b   Thumb Code     0  startup_stm32f10x_ld.o(.text)
    DMA1_Channel6_IRQHandler                 0x0800011b   Thumb Code     0  startup_stm32f10x_ld.o(.text)
    DMA1_Channel7_IRQHandler                 0x0800011b   Thumb Code     0  startup_stm32f10x_ld.o(.text)
    EXTI0_IRQHandler                         0x0800011b   Thumb Code     0  startup_stm32f10x_ld.o(.text)
    EXTI15_10_IRQHandler                     0x0800011b   Thumb Code     0  startup_stm32f10x_ld.o(.text)
    EXTI1_IRQHandler                         0x0800011b   Thumb Code     0  startup_stm32f10x_ld.o(.text)
    EXTI2_IRQHandler                         0x0800011b   Thumb Code     0  startup_stm32f10x_ld.o(.text)
    EXTI3_IRQHandler                         0x0800011b   Thumb Code     0  startup_stm32f10x_ld.o(.text)
    EXTI4_IRQHandler                         0x0800011b   Thumb Code     0  startup_stm32f10x_ld.o(.text)
    EXTI9_5_IRQHandler                       0x0800011b   Thumb Code     0  startup_stm32f10x_ld.o(.text)
    FLASH_IRQHandler                         0x0800011b   Thumb Code     0  startup_stm32f10x_ld.o(.text)
    I2C1_ER_IRQHandler                       0x0800011b   Thumb Code     0  startup_stm32f10x_ld.o(.text)
    I2C1_EV_IRQHandler                       0x0800011b   Thumb Code     0  startup_stm32f10x_ld.o(.text)
    PVD_IRQHandler                           0x0800011b   Thumb Code     0  startup_stm32f10x_ld.o(.text)
    RCC_IRQHandler                           0x0800011b   Thumb Code     0  startup_stm32f10x_ld.o(.text)
    RTCAlarm_IRQHandler                      0x0800011b   Thumb Code     0  startup_stm32f10x_ld.o(.text)
    RTC_IRQHandler                           0x0800011b   Thumb Code     0  startup_stm32f10x_ld.o(.text)
    SPI1_IRQHandler                          0x0800011b   Thumb Code     0  startup_stm32f10x_ld.o(.text)
    TAMPER_IRQHandler                        0x0800011b   Thumb Code     0  startup_stm32f10x_ld.o(.text)
    TIM1_BRK_IRQHandler                      0x0800011b   Thumb Code     0  startup_stm32f10x_ld.o(.text)
    TIM1_CC_IRQHandler                       0x0800011b   Thumb Code     0  startup_stm32f10x_ld.o(.text)
    TIM1_TRG_COM_IRQHandler                  0x0800011b   Thumb Code     0  startup_stm32f10x_ld.o(.text)
    TIM1_UP_IRQHandler                       0x0800011b   Thumb Code     0  startup_stm32f10x_ld.o(.text)
    TIM2_IRQHandler                          0x0800011b   Thumb Code     0  startup_stm32f10x_ld.o(.text)
    TIM3_IRQHandler                          0x0800011b   Thumb Code     0  startup_stm32f10x_ld.o(.text)
    USB_HP_CAN1_TX_IRQHandler                0x0800011b   Thumb Code     0  startup_stm32f10x_ld.o(.text)
    USB_LP_CAN1_RX0_IRQHandler               0x0800011b   Thumb Code     0  startup_stm32f10x_ld.o(.text)
    WWDG_IRQHandler                          0x0800011b   Thumb Code     0  startup_stm32f10x_ld.o(.text)
    __aeabi_dadd                             0x08000125   Thumb Code   322  dadd.o(.text)
    __aeabi_dsub                             0x08000267   Thumb Code     6  dadd.o(.text)
    __aeabi_drsub                            0x0800026d   Thumb Code     6  dadd.o(.text)
    __aeabi_dmul                             0x08000273   Thumb Code   228  dmul.o(.text)
    __aeabi_ddiv                             0x08000357   Thumb Code   222  ddiv.o(.text)
    __aeabi_d2iz                             0x08000435   Thumb Code    62  dfixi.o(.text)
    __aeabi_uidiv                            0x08000473   Thumb Code     0  uidiv.o(.text)
    __aeabi_uidivmod                         0x08000473   Thumb Code    44  uidiv.o(.text)
    __aeabi_uldivmod                         0x0800049f   Thumb Code    98  uldiv.o(.text)
    __aeabi_llsl                             0x08000501   Thumb Code    30  llshl.o(.text)
    _ll_shift_l                              0x08000501   Thumb Code     0  llshl.o(.text)
    __aeabi_llsr                             0x0800051f   Thumb Code    32  llushr.o(.text)
    _ll_ushift_r                             0x0800051f   Thumb Code     0  llushr.o(.text)
    __aeabi_lasr                             0x0800053f   Thumb Code    36  llsshr.o(.text)
    _ll_sshift_r                             0x0800053f   Thumb Code     0  llsshr.o(.text)
    __I$use$fp                               0x08000563   Thumb Code     0  iusefp.o(.text)
    _double_round                            0x08000563   Thumb Code    30  depilogue.o(.text)
    _double_epilogue                         0x08000581   Thumb Code   156  depilogue.o(.text)
    __aeabi_d2ulz                            0x0800061d   Thumb Code    48  dfixul.o(.text)
    __aeabi_cdrcmple                         0x0800064d   Thumb Code    48  cdrcmple.o(.text)
    __scatterload                            0x0800067d   Thumb Code    28  init.o(.text)
    __scatterload_rt2                        0x0800067d   Thumb Code     0  init.o(.text)
    TOS_ContextSwitch                        0x080006a1   Thumb Code     0  tos_core_a.o(TOS_CORE_A)
    TOS_SwitchToTask                         0x080006d3   Thumb Code     0  tos_core_a.o(TOS_CORE_A)
    App_DisCoppy                             0x080006f1   Thumb Code    58  lockcode.o(i.App_DisCoppy)
    BareDelay                                0x08000735   Thumb Code    26  stm32_cpu.o(i.BareDelay)
    BusFault_Handler                         0x0800074f   Thumb Code     4  stm32f10x_it.o(i.BusFault_Handler)
    DeBug                                    0x08000755   Thumb Code   360  debug.o(i.DeBug)
    DebugMon_Handler                         0x080008e1   Thumb Code     2  stm32f10x_it.o(i.DebugMon_Handler)
    DeviceList_Init                          0x080008e5   Thumb Code   112  tos_device.o(i.DeviceList_Init)
    DeviceMount_GPIO                         0x08000965   Thumb Code   180  gpio_driver.o(i.DeviceMount_GPIO)
    DeviceMount_LCD                          0x08000a31   Thumb Code   130  main.o(i.DeviceMount_LCD)
    Device_Init                              0x08000ac9   Thumb Code   152  tos_device.o(i.Device_Init)
    Device_Ok                                0x08000b81   Thumb Code    30  tos_device.o(i.Device_Ok)
    EXTI_ClearITPendingBit                   0x08000ba5   Thumb Code     6  stm32f10x_exti.o(i.EXTI_ClearITPendingBit)
    FLASH_GetBank1Status                     0x08000bb1   Thumb Code    48  stm32f10x_flash.o(i.FLASH_GetBank1Status)
    FLASH_Lock                               0x08000be5   Thumb Code    14  stm32f10x_flash.o(i.FLASH_Lock)
    FLASH_ProgramHalfWord                    0x08000bf9   Thumb Code    60  stm32f10x_flash.o(i.FLASH_ProgramHalfWord)
    FLASH_Unlock                             0x08000c39   Thumb Code    12  stm32f10x_flash.o(i.FLASH_Unlock)
    FLASH_WaitForLastOperation               0x08000c51   Thumb Code    38  stm32f10x_flash.o(i.FLASH_WaitForLastOperation)
    FlowPoolFilter                           0x08000c77   Thumb Code    58  text.o(i.FlowPoolFilter)
    GPIO_Init                                0x08000cb1   Thumb Code   278  stm32f10x_gpio.o(i.GPIO_Init)
    GPIO_InitList                            0x08000dc9   Thumb Code   126  stm32_cpu.o(i.GPIO_InitList)
    GPIO_PinRemapConfig                      0x08000e51   Thumb Code   138  stm32f10x_gpio.o(i.GPIO_PinRemapConfig)
    GPIO_ResetBits                           0x08000ee1   Thumb Code     4  stm32f10x_gpio.o(i.GPIO_ResetBits)
    GPIO_Set                                 0x08000ee5   Thumb Code    30  gpio_driver.o(i.GPIO_Set)
    GPIO_SetBits                             0x08000f03   Thumb Code     4  stm32f10x_gpio.o(i.GPIO_SetBits)
    GPIO_SetIndex                            0x08000f09   Thumb Code    44  gpio_driver.o(i.GPIO_SetIndex)
    GetChar_List                             0x08000f3d   Thumb Code   128  debug.o(i.GetChar_List)
    GetTextLength                            0x08000fbd   Thumb Code    24  text.o(i.GetTextLength)
    HardFault_Handler                        0x08000fd5   Thumb Code     8  stm32f10x_it.o(i.HardFault_Handler)
    IAP_Lock                                 0x08000fdd   Thumb Code     8  stm32_cpu.o(i.IAP_Lock)
    IAP_ProgramHalfWord                      0x08000fe5   Thumb Code    16  stm32_cpu.o(i.IAP_ProgramHalfWord)
    IAP_Unlock                               0x08000ff5   Thumb Code     8  stm32_cpu.o(i.IAP_Unlock)
    IWDG_Configuration                       0x08000ffd   Thumb Code    34  stm32_cpu.o(i.IWDG_Configuration)
    IWDG_Enable                              0x08001021   Thumb Code    10  stm32f10x_iwdg.o(i.IWDG_Enable)
    IWDG_ReloadCounter                       0x08001031   Thumb Code    10  stm32f10x_iwdg.o(i.IWDG_ReloadCounter)
    IWDG_SetPrescaler                        0x08001041   Thumb Code     6  stm32f10x_iwdg.o(i.IWDG_SetPrescaler)
    IWDG_SetReload                           0x0800104d   Thumb Code     6  stm32f10x_iwdg.o(i.IWDG_SetReload)
    IWDG_WriteAccessCmd                      0x08001059   Thumb Code     6  stm32f10x_iwdg.o(i.IWDG_WriteAccessCmd)
    LCD_Init                                 0x08001065   Thumb Code   526  main.o(i.LCD_Init)
    Lcd_Clear                                0x0800127d   Thumb Code    66  main.o(i.Lcd_Clear)
    Lcd_DrawBMP                              0x080012cd   Thumb Code   124  main.o(i.Lcd_DrawBMP)
    Lcd_SetRegion                            0x08001355   Thumb Code    94  main.o(i.Lcd_SetRegion)
    Lcd_WriteData                            0x080013b3   Thumb Code    14  main.o(i.Lcd_WriteData)
    Lcd_WriteIndex                           0x080013c1   Thumb Code    14  main.o(i.Lcd_WriteIndex)
    MCU_Reset                                0x080013d1   Thumb Code    32  stm32_cpu.o(i.MCU_Reset)
    MemManage_Handler                        0x080013f9   Thumb Code     4  stm32f10x_it.o(i.MemManage_Handler)
    Mema_Free                                0x080013fd   Thumb Code    44  tos_mema.o(i.Mema_Free)
    Mema_Init                                0x0800142d   Thumb Code    22  tos_mema.o(i.Mema_Init)
    Mema_Malloc                              0x08001449   Thumb Code    72  tos_mema.o(i.Mema_Malloc)
    NMI_Handler                              0x08001495   Thumb Code     2  stm32f10x_it.o(i.NMI_Handler)
    PendSV_Handler                           0x08001497   Thumb Code     2  stm32f10x_it.o(i.PendSV_Handler)
    RCC_APB2PeriphClockCmd                   0x08001499   Thumb Code    26  stm32f10x_rcc.o(i.RCC_APB2PeriphClockCmd)
    Remap_SWJ_JTAGDisable                    0x080014b9   Thumb Code    12  stm32_cpu.o(i.Remap_SWJ_JTAGDisable)
    SPI_Cmd                                  0x080014c9   Thumb Code    24  stm32f10x_spi.o(i.SPI_Cmd)
    SPI_Delay                                0x080014e1   Thumb Code    12  main.o(i.SPI_Delay)
    SPI_Hand_Init                            0x080014ed   Thumb Code   150  main.o(i.SPI_Hand_Init)
    SPI_I2S_GetFlagStatus                    0x08001591   Thumb Code    18  stm32f10x_spi.o(i.SPI_I2S_GetFlagStatus)
    SPI_I2S_SendData                         0x080015a3   Thumb Code     4  stm32f10x_spi.o(i.SPI_I2S_SendData)
    SPI_Init                                 0x080015a7   Thumb Code    60  stm32f10x_spi.o(i.SPI_Init)
    SPI_SSOutputCmd                          0x080015e3   Thumb Code    24  stm32f10x_spi.o(i.SPI_SSOutputCmd)
    SPI_SendByte                             0x080015fd   Thumb Code    62  main.o(i.SPI_SendByte)
    SVC_Handler                              0x08001645   Thumb Code     2  stm32f10x_it.o(i.SVC_Handler)
    SetSysClock                              0x08001647   Thumb Code     8  system_stm32f10x.o(i.SetSysClock)
    StringEndingAppend                       0x08001731   Thumb Code    66  text.o(i.StringEndingAppend)
    SysTick_Handler                          0x08001773   Thumb Code     8  stm32f10x_it.o(i.SysTick_Handler)
    SysTick_Set                              0x0800177d   Thumb Code    74  stm32_cpu.o(i.SysTick_Set)
    SystemInit                               0x080017d5   Thumb Code    78  system_stm32f10x.o(i.SystemInit)
    Task0                                    0x08001835   Thumb Code    46  main.o(i.Task0)
    Task1                                    0x08001869   Thumb Code    32  main.o(i.Task1)
    Task2                                    0x08001889   Thumb Code   110  main.o(i.Task2)
    Task3                                    0x08001911   Thumb Code    60  main.o(i.Task3)
    Task4                                    0x08001951   Thumb Code   208  main.o(i.Task4)
    Task5                                    0x08001a2d   Thumb Code    36  main.o(i.Task5)
    Tools_GetCRC16                           0x08001a59   Thumb Code    56  cheakout.o(i.Tools_GetCRC16)
    Tos_ComputeCPURate                       0x08001a99   Thumb Code    68  tos.o(i.Tos_ComputeCPURate)
    Tos_Init                                 0x08001af5   Thumb Code   132  tos.o(i.Tos_Init)
    Tos_ListCreate                           0x08001b8d   Thumb Code    32  tos.o(i.Tos_ListCreate)
    Tos_RootTask                             0x08001bad   Thumb Code    38  tos.o(i.Tos_RootTask)
    Tos_ScanTimer                            0x08001bd5   Thumb Code    52  tos_timer.o(i.Tos_ScanTimer)
    Tos_Start                                0x08001c0d   Thumb Code    32  tos.o(i.Tos_Start)
    Tos_SysTick                              0x08001c3d   Thumb Code    42  tos.o(i.Tos_SysTick)
    Tos_TaskCreate                           0x08001c85   Thumb Code   204  tos.o(i.Tos_TaskCreate)
    Tos_TaskCreateFindID                     0x08001d55   Thumb Code    94  tos.o(i.Tos_TaskCreateFindID)
    Tos_TaskDelay                            0x08001db9   Thumb Code    84  tos.o(i.Tos_TaskDelay)
    Tos_TaskReady                            0x08001e19   Thumb Code   184  tos.o(i.Tos_TaskReady)
    Tos_TaskRun                              0x08001ed9   Thumb Code    66  tos.o(i.Tos_TaskRun)
    Tos_TaskStackInit                        0x08001f2d   Thumb Code   110  tos.o(i.Tos_TaskStackInit)
    Tos_TaskStart                            0x08001f9d   Thumb Code    28  tos.o(i.Tos_TaskStart)
    Tos_TaskSwitch                           0x08001fc1   Thumb Code   148  tos.o(i.Tos_TaskSwitch)
    Tos_TaskTcbInit                          0x08002061   Thumb Code    18  tos.o(i.Tos_TaskTcbInit)
    Tos_TaskTimeout                          0x08002075   Thumb Code    78  tos.o(i.Tos_TaskTimeout)
    Tos_TimerReady                           0x080020c9   Thumb Code    78  tos_timer.o(i.Tos_TimerReady)
    USART1_IRQHandler                        0x0800211d   Thumb Code    76  usart_driver.o(i.USART1_IRQHandler)
    USART2_IRQHandler                        0x0800217d   Thumb Code    76  usart_driver.o(i.USART2_IRQHandler)
    USART_ClearITPendingBit                  0x080021dd   Thumb Code    30  stm32f10x_usart.o(i.USART_ClearITPendingBit)
    USART_GetITStatus                        0x080021fb   Thumb Code    84  stm32f10x_usart.o(i.USART_GetITStatus)
    USART_WriteDatas                         0x0800224f   Thumb Code    34  usart_driver.o(i.USART_WriteDatas)
    USBWakeUp_IRQHandler                     0x08002271   Thumb Code    12  stm32f10x_it.o(i.USBWakeUp_IRQHandler)
    UsageFault_Handler                       0x0800227d   Thumb Code     4  stm32f10x_it.o(i.UsageFault_Handler)
    __0vsprintf                              0x08002281   Thumb Code    30  printfa.o(i.__0vsprintf)
    __1vsprintf                              0x08002281   Thumb Code     0  printfa.o(i.__0vsprintf)
    __2vsprintf                              0x08002281   Thumb Code     0  printfa.o(i.__0vsprintf)
    __c89vsprintf                            0x08002281   Thumb Code     0  printfa.o(i.__0vsprintf)
    vsprintf                                 0x08002281   Thumb Code     0  printfa.o(i.__0vsprintf)
    __scatterload_copy                       0x080022a5   Thumb Code    14  handlers.o(i.__scatterload_copy)
    __scatterload_null                       0x080022b3   Thumb Code     2  handlers.o(i.__scatterload_null)
    __scatterload_zeroinit                   0x080022b5   Thumb Code    14  handlers.o(i.__scatterload_zeroinit)
    main                                     0x08002b81   Thumb Code    30  main.o(i.main)
    CodeTab                                  0x08002bac   Data          32  lockcode.o(.constdata)
    DisCode                                  0x08002bcc   Data           2  lockcode.o(.constdata)
    Crc16_TableH                             0x08002bce   Data         256  cheakout.o(.constdata)
    Crc16_TableL                             0x08002cce   Data         256  cheakout.o(.constdata)
    gImage_Temp                              0x08002dd0   Data       25608  main.o(.constdata)
    gImage_centerbar                         0x080091d8   Data        1608  main.o(.constdata)
    gImage_topbar                            0x08009820   Data         332  main.o(.constdata)
    gImage_buttonbar                         0x0800996c   Data         118  main.o(.constdata)
    gImage_gear1                             0x080099e2   Data         976  main.o(.constdata)
    gImage_gear3                             0x08009db2   Data         976  main.o(.constdata)
    gImage_bat1                              0x0800a182   Data         710  main.o(.constdata)
    gImage_bat2                              0x0800a448   Data         710  main.o(.constdata)
    gImage_bat3                              0x0800a70e   Data         710  main.o(.constdata)
    gImage_bat4                              0x0800a9d4   Data         710  main.o(.constdata)
    gImage_bat5                              0x0800ac9a   Data         710  main.o(.constdata)
    gImage_bat6                              0x0800af60   Data         710  main.o(.constdata)
    gImage_block1                            0x0800b226   Data        9608  main.o(.constdata)
    gImage_block2                            0x0800d7ae   Data        9608  main.o(.constdata)
    TaskList                                 0x0800fd38   Data         112  main.o(.constdata)
    IO_Control_List                          0x0800fda8   Data          36  main.o(.constdata)
    Region$$Table$$Base                      0x0800fdfc   Number         0  anon$$obj.o(Region$$Table)
    Region$$Table$$Limit                     0x0800fe1c   Number         0  anon$$obj.o(Region$$Table)
    DeviceId_USART_TX                        0x20000000   Data           5  usart_driver.o(.data)
    DeviceId_USART_RX                        0x20000005   Data           5  usart_driver.o(.data)
    USART_TX_TaskID                          0x2000000a   Data           5  usart_driver.o(.data)
    USART_RX_TaskID                          0x2000000f   Data           5  usart_driver.o(.data)
    DeviceId_GPIO                            0x20000014   Data           1  gpio_driver.o(.data)
    SelectPin                                0x20000015   Data           1  gpio_driver.o(.data)
    guiNextTaskSp                            0x20000018   Data           4  tos.o(.data)
    gpuiCurTaskSpAddr                        0x2000001c   Data           4  tos.o(.data)
    Tos_CPUInfor                             0x20000020   Data           8  tos.o(.data)
    Tos_TaskCurrent                          0x20000028   Data           1  tos.o(.data)
    Tos_TaskTcb                              0x2000002c   Data           4  tos.o(.data)
    Tos_TaskStackIndex                       0x20000030   Data           4  tos.o(.data)
    DeviceId_Index                           0x20000040   Data           1  tos_device.o(.data)
    Tos_Device_Tab                           0x20000044   Data           4  tos_device.o(.data)
    RootMema                                 0x20000048   Data           4  tos_mema.o(.data)
    Tos_Timer_P                              0x2000004c   Data           4  tos_timer.o(.data)
    DeBug_CB                                 0x20000050   Data           4  debug.o(.data)
    DeBug_EN                                 0x20000054   Data           1  debug.o(.data)
    DeBug_Out                                0x20000055   Data           1  debug.o(.data)
    DeBug_Type                               0x20000056   Data           1  debug.o(.data)
    KeyCode_Tos_TaskID                       0x20000057   Data           1  main.o(.data)
    DeviceId_W25Q16                          0x20000058   Data           1  main.o(.data)
    USART_RX_Buffer                          0x2000005c   Data          20  usart_driver.o(.bss)
    USART_TX_Buffer                          0x20000070   Data          20  usart_driver.o(.bss)
    USART_RX_Count                           0x20000084   Data          10  usart_driver.o(.bss)
    USART_RX_Index                           0x2000008e   Data          10  usart_driver.o(.bss)
    MemBuf                                   0x20000098   Data       14000  tos_mema.o(.bss)
    __initial_sp                             0x20003b48   Data           0  startup_stm32f10x_ld.o(STACK)



==============================================================================

Memory Map of the image

  Image Entry point : 0x080000ed

  Load Region LR_IROM1 (Base: 0x08000000, Size: 0x0000fe78, Max: 0x00010000, ABSOLUTE)

    Execution Region ER_IROM1 (Exec base: 0x08000000, Load base: 0x08000000, Size: 0x0000fe1c, Max: 0x00010000, ABSOLUTE)

    Exec Addr    Load Addr    Size         Type   Attr      Idx    E Section Name        Object

    0x08000000   0x08000000   0x000000ec   Data   RO         3219    RESET               startup_stm32f10x_ld.o
    0x080000ec   0x080000ec   0x00000000   Code   RO         5271  * .ARM.Collect$$$$00000000  mc_w.l(entry.o)
    0x080000ec   0x080000ec   0x00000004   Code   RO         5366    .ARM.Collect$$$$00000001  mc_w.l(entry2.o)
    0x080000f0   0x080000f0   0x00000004   Code   RO         5369    .ARM.Collect$$$$00000004  mc_w.l(entry5.o)
    0x080000f4   0x080000f4   0x00000000   Code   RO         5371    .ARM.Collect$$$$00000008  mc_w.l(entry7b.o)
    0x080000f4   0x080000f4   0x00000000   Code   RO         5373    .ARM.Collect$$$$0000000A  mc_w.l(entry8b.o)
    0x080000f4   0x080000f4   0x00000008   Code   RO         5374    .ARM.Collect$$$$0000000B  mc_w.l(entry9a.o)
    0x080000fc   0x080000fc   0x00000000   Code   RO         5376    .ARM.Collect$$$$0000000D  mc_w.l(entry10a.o)
    0x080000fc   0x080000fc   0x00000000   Code   RO         5378    .ARM.Collect$$$$0000000F  mc_w.l(entry11a.o)
    0x080000fc   0x080000fc   0x00000004   Code   RO         5367    .ARM.Collect$$$$00002712  mc_w.l(entry2.o)
    0x08000100   0x08000100   0x00000024   Code   RO         3220    .text               startup_stm32f10x_ld.o
    0x08000124   0x08000124   0x0000014e   Code   RO         5308    .text               mf_w.l(dadd.o)
    0x08000272   0x08000272   0x000000e4   Code   RO         5310    .text               mf_w.l(dmul.o)
    0x08000356   0x08000356   0x000000de   Code   RO         5312    .text               mf_w.l(ddiv.o)
    0x08000434   0x08000434   0x0000003e   Code   RO         5326    .text               mf_w.l(dfixi.o)
    0x08000472   0x08000472   0x0000002c   Code   RO         5383    .text               mc_w.l(uidiv.o)
    0x0800049e   0x0800049e   0x00000062   Code   RO         5385    .text               mc_w.l(uldiv.o)
    0x08000500   0x08000500   0x0000001e   Code   RO         5387    .text               mc_w.l(llshl.o)
    0x0800051e   0x0800051e   0x00000020   Code   RO         5389    .text               mc_w.l(llushr.o)
    0x0800053e   0x0800053e   0x00000024   Code   RO         5391    .text               mc_w.l(llsshr.o)
    0x08000562   0x08000562   0x00000000   Code   RO         5400    .text               mc_w.l(iusefp.o)
    0x08000562   0x08000562   0x000000ba   Code   RO         5403    .text               mf_w.l(depilogue.o)
    0x0800061c   0x0800061c   0x00000030   Code   RO         5405    .text               mf_w.l(dfixul.o)
    0x0800064c   0x0800064c   0x00000030   Code   RO         5407    .text               mf_w.l(cdrcmple.o)
    0x0800067c   0x0800067c   0x00000024   Code   RO         5413    .text               mc_w.l(init.o)
    0x080006a0   0x080006a0   0x00000050   Code   RO         4226    TOS_CORE_A          tos_core_a.o
    0x080006f0   0x080006f0   0x00000044   Code   RO         3818    i.App_DisCoppy      lockcode.o
    0x08000734   0x08000734   0x0000001a   Code   RO         3540    i.BareDelay         stm32_cpu.o
    0x0800074e   0x0800074e   0x00000004   Code   RO         3076    i.BusFault_Handler  stm32f10x_it.o
    0x08000752   0x08000752   0x00000002   PAD
    0x08000754   0x08000754   0x0000018c   Code   RO         4229    i.DeBug             debug.o
    0x080008e0   0x080008e0   0x00000002   Code   RO         3077    i.DebugMon_Handler  stm32f10x_it.o
    0x080008e2   0x080008e2   0x00000002   PAD
    0x080008e4   0x080008e4   0x00000080   Code   RO         4061    i.DeviceList_Init   tos_device.o
    0x08000964   0x08000964   0x000000cc   Code   RO         3748    i.DeviceMount_GPIO  gpio_driver.o
    0x08000a30   0x08000a30   0x00000098   Code   RO         5017    i.DeviceMount_LCD   main.o
    0x08000ac8   0x08000ac8   0x000000b8   Code   RO         4065    i.Device_Init       tos_device.o
    0x08000b80   0x08000b80   0x00000024   Code   RO         4066    i.Device_Ok         tos_device.o
    0x08000ba4   0x08000ba4   0x0000000c   Code   RO          860    i.EXTI_ClearITPendingBit  stm32f10x_exti.o
    0x08000bb0   0x08000bb0   0x00000034   Code   RO          922    i.FLASH_GetBank1Status  stm32f10x_flash.o
    0x08000be4   0x08000be4   0x00000014   Code   RO          931    i.FLASH_Lock        stm32f10x_flash.o
    0x08000bf8   0x08000bf8   0x00000040   Code   RO          934    i.FLASH_ProgramHalfWord  stm32f10x_flash.o
    0x08000c38   0x08000c38   0x00000018   Code   RO          939    i.FLASH_Unlock      stm32f10x_flash.o
    0x08000c50   0x08000c50   0x00000026   Code   RO          943    i.FLASH_WaitForLastOperation  stm32f10x_flash.o
    0x08000c76   0x08000c76   0x0000003a   Code   RO         4356    i.FlowPoolFilter    text.o
    0x08000cb0   0x08000cb0   0x00000116   Code   RO         1222    i.GPIO_Init         stm32f10x_gpio.o
    0x08000dc6   0x08000dc6   0x00000002   PAD
    0x08000dc8   0x08000dc8   0x00000088   Code   RO         3542    i.GPIO_InitList     stm32_cpu.o
    0x08000e50   0x08000e50   0x00000090   Code   RO         1224    i.GPIO_PinRemapConfig  stm32f10x_gpio.o
    0x08000ee0   0x08000ee0   0x00000004   Code   RO         1229    i.GPIO_ResetBits    stm32f10x_gpio.o
    0x08000ee4   0x08000ee4   0x0000001e   Code   RO         3753    i.GPIO_Set          gpio_driver.o
    0x08000f02   0x08000f02   0x00000004   Code   RO         1230    i.GPIO_SetBits      stm32f10x_gpio.o
    0x08000f06   0x08000f06   0x00000002   PAD
    0x08000f08   0x08000f08   0x00000034   Code   RO         3755    i.GPIO_SetIndex     gpio_driver.o
    0x08000f3c   0x08000f3c   0x00000080   Code   RO         4235    i.GetChar_List      debug.o
    0x08000fbc   0x08000fbc   0x00000018   Code   RO         4368    i.GetTextLength     text.o
    0x08000fd4   0x08000fd4   0x00000008   Code   RO         3078    i.HardFault_Handler  stm32f10x_it.o
    0x08000fdc   0x08000fdc   0x00000008   Code   RO         3550    i.IAP_Lock          stm32_cpu.o
    0x08000fe4   0x08000fe4   0x00000010   Code   RO         3551    i.IAP_ProgramHalfWord  stm32_cpu.o
    0x08000ff4   0x08000ff4   0x00000008   Code   RO         3552    i.IAP_Unlock        stm32_cpu.o
    0x08000ffc   0x08000ffc   0x00000022   Code   RO         3553    i.IWDG_Configuration  stm32_cpu.o
    0x0800101e   0x0800101e   0x00000002   PAD
    0x08001020   0x08001020   0x00000010   Code   RO         1537    i.IWDG_Enable       stm32f10x_iwdg.o
    0x08001030   0x08001030   0x00000010   Code   RO         1539    i.IWDG_ReloadCounter  stm32f10x_iwdg.o
    0x08001040   0x08001040   0x0000000c   Code   RO         1540    i.IWDG_SetPrescaler  stm32f10x_iwdg.o
    0x0800104c   0x0800104c   0x0000000c   Code   RO         1541    i.IWDG_SetReload    stm32f10x_iwdg.o
    0x08001058   0x08001058   0x0000000c   Code   RO         1542    i.IWDG_WriteAccessCmd  stm32f10x_iwdg.o
    0x08001064   0x08001064   0x00000218   Code   RO         5032    i.LCD_Init          main.o
    0x0800127c   0x0800127c   0x00000050   Code   RO         5034    i.Lcd_Clear         main.o
    0x080012cc   0x080012cc   0x00000088   Code   RO         5035    i.Lcd_DrawBMP       main.o
    0x08001354   0x08001354   0x0000005e   Code   RO         5036    i.Lcd_SetRegion     main.o
    0x080013b2   0x080013b2   0x0000000e   Code   RO         5037    i.Lcd_WriteData     main.o
    0x080013c0   0x080013c0   0x0000000e   Code   RO         5038    i.Lcd_WriteIndex    main.o
    0x080013ce   0x080013ce   0x00000002   PAD
    0x080013d0   0x080013d0   0x00000028   Code   RO         3555    i.MCU_Reset         stm32_cpu.o
    0x080013f8   0x080013f8   0x00000004   Code   RO         3079    i.MemManage_Handler  stm32f10x_it.o
    0x080013fc   0x080013fc   0x00000030   Code   RO         4137    i.Mema_Free         tos_mema.o
    0x0800142c   0x0800142c   0x0000001c   Code   RO         4139    i.Mema_Init         tos_mema.o
    0x08001448   0x08001448   0x0000004c   Code   RO         4140    i.Mema_Malloc       tos_mema.o
    0x08001494   0x08001494   0x00000002   Code   RO         3080    i.NMI_Handler       stm32f10x_it.o
    0x08001496   0x08001496   0x00000002   Code   RO         3081    i.PendSV_Handler    stm32f10x_it.o
    0x08001498   0x08001498   0x00000020   Code   RO         1649    i.RCC_APB2PeriphClockCmd  stm32f10x_rcc.o
    0x080014b8   0x080014b8   0x00000010   Code   RO         3565    i.Remap_SWJ_JTAGDisable  stm32_cpu.o
    0x080014c8   0x080014c8   0x00000018   Code   RO         2132    i.SPI_Cmd           stm32f10x_spi.o
    0x080014e0   0x080014e0   0x0000000c   Code   RO         5040    i.SPI_Delay         main.o
    0x080014ec   0x080014ec   0x000000a4   Code   RO         5041    i.SPI_Hand_Init     main.o
    0x08001590   0x08001590   0x00000012   Code   RO         2140    i.SPI_I2S_GetFlagStatus  stm32f10x_spi.o
    0x080015a2   0x080015a2   0x00000004   Code   RO         2144    i.SPI_I2S_SendData  stm32f10x_spi.o
    0x080015a6   0x080015a6   0x0000003c   Code   RO         2145    i.SPI_Init          stm32f10x_spi.o
    0x080015e2   0x080015e2   0x00000018   Code   RO         2147    i.SPI_SSOutputCmd   stm32f10x_spi.o
    0x080015fa   0x080015fa   0x00000002   PAD
    0x080015fc   0x080015fc   0x00000048   Code   RO         5042    i.SPI_SendByte      main.o
    0x08001644   0x08001644   0x00000002   Code   RO         3082    i.SVC_Handler       stm32f10x_it.o
    0x08001646   0x08001646   0x00000008   Code   RO         3175    i.SetSysClock       system_stm32f10x.o
    0x0800164e   0x0800164e   0x00000002   PAD
    0x08001650   0x08001650   0x000000e0   Code   RO         3176    i.SetSysClockTo72   system_stm32f10x.o
    0x08001730   0x08001730   0x00000042   Code   RO         4383    i.StringEndingAppend  text.o
    0x08001772   0x08001772   0x00000008   Code   RO         3083    i.SysTick_Handler   stm32f10x_it.o
    0x0800177a   0x0800177a   0x00000002   PAD
    0x0800177c   0x0800177c   0x00000058   Code   RO         3567    i.SysTick_Set       stm32_cpu.o
    0x080017d4   0x080017d4   0x00000060   Code   RO         3178    i.SystemInit        system_stm32f10x.o
    0x08001834   0x08001834   0x00000034   Code   RO         5044    i.Task0             main.o
    0x08001868   0x08001868   0x00000020   Code   RO         5045    i.Task1             main.o
    0x08001888   0x08001888   0x00000088   Code   RO         5046    i.Task2             main.o
    0x08001910   0x08001910   0x00000040   Code   RO         5047    i.Task3             main.o
    0x08001950   0x08001950   0x000000dc   Code   RO         5048    i.Task4             main.o
    0x08001a2c   0x08001a2c   0x0000002c   Code   RO         5049    i.Task5             main.o
    0x08001a58   0x08001a58   0x00000040   Code   RO         4784    i.Tools_GetCRC16    cheakout.o
    0x08001a98   0x08001a98   0x0000005c   Code   RO         3847    i.Tos_ComputeCPURate  tos.o
    0x08001af4   0x08001af4   0x00000098   Code   RO         3849    i.Tos_Init          tos.o
    0x08001b8c   0x08001b8c   0x00000020   Code   RO         3850    i.Tos_ListCreate    tos.o
    0x08001bac   0x08001bac   0x00000026   Code   RO         3851    i.Tos_RootTask      tos.o
    0x08001bd2   0x08001bd2   0x00000002   PAD
    0x08001bd4   0x08001bd4   0x00000038   Code   RO         4187    i.Tos_ScanTimer     tos_timer.o
    0x08001c0c   0x08001c0c   0x00000030   Code   RO         3853    i.Tos_Start         tos.o
    0x08001c3c   0x08001c3c   0x00000048   Code   RO         3854    i.Tos_SysTick       tos.o
    0x08001c84   0x08001c84   0x000000d0   Code   RO         3855    i.Tos_TaskCreate    tos.o
    0x08001d54   0x08001d54   0x00000064   Code   RO         3856    i.Tos_TaskCreateFindID  tos.o
    0x08001db8   0x08001db8   0x00000060   Code   RO         3858    i.Tos_TaskDelay     tos.o
    0x08001e18   0x08001e18   0x000000c0   Code   RO         3867    i.Tos_TaskReady     tos.o
    0x08001ed8   0x08001ed8   0x00000054   Code   RO         3870    i.Tos_TaskRun       tos.o
    0x08001f2c   0x08001f2c   0x0000006e   Code   RO         3872    i.Tos_TaskStackInit  tos.o
    0x08001f9a   0x08001f9a   0x00000002   PAD
    0x08001f9c   0x08001f9c   0x00000024   Code   RO         3873    i.Tos_TaskStart     tos.o
    0x08001fc0   0x08001fc0   0x000000a0   Code   RO         3876    i.Tos_TaskSwitch    tos.o
    0x08002060   0x08002060   0x00000012   Code   RO         3877    i.Tos_TaskTcbInit   tos.o
    0x08002072   0x08002072   0x00000002   PAD
    0x08002074   0x08002074   0x00000054   Code   RO         3878    i.Tos_TaskTimeout   tos.o
    0x080020c8   0x080020c8   0x00000054   Code   RO         4188    i.Tos_TimerReady    tos_timer.o
    0x0800211c   0x0800211c   0x00000060   Code   RO         3370    i.USART1_IRQHandler  usart_driver.o
    0x0800217c   0x0800217c   0x00000060   Code   RO         3371    i.USART2_IRQHandler  usart_driver.o
    0x080021dc   0x080021dc   0x0000001e   Code   RO         2826    i.USART_ClearITPendingBit  stm32f10x_usart.o
    0x080021fa   0x080021fa   0x00000054   Code   RO         2833    i.USART_GetITStatus  stm32f10x_usart.o
    0x0800224e   0x0800224e   0x00000022   Code   RO         3385    i.USART_WriteDatas  usart_driver.o
    0x08002270   0x08002270   0x0000000c   Code   RO         3084    i.USBWakeUp_IRQHandler  stm32f10x_it.o
    0x0800227c   0x0800227c   0x00000004   Code   RO         3085    i.UsageFault_Handler  stm32f10x_it.o
    0x08002280   0x08002280   0x00000024   Code   RO         5281    i.__0vsprintf       mc_w.l(printfa.o)
    0x080022a4   0x080022a4   0x0000000e   Code   RO         5421    i.__scatterload_copy  mc_w.l(handlers.o)
    0x080022b2   0x080022b2   0x00000002   Code   RO         5422    i.__scatterload_null  mc_w.l(handlers.o)
    0x080022b4   0x080022b4   0x0000000e   Code   RO         5423    i.__scatterload_zeroinit  mc_w.l(handlers.o)
    0x080022c2   0x080022c2   0x00000002   PAD
    0x080022c4   0x080022c4   0x00000184   Code   RO         5282    i._fp_digits        mc_w.l(printfa.o)
    0x08002448   0x08002448   0x000006dc   Code   RO         5283    i._printf_core      mc_w.l(printfa.o)
    0x08002b24   0x08002b24   0x00000024   Code   RO         5284    i._printf_post_padding  mc_w.l(printfa.o)
    0x08002b48   0x08002b48   0x0000002e   Code   RO         5285    i._printf_pre_padding  mc_w.l(printfa.o)
    0x08002b76   0x08002b76   0x0000000a   Code   RO         5287    i._sputc            mc_w.l(printfa.o)
    0x08002b80   0x08002b80   0x0000002c   Code   RO         5052    i.main              main.o
    0x08002bac   0x08002bac   0x00000022   Data   RO         3820    .constdata          lockcode.o
    0x08002bce   0x08002bce   0x00000200   Data   RO         4788    .constdata          cheakout.o
    0x08002dce   0x08002dce   0x00000002   PAD
    0x08002dd0   0x08002dd0   0x0000cffc   Data   RO         5054    .constdata          main.o
    0x0800fdcc   0x0800fdcc   0x0000002e   Data   RO         5055    .conststring        main.o
    0x0800fdfa   0x0800fdfa   0x00000002   PAD
    0x0800fdfc   0x0800fdfc   0x00000020   Data   RO         5419    Region$$Table       anon$$obj.o


    Execution Region RW_IRAM1 (Exec base: 0x20000000, Load base: 0x0800fe1c, Size: 0x00003b48, Max: 0x00005000, ABSOLUTE)

    Exec Addr    Load Addr    Size         Type   Attr      Idx    E Section Name        Object

    0x20000000   0x0800fe1c   0x00000014   Data   RW         3388    .data               usart_driver.o
    0x20000014   0x0800fe30   0x00000002   Data   RW         3758    .data               gpio_driver.o
    0x20000016   0x0800fe32   0x00000002   PAD
    0x20000018   0x0800fe34   0x00000025   Data   RW         3880    .data               tos.o
    0x2000003d   0x0800fe59   0x00000003   PAD
    0x20000040   0x0800fe5c   0x00000008   Data   RW         4069    .data               tos_device.o
    0x20000048   0x0800fe64   0x00000004   Data   RW         4142    .data               tos_mema.o
    0x2000004c   0x0800fe68   0x00000004   Data   RW         4189    .data               tos_timer.o
    0x20000050   0x0800fe6c   0x00000007   Data   RW         4236    .data               debug.o
    0x20000057   0x0800fe73   0x00000002   Data   RW         5056    .data               main.o
    0x20000059   0x0800fe75   0x00000003   PAD
    0x2000005c        -       0x0000003c   Zero   RW         3387    .bss                usart_driver.o
    0x20000098        -       0x000036b0   Zero   RW         4141    .bss                tos_mema.o
    0x20003748        -       0x00000400   Zero   RW         3217    STACK               startup_stm32f10x_ld.o


==============================================================================

Image component sizes


      Code (inc. data)   RO Data    RW Data    ZI Data      Debug   Object Name

        64          8        512          0          0       1233   cheakout.o
         0          0          0          0          0         32   core_cm3.o
       524         36          0          7          0       1748   debug.o
       286         32          0          2          0       2040   gpio_driver.o
        68         10         34          0          0       1137   lockcode.o
      1866        152      53290          2          0      11454   main.o
         0          0          0          0          0     222308   misc.o
         0          0          0          0          0        440   spi_driver.o
        36          8        236          0       1024        792   startup_stm32f10x_ld.o
       372         36          0          0          0      20268   stm32_cpu.o
        12          6          0          0          0        533   stm32f10x_exti.o
       198         26          0          0          0       9264   stm32f10x_flash.o
       430          6          0          0          0       3942   stm32f10x_gpio.o
        48          0          0          0          0       5599   stm32f10x_it.o
        68         30          0          0          0       2530   stm32f10x_iwdg.o
        32          6          0          0          0        581   stm32f10x_rcc.o
       130          0          0          0          0      10898   stm32f10x_spi.o
       114          0          0          0          0       8946   stm32f10x_usart.o
       328         28          0          0          0       3471   system_stm32f10x.o
       148          0          0          0          0       2198   text.o
      1522        164          0         37          0      10366   tos.o
        80         10          0          0          0        252   tos_core_a.o
       348         54          0          8          0       2988   tos_device.o
       152         14          0          4      14000       2452   tos_mema.o
       140         10          0          4          0       2063   tos_timer.o
       226         40          0         20         60       4147   usart_driver.o

    ----------------------------------------------------------------------
      7216        676      54108         92      15084     331682   Object Totals
         0          0         32          0          0          0   (incl. Generated)
        24          0          4          8          0          0   (incl. Padding)

    ----------------------------------------------------------------------

      Code (inc. data)   RO Data    RW Data    ZI Data      Debug   Library Member Name

         0          0          0          0          0          0   entry.o
         0          0          0          0          0          0   entry10a.o
         0          0          0          0          0          0   entry11a.o
         8          4          0          0          0          0   entry2.o
         4          0          0          0          0          0   entry5.o
         0          0          0          0          0          0   entry7b.o
         0          0          0          0          0          0   entry8b.o
         8          4          0          0          0          0   entry9a.o
        30          0          0          0          0          0   handlers.o
        36          8          0          0          0         68   init.o
         0          0          0          0          0          0   iusefp.o
        30          0          0          0          0         68   llshl.o
        36          0          0          0          0         68   llsshr.o
        32          0          0          0          0         68   llushr.o
      2272         86          0          0          0        516   printfa.o
        44          0          0          0          0         80   uidiv.o
        98          0          0          0          0         92   uldiv.o
        48          0          0          0          0         68   cdrcmple.o
       334          0          0          0          0        148   dadd.o
       222          0          0          0          0        100   ddiv.o
       186          0          0          0          0        176   depilogue.o
        62          0          0          0          0         80   dfixi.o
        48          0          0          0          0         68   dfixul.o
       228          0          0          0          0         96   dmul.o

    ----------------------------------------------------------------------
      3728        102          0          0          0       1696   Library Totals
         2          0          0          0          0          0   (incl. Padding)

    ----------------------------------------------------------------------

      Code (inc. data)   RO Data    RW Data    ZI Data      Debug   Library Name

      2598        102          0          0          0        960   mc_w.l
      1128          0          0          0          0        736   mf_w.l

    ----------------------------------------------------------------------
      3728        102          0          0          0       1696   Library Totals

    ----------------------------------------------------------------------

==============================================================================


      Code (inc. data)   RO Data    RW Data    ZI Data      Debug   

     10944        778      54108         92      15084     327654   Grand Totals
     10944        778      54108         92      15084     327654   ELF Image Totals
     10944        778      54108         92          0          0   ROM Totals

==============================================================================

    Total RO  Size (Code + RO Data)                65052 (  63.53kB)
    Total RW  Size (RW Data + ZI Data)             15176 (  14.82kB)
    Total ROM Size (Code + RO Data + RW Data)      65144 (  63.62kB)

==============================================================================

